Archive member included to satisfy reference by file (symbol)

C:/ST/STM32CubeIDE_1.19.0/STM32CubeIDE/plugins/com.st.stm32cube.ide.mcu.externaltools.gnu-tools-for-stm32.13.3.rel1.win32_1.0.0.202411081344/tools/bin/../lib/gcc/arm-none-eabi/13.3.1/../../../../arm-none-eabi/lib/thumb/v7e-m+dp/hard\libc_nano.a(libc_a-exit.o)
                              C:/ST/STM32CubeIDE_1.19.0/STM32CubeIDE/plugins/com.st.stm32cube.ide.mcu.externaltools.gnu-tools-for-stm32.13.3.rel1.win32_1.0.0.202411081344/tools/bin/../lib/gcc/arm-none-eabi/13.3.1/../../../../arm-none-eabi/lib/thumb/v7e-m+dp/hard/crt0.o (exit)
C:/ST/STM32CubeIDE_1.19.0/STM32CubeIDE/plugins/com.st.stm32cube.ide.mcu.externaltools.gnu-tools-for-stm32.13.3.rel1.win32_1.0.0.202411081344/tools/bin/../lib/gcc/arm-none-eabi/13.3.1/../../../../arm-none-eabi/lib/thumb/v7e-m+dp/hard\libc_nano.a(libc_a-malloc.o)
                              ./Middlewares/ST/STM32_USB_Host_Library/usbh_audio.o (malloc)
C:/ST/STM32CubeIDE_1.19.0/STM32CubeIDE/plugins/com.st.stm32cube.ide.mcu.externaltools.gnu-tools-for-stm32.13.3.rel1.win32_1.0.0.202411081344/tools/bin/../lib/gcc/arm-none-eabi/13.3.1/../../../../arm-none-eabi/lib/thumb/v7e-m+dp/hard\libc_nano.a(libc_a-mallocr.o)
                              C:/ST/STM32CubeIDE_1.19.0/STM32CubeIDE/plugins/com.st.stm32cube.ide.mcu.externaltools.gnu-tools-for-stm32.13.3.rel1.win32_1.0.0.202411081344/tools/bin/../lib/gcc/arm-none-eabi/13.3.1/../../../../arm-none-eabi/lib/thumb/v7e-m+dp/hard\libc_nano.a(libc_a-malloc.o) (_malloc_r)
C:/ST/STM32CubeIDE_1.19.0/STM32CubeIDE/plugins/com.st.stm32cube.ide.mcu.externaltools.gnu-tools-for-stm32.13.3.rel1.win32_1.0.0.202411081344/tools/bin/../lib/gcc/arm-none-eabi/13.3.1/../../../../arm-none-eabi/lib/thumb/v7e-m+dp/hard\libc_nano.a(libc_a-mlock.o)
                              C:/ST/STM32CubeIDE_1.19.0/STM32CubeIDE/plugins/com.st.stm32cube.ide.mcu.externaltools.gnu-tools-for-stm32.13.3.rel1.win32_1.0.0.202411081344/tools/bin/../lib/gcc/arm-none-eabi/13.3.1/../../../../arm-none-eabi/lib/thumb/v7e-m+dp/hard\libc_nano.a(libc_a-mallocr.o) (__malloc_lock)
C:/ST/STM32CubeIDE_1.19.0/STM32CubeIDE/plugins/com.st.stm32cube.ide.mcu.externaltools.gnu-tools-for-stm32.13.3.rel1.win32_1.0.0.202411081344/tools/bin/../lib/gcc/arm-none-eabi/13.3.1/../../../../arm-none-eabi/lib/thumb/v7e-m+dp/hard\libc_nano.a(libc_a-findfp.o)
                              C:/ST/STM32CubeIDE_1.19.0/STM32CubeIDE/plugins/com.st.stm32cube.ide.mcu.externaltools.gnu-tools-for-stm32.13.3.rel1.win32_1.0.0.202411081344/tools/bin/../lib/gcc/arm-none-eabi/13.3.1/../../../../arm-none-eabi/lib/thumb/v7e-m+dp/hard\libc_nano.a(libc_a-exit.o) (__stdio_exit_handler)
C:/ST/STM32CubeIDE_1.19.0/STM32CubeIDE/plugins/com.st.stm32cube.ide.mcu.externaltools.gnu-tools-for-stm32.13.3.rel1.win32_1.0.0.202411081344/tools/bin/../lib/gcc/arm-none-eabi/13.3.1/../../../../arm-none-eabi/lib/thumb/v7e-m+dp/hard\libc_nano.a(libc_a-fwalk.o)
                              C:/ST/STM32CubeIDE_1.19.0/STM32CubeIDE/plugins/com.st.stm32cube.ide.mcu.externaltools.gnu-tools-for-stm32.13.3.rel1.win32_1.0.0.202411081344/tools/bin/../lib/gcc/arm-none-eabi/13.3.1/../../../../arm-none-eabi/lib/thumb/v7e-m+dp/hard\libc_nano.a(libc_a-findfp.o) (_fwalk_sglue)
C:/ST/STM32CubeIDE_1.19.0/STM32CubeIDE/plugins/com.st.stm32cube.ide.mcu.externaltools.gnu-tools-for-stm32.13.3.rel1.win32_1.0.0.202411081344/tools/bin/../lib/gcc/arm-none-eabi/13.3.1/../../../../arm-none-eabi/lib/thumb/v7e-m+dp/hard\libc_nano.a(libc_a-printf.o)
                              ./Middlewares/ST/STM32_USB_Host_Library/usbh_audio.o (printf)
C:/ST/STM32CubeIDE_1.19.0/STM32CubeIDE/plugins/com.st.stm32cube.ide.mcu.externaltools.gnu-tools-for-stm32.13.3.rel1.win32_1.0.0.202411081344/tools/bin/../lib/gcc/arm-none-eabi/13.3.1/../../../../arm-none-eabi/lib/thumb/v7e-m+dp/hard\libc_nano.a(libc_a-putchar.o)
                              ./Middlewares/ST/STM32_USB_Host_Library/usbh_audio.o (putchar)
C:/ST/STM32CubeIDE_1.19.0/STM32CubeIDE/plugins/com.st.stm32cube.ide.mcu.externaltools.gnu-tools-for-stm32.13.3.rel1.win32_1.0.0.202411081344/tools/bin/../lib/gcc/arm-none-eabi/13.3.1/../../../../arm-none-eabi/lib/thumb/v7e-m+dp/hard\libc_nano.a(libc_a-stdio.o)
                              C:/ST/STM32CubeIDE_1.19.0/STM32CubeIDE/plugins/com.st.stm32cube.ide.mcu.externaltools.gnu-tools-for-stm32.13.3.rel1.win32_1.0.0.202411081344/tools/bin/../lib/gcc/arm-none-eabi/13.3.1/../../../../arm-none-eabi/lib/thumb/v7e-m+dp/hard\libc_nano.a(libc_a-findfp.o) (__sread)
C:/ST/STM32CubeIDE_1.19.0/STM32CubeIDE/plugins/com.st.stm32cube.ide.mcu.externaltools.gnu-tools-for-stm32.13.3.rel1.win32_1.0.0.202411081344/tools/bin/../lib/gcc/arm-none-eabi/13.3.1/../../../../arm-none-eabi/lib/thumb/v7e-m+dp/hard\libc_nano.a(libc_a-memset.o)
[...]
Memory Configuration

Name             Origin             Length             Attributes
RAM_D1           0x24000000         0x00080000         xrw
FLASH            0x08000000         0x00100000         xr
DTCMRAM          0x20000000         0x00020000         xrw
RAM_D2           0x30000000         0x00048000         xrw
RAM_D3           0x38000000         0x00010000         xrw
ITCMRAM          0x00000000         0x00010000         xrw
*default*        0x00000000         0xffffffff

Linker script and memory map

LOAD C:/ST/STM32CubeIDE_1.19.0/STM32CubeIDE/plugins/com.st.stm32cube.ide.mcu.externaltools.gnu-tools-for-stm32.13.3.rel1.win32_1.0.0.202411081344/tools/bin/../lib/gcc/arm-none-eabi/13.3.1/thumb/v7e-m+dp/hard/crti.o
LOAD C:/ST/STM32CubeIDE_1.19.0/STM32CubeIDE/plugins/com.st.stm32cube.ide.mcu.externaltools.gnu-tools-for-stm32.13.3.rel1.win32_1.0.0.202411081344/tools/bin/../lib/gcc/arm-none-eabi/13.3.1/thumb/v7e-m+dp/hard/crtbegin.o
LOAD C:/ST/STM32CubeIDE_1.19.0/STM32CubeIDE/plugins/com.st.stm32cube.ide.mcu.externaltools.gnu-tools-for-stm32.13.3.rel1.win32_1.0.0.202411081344/tools/bin/../lib/gcc/arm-none-eabi/13.3.1/../../../../arm-none-eabi/lib/thumb/v7e-m+dp/hard/crt0.o
LOAD ./Common/Src/system_stm32h7xx_dualcore_boot_cm4_cm7.o
LOAD ./Core/Src/main.o
LOAD ./Core/Src/stm32h7xx_hal_msp.o
LOAD ./Core/Src/stm32h7xx_it.o
LOAD ./Core/Src/syscalls.o
LOAD ./Core/Src/sysmem.o
LOAD ./Core/Startup/startup_stm32h747xihx.o
LOAD ./Drivers/STM32H7xx_HAL_Driver/stm32h7xx_hal.o
LOAD ./Drivers/STM32H7xx_HAL_Driver/stm32h7xx_hal_cortex.o
LOAD ./Drivers/STM32H7xx_HAL_Driver/stm32h7xx_hal_dma.o
LOAD ./Drivers/STM32H7xx_HAL_Driver/stm32h7xx_hal_dma_ex.o
LOAD ./Drivers/STM32H7xx_HAL_Driver/stm32h7xx_hal_exti.o
LOAD ./Drivers/STM32H7xx_HAL_Driver/stm32h7xx_hal_flash.o
LOAD ./Drivers/STM32H7xx_HAL_Driver/stm32h7xx_hal_flash_ex.o
LOAD ./Drivers/STM32H7xx_HAL_Driver/stm32h7xx_hal_gpio.o
LOAD ./Drivers/STM32H7xx_HAL_Driver/stm32h7xx_hal_hcd.o
LOAD ./Drivers/STM32H7xx_HAL_Driver/stm32h7xx_hal_hsem.o
LOAD ./Drivers/STM32H7xx_HAL_Driver/stm32h7xx_hal_i2c.o
LOAD ./Drivers/STM32H7xx_HAL_Driver/stm32h7xx_hal_i2c_ex.o
LOAD ./Drivers/STM32H7xx_HAL_Driver/stm32h7xx_hal_mdma.o
LOAD ./Drivers/STM32H7xx_HAL_Driver/stm32h7xx_hal_pwr.o
LOAD ./Drivers/STM32H7xx_HAL_Driver/stm32h7xx_hal_pwr_ex.o
LOAD ./Drivers/STM32H7xx_HAL_Driver/stm32h7xx_hal_rcc.o
LOAD ./Drivers/STM32H7xx_HAL_Driver/stm32h7xx_hal_rcc_ex.o
LOAD ./Drivers/STM32H7xx_HAL_Driver/stm32h7xx_hal_tim.o
LOAD ./Drivers/STM32H7xx_HAL_Driver/stm32h7xx_hal_tim_ex.o
LOAD ./Drivers/STM32H7xx_HAL_Driver/stm32h7xx_ll_usb.o
LOAD ./Middlewares/ST/STM32_USB_Host_Library/usbh_audio.o
LOAD ./Middlewares/ST/STM32_USB_Host_Library/usbh_cdc.o
LOAD ./Middlewares/ST/STM32_USB_Host_Library/usbh_core.o
LOAD ./Middlewares/ST/STM32_USB_Host_Library/usbh_ctlreq.o
LOAD ./Middlewares/ST/STM32_USB_Host_Library/usbh_hid.o
LOAD ./Middlewares/ST/STM32_USB_Host_Library/usbh_hid_keybd.o
LOAD ./Middlewares/ST/STM32_USB_Host_Library/usbh_hid_mouse.o
LOAD ./Middlewares/ST/STM32_USB_Host_Library/usbh_hid_parser.o
LOAD ./Middlewares/ST/STM32_USB_Host_Library/usbh_ioreq.o
LOAD ./Middlewares/ST/STM32_USB_Host_Library/usbh_msc.o
LOAD ./Middlewares/ST/STM32_USB_Host_Library/usbh_msc_bot.o
LOAD ./Middlewares/ST/STM32_USB_Host_Library/usbh_msc_scsi.o
LOAD ./Middlewares/ST/STM32_USB_Host_Library/usbh_mtp.o
LOAD ./Middlewares/ST/STM32_USB_Host_Library/usbh_mtp_ptp.o
LOAD ./Middlewares/ST/STM32_USB_Host_Library/usbh_pipes.o
LOAD ./USB_HOST/App/usb_host.o
LOAD ./USB_HOST/Target/usbh_conf.o
START GROUP
LOAD C:/ST/STM32CubeIDE_1.19.0/STM32CubeIDE/plugins/com.st.stm32cube.ide.mcu.externaltools.gnu-tools-for-stm32.13.3.rel1.win32_1.0.0.202411081344/tools/bin/../lib/gcc/arm-none-eabi/13.3.1/../../../../arm-none-eabi/lib/thumb/v7e-m+dp/hard\libstdc++_nano.a
LOAD C:/ST/STM32CubeIDE_1.19.0/STM32CubeIDE/plugins/com.st.stm32cube.ide.mcu.externaltools.gnu-tools-for-stm32.13.3.rel1.win32_1.0.0.202411081344/tools/bin/../lib/gcc/arm-none-eabi/13.3.1/../../../../arm-none-eabi/lib/thumb/v7e-m+dp/hard\libsupc++_nano.a
END GROUP
LOAD C:/ST/STM32CubeIDE_1.19.0/STM32CubeIDE/plugins/com.st.stm32cube.ide.mcu.externaltools.gnu-tools-for-stm32.13.3.rel1.win32_1.0.0.202411081344/tools/bin/../lib/gcc/arm-none-eabi/13.3.1/../../../../arm-none-eabi/lib/thumb/v7e-m+dp/hard\libstdc++_nano.a
LOAD C:/ST/STM32CubeIDE_1.19.0/STM32CubeIDE/plugins/com.st.stm32cube.ide.mcu.externaltools.gnu-tools-for-stm32.13.3.rel1.win32_1.0.0.202411081344/tools/bin/../lib/gcc/arm-none-eabi/13.3.1/../../../../arm-none-eabi/lib/thumb/v7e-m+dp/hard\libm.a
LOAD C:/ST/STM32CubeIDE_1.19.0/STM32CubeIDE/plugins/com.st.stm32cube.ide.mcu.externaltools.gnu-tools-for-stm32.13.3.rel1.win32_1.0.0.202411081344/tools/bin/../lib/gcc/arm-none-eabi/13.3.1/../../../../arm-none-eabi/lib/thumb/v7e-m+dp/hard\libc_nano.a
START GROUP
LOAD C:/ST/STM32CubeIDE_1.19.0/STM32CubeIDE/plugins/com.st.stm32cube.ide.mcu.externaltools.gnu-tools-for-stm32.13.3.rel1.win32_1.0.0.202411081344/tools/bin/../lib/gcc/arm-none-eabi/13.3.1/thumb/v7e-m+dp/hard\libgcc.a
LOAD C:/ST/STM32CubeIDE_1.19.0/STM32CubeIDE/plugins/com.st.stm32cube.ide.mcu.externaltools.gnu-tools-for-stm32.13.3.rel1.win32_1.0.0.202411081344/tools/bin/../lib/gcc/arm-none-eabi/13.3.1/../../../../arm-none-eabi/lib/thumb/v7e-m+dp/hard\libc_nano.a
END GROUP
START GROUP
LOAD C:/ST/STM32CubeIDE_1.19.0/STM32CubeIDE/plugins/com.st.stm32cube.ide.mcu.externaltools.gnu-tools-for-stm32.13.3.rel1.win32_1.0.0.202411081344/tools/bin/../lib/gcc/arm-none-eabi/13.3.1/thumb/v7e-m+dp/hard\libgcc.a
LOAD C:/ST/STM32CubeIDE_1.19.0/STM32CubeIDE/plugins/com.st.stm32cube.ide.mcu.externaltools.gnu-tools-for-stm32.13.3.rel1.win32_1.0.0.202411081344/tools/bin/../lib/gcc/arm-none-eabi/13.3.1/../../../../arm-none-eabi/lib/thumb/v7e-m+dp/hard\libc_nano.a
LOAD C:/ST/STM32CubeIDE_1.19.0/STM32CubeIDE/plugins/com.st.stm32cube.ide.mcu.externaltools.gnu-tools-for-stm32.13.3.rel1.win32_1.0.0.202411081344/tools/bin/../lib/gcc/arm-none-eabi/13.3.1/../../../../arm-none-eabi/lib/thumb/v7e-m+dp/hard\libnosys.a
END GROUP
START GROUP
LOAD C:/ST/STM32CubeIDE_1.19.0/STM32CubeIDE/plugins/com.st.stm32cube.ide.mcu.externaltools.gnu-tools-for-stm32.13.3.rel1.win32_1.0.0.202411081344/tools/bin/../lib/gcc/arm-none-eabi/13.3.1/thumb/v7e-m+dp/hard\libgcc.a
LOAD C:/ST/STM32CubeIDE_1.19.0/STM32CubeIDE/plugins/com.st.stm32cube.ide.mcu.externaltools.gnu-tools-for-stm32.13.3.rel1.win32_1.0.0.202411081344/tools/bin/../lib/gcc/arm-none-eabi/13.3.1/../../../../arm-none-eabi/lib/thumb/v7e-m+dp/hard\libc_nano.a
LOAD C:/ST/STM32CubeIDE_1.19.0/STM32CubeIDE/plugins/com.st.stm32cube.ide.mcu.externaltools.gnu-tools-for-stm32.13.3.rel1.win32_1.0.0.202411081344/tools/bin/../lib/gcc/arm-none-eabi/13.3.1/../../../../arm-none-eabi/lib/thumb/v7e-m+dp/hard\libnosys.a
END GROUP
LOAD C:/ST/STM32CubeIDE_1.19.0/STM32CubeIDE/plugins/com.st.stm32cube.ide.mcu.externaltools.gnu-tools-for-stm32.13.3.rel1.win32_1.0.0.202411081344/tools/bin/../lib/gcc/arm-none-eabi/13.3.1/thumb/v7e-m+dp/hard/crtend.o
LOAD C:/ST/STM32CubeIDE_1.19.0/STM32CubeIDE/plugins/com.st.stm32cube.ide.mcu.externaltools.gnu-tools-for-stm32.13.3.rel1.win32_1.0.0.202411081344/tools/bin/../lib/gcc/arm-none-eabi/13.3.1/thumb/v7e-m+dp/hard/crtn.o
                0x24080000                        _estack = (ORIGIN (RAM_D1) + LENGTH (RAM_D1))
                0x00000200                        _Min_Heap_Size = 0x200
                0x00000400                        _Min_Stack_Size = 0x400

.isr_vector     0x08000000      0x298
                0x08000000                        . = ALIGN (0x4)
 *(.isr_vector)
 .isr_vector    0x08000000      0x298 ./Core/Startup/startup_stm32h747xihx.o
                0x08000000                g_pfnVectors
                0x08000298                        . = ALIGN (0x4)

.text           0x080002a0     0xefd0
                0x080002a0                        . = ALIGN (0x4)
 *(.text)
 .text          0x080002a0       0x40 C:/ST/STM32CubeIDE_1.19.0/STM32CubeIDE/plugins/com.st.stm32cube.ide.mcu.externaltools.gnu-tools-for-stm32.13.3.rel1.win32_1.0.0.202411081344/tools/bin/../lib/gcc/arm-none-eabi/13.3.1/thumb/v7e-m+dp/hard/crtbegin.o
 .text          0x080002e0       0xa0 C:/ST/STM32CubeIDE_1.19.0/STM32CubeIDE/plugins/com.st.stm32cube.ide.mcu.externaltools.gnu-tools-for-stm32.13.3.rel1.win32_1.0.0.202411081344/tools/bin/../lib/gcc/arm-none-eabi/13.3.1/../../../../arm-none-eabi/lib/thumb/v7e-m+dp/hard\libc_nano.a(libc_a-memchr.o)
                0x080002e0                memchr
 *(.text*)
 .text.SystemInit
                0x08000380      0x15c ./Common/Src/system_stm32h7xx_dualcore_boot_cm4_cm7.o
                0x08000380                SystemInit
 .text.ExitRun0Mode
                0x080004dc       0x30 ./Common/Src/system_stm32h7xx_dualcore_boot_cm4_cm7.o
                0x080004dc                ExitRun0Mode
 .text.main     0x0800050c       0x9c ./Core/Src/main.o
                0x0800050c                main
 .text.SystemClock_Config
                0x080005a8       0xf8 ./Core/Src/main.o
                0x080005a8                SystemClock_Config
 .text.MX_GPIO_Init
                0x080006a0       0x90 ./Core/Src/main.o
 .text.Error_Handler
                0x08000730        0xc ./Core/Src/main.o
                0x08000730                Error_Handler
 .text.HAL_MspInit
                0x0800073c       0x34 ./Core/Src/stm32h7xx_hal_msp.o
                0x0800073c                HAL_MspInit
 .text.NMI_Handler
                0x08000770        0x8 ./Core/Src/stm32h7xx_it.o
                0x08000770                NMI_Handler
 .text.HardFault_Handler
                0x08000778        0x8 ./Core/Src/stm32h7xx_it.o
                0x08000778                HardFault_Handler
 .text.MemManage_Handler
                0x08000780        0x8 ./Core/Src/stm32h7xx_it.o
                0x08000780                MemManage_Handler
 .text.BusFault_Handler
                0x08000788        0x8 ./Core/Src/stm32h7xx_it.o
                0x08000788                BusFault_Handler
 .text.UsageFault_Handler
                0x08000790        0x8 ./Core/Src/stm32h7xx_it.o
                0x08000790                UsageFault_Handler
 .text.SVC_Handler
                0x08000798        0xe ./Core/Src/stm32h7xx_it.o
                0x08000798                SVC_Handler
 .text.DebugMon_Handler
                0x080007a6        0xe ./Core/Src/stm32h7xx_it.o
                0x080007a6                DebugMon_Handler
 .text.PendSV_Handler
                0x080007b4        0xe ./Core/Src/stm32h7xx_it.o
                0x080007b4                PendSV_Handler
 .text.SysTick_Handler
                0x080007c2        0xc ./Core/Src/stm32h7xx_it.o
                0x080007c2                SysTick_Handler
 *fill*         0x080007ce        0x2 
 .text.OTG_HS_IRQHandler
                0x080007d0       0x14 ./Core/Src/stm32h7xx_it.o
                0x080007d0                OTG_HS_IRQHandler
 .text._read    0x080007e4       0x3a ./Core/Src/syscalls.o
                0x080007e4                _read
 .text._write   0x0800081e       0x38 ./Core/Src/syscalls.o
                0x0800081e                _write
 .text._close   0x08000856       0x18 ./Core/Src/syscalls.o
                0x08000856                _close
 .text._fstat   0x0800086e       0x20 ./Core/Src/syscalls.o
                0x0800086e                _fstat
 .text._isatty  0x0800088e       0x16 ./Core/Src/syscalls.o
                0x0800088e                _isatty
 .text._lseek   0x080008a4       0x1a ./Core/Src/syscalls.o
                0x080008a4                _lseek
 *fill*         0x080008be        0x2 
 .text._sbrk    0x080008c0       0x6c ./Core/Src/sysmem.o
                0x080008c0                _sbrk
 .text.Reset_Handler
                0x0800092c       0x54 ./Core/Startup/startup_stm32h747xihx.o
                0x0800092c                Reset_Handler
 .text.Default_Handler
                0x08000980        0x2 ./Core/Startup/startup_stm32h747xihx.o
                0x08000980                RTC_Alarm_IRQHandler
                0x08000980                EXTI2_IRQHandler
                0x08000980                TIM8_CC_IRQHandler
                0x08000980                HRTIM1_Master_IRQHandler
                0x08000980                UART8_IRQHandler
                0x08000980                SPI4_IRQHandler
                0x08000980                TIM1_CC_IRQHandler
                0x08000980                BDMA_Channel6_IRQHandler
                0x08000980                DMA2_Stream5_IRQHandler
                0x08000980                HRTIM1_FLT_IRQHandler
                0x08000980                JPEG_IRQHandler
                0x08000980                DMA1_Stream5_IRQHandler
                0x08000980                BDMA_Channel1_IRQHandler
                0x08000980                HRTIM1_TIMD_IRQHandler
                0x08000980                TAMP_STAMP_IRQHandler
                0x08000980                EXTI3_IRQHandler
                0x08000980                LPTIM4_IRQHandler
                0x08000980                TIM8_TRG_COM_TIM14_IRQHandler
                0x08000980                LPTIM2_IRQHandler
                0x08000980                DFSDM1_FLT1_IRQHandler
                0x08000980                DMAMUX2_OVR_IRQHandler
                0x08000980                TIM8_UP_TIM13_IRQHandler
                0x08000980                I2C3_ER_IRQHandler
                0x08000980                DFSDM1_FLT2_IRQHandler
                0x08000980                MDMA_IRQHandler
                0x08000980                LPTIM3_IRQHandler
                0x08000980                HSEM1_IRQHandler
                0x08000980                EXTI0_IRQHandler
                0x08000980                I2C2_EV_IRQHandler
                0x08000980                DMA1_Stream2_IRQHandler
                0x08000980                FPU_IRQHandler
                0x08000980                OTG_HS_WKUP_IRQHandler
                0x08000980                FDCAN1_IT1_IRQHandler
                0x08000980                LTDC_ER_IRQHandler
                0x08000980                DMA2_Stream2_IRQHandler
                0x08000980                HRTIM1_TIME_IRQHandler
                0x08000980                SPI1_IRQHandler
                0x08000980                TIM6_DAC_IRQHandler
                0x08000980                DCMI_IRQHandler
                0x08000980                HRTIM1_TIMC_IRQHandler
                0x08000980                DMA2_Stream3_IRQHandler
                0x08000980                SAI2_IRQHandler
                0x08000980                DFSDM1_FLT3_IRQHandler
                0x08000980                USART6_IRQHandler
                0x08000980                TIM17_IRQHandler
                0x08000980                USART3_IRQHandler
                0x08000980                BDMA_Channel7_IRQHandler
                0x08000980                LPTIM5_IRQHandler
                0x08000980                UART5_IRQHandler
                0x08000980                ADC3_IRQHandler
                0x08000980                DMA2_Stream0_IRQHandler
                0x08000980                TIM4_IRQHandler
                0x08000980                BDMA_Channel2_IRQHandler
                0x08000980                QUADSPI_IRQHandler
                0x08000980                I2C1_EV_IRQHandler
                0x08000980                DMA1_Stream6_IRQHandler
                0x08000980                DMAMUX1_OVR_IRQHandler
                0x08000980                DMA1_Stream1_IRQHandler
                0x08000980                TIM16_IRQHandler
                0x08000980                UART4_IRQHandler
                0x08000980                BDMA_Channel5_IRQHandler
                0x08000980                TIM3_IRQHandler
                0x08000980                RCC_IRQHandler
                0x08000980                TIM8_BRK_TIM12_IRQHandler
                0x08000980                TIM1_TRG_COM_IRQHandler
                0x08000980                Default_Handler
                0x08000980                ECC_IRQHandler
                0x08000980                CEC_IRQHandler
                0x08000980                EXTI15_10_IRQHandler
                0x08000980                BDMA_Channel0_IRQHandler
                0x08000980                ADC_IRQHandler
                0x08000980                DMA1_Stream7_IRQHandler
                0x08000980                HRTIM1_TIMA_IRQHandler
                0x08000980                SPI5_IRQHandler
                0x08000980                TIM7_IRQHandler
                0x08000980                SDMMC1_IRQHandler
                0x08000980                TIM5_IRQHandler
                0x08000980                DMA2_Stream7_IRQHandler
                0x08000980                TIM15_IRQHandler
                0x08000980                PVD_AVD_IRQHandler
                0x08000980                I2C3_EV_IRQHandler
                0x08000980                EXTI9_5_IRQHandler
                0x08000980                RTC_WKUP_IRQHandler
                0x08000980                LTDC_IRQHandler
                0x08000980                SAI3_IRQHandler
                0x08000980                ETH_WKUP_IRQHandler
                0x08000980                SPDIF_RX_IRQHandler
                0x08000980                SPI2_IRQHandler
                0x08000980                OTG_HS_EP1_IN_IRQHandler
                0x08000980                DMA1_Stream0_IRQHandler
                0x08000980                CRS_IRQHandler
                0x08000980                CM7_SEV_IRQHandler
                0x08000980                EXTI4_IRQHandler
                0x08000980                RNG_IRQHandler
                0x08000980                CM4_SEV_IRQHandler
                0x08000980                HRTIM1_TIMB_IRQHandler
                0x08000980                FDCAN2_IT1_IRQHandler
                0x08000980                DSI_IRQHandler
                0x08000980                ETH_IRQHandler
                0x08000980                TIM1_UP_IRQHandler
                0x08000980                WWDG_RST_IRQHandler
                0x08000980                BDMA_Channel4_IRQHandler
                0x08000980                OTG_HS_EP1_OUT_IRQHandler
                0x08000980                WWDG_IRQHandler
                0x08000980                SPI6_IRQHandler
                0x08000980                MDIOS_IRQHandler
                0x08000980                I2C4_EV_IRQHandler
                0x08000980                FDCAN2_IT0_IRQHandler
                0x08000980                LPUART1_IRQHandler
                0x08000980                FDCAN1_IT0_IRQHandler
                0x08000980                TIM2_IRQHandler
                0x08000980                OTG_FS_WKUP_IRQHandler
                0x08000980                HSEM2_IRQHandler
                0x08000980                DMA2D_IRQHandler
                0x08000980                TIM1_BRK_IRQHandler
                0x08000980                EXTI1_IRQHandler
                0x08000980                SDMMC2_IRQHandler
                0x08000980                OTG_FS_EP1_OUT_IRQHandler
                0x08000980                BDMA_Channel3_IRQHandler
                0x08000980                HOLD_CORE_IRQHandler
                0x08000980                UART7_IRQHandler
                0x08000980                MDIOS_WKUP_IRQHandler
                0x08000980                USART2_IRQHandler
                0x08000980                DFSDM1_FLT0_IRQHandler
                0x08000980                SAI4_IRQHandler
                0x08000980                I2C2_ER_IRQHandler
                0x08000980                DMA2_Stream1_IRQHandler
                0x08000980                FLASH_IRQHandler
                0x08000980                DMA2_Stream4_IRQHandler
                0x08000980                USART1_IRQHandler
                0x08000980                OTG_FS_IRQHandler
                0x08000980                SPI3_IRQHandler
                0x08000980                WAKEUP_PIN_IRQHandler
                0x08000980                DMA1_Stream4_IRQHandler
                0x08000980                OTG_FS_EP1_IN_IRQHandler
                0x08000980                I2C1_ER_IRQHandler
                0x08000980                FMC_IRQHandler
                0x08000980                FDCAN_CAL_IRQHandler
                0x08000980                SWPMI1_IRQHandler
                0x08000980                COMP1_IRQHandler
                0x08000980                LPTIM1_IRQHandler
                0x08000980                I2C4_ER_IRQHandler
                0x08000980                DMA2_Stream6_IRQHandler
                0x08000980                SAI1_IRQHandler
                0x08000980                DMA1_Stream3_IRQHandler
 *fill*         0x08000982        0x2 
 .text.HAL_Init
                0x08000984       0x78 ./Drivers/STM32H7xx_HAL_Driver/stm32h7xx_hal.o
                0x08000984                HAL_Init
 .text.HAL_InitTick
                0x080009fc       0x6c ./Drivers/STM32H7xx_HAL_Driver/stm32h7xx_hal.o
                0x080009fc                HAL_InitTick
 .text.HAL_IncTick
                0x08000a68       0x28 ./Drivers/STM32H7xx_HAL_Driver/stm32h7xx_hal.o
                0x08000a68                HAL_IncTick
 .text.HAL_GetTick
                0x08000a90       0x18 ./Drivers/STM32H7xx_HAL_Driver/stm32h7xx_hal.o
                0x08000a90                HAL_GetTick
 .text.HAL_Delay
                0x08000aa8       0x48 ./Drivers/STM32H7xx_HAL_Driver/stm32h7xx_hal.o
                0x08000aa8                HAL_Delay
 .text.HAL_GetREVID
                0x08000af0       0x18 ./Drivers/STM32H7xx_HAL_Driver/stm32h7xx_hal.o
                0x08000af0                HAL_GetREVID
 .text.__NVIC_SetPriorityGrouping
                0x08000b08       0x48 ./Drivers/STM32H7xx_HAL_Driver/stm32h7xx_hal_cortex.o
 .text.__NVIC_GetPriorityGrouping
                0x08000b50       0x1c ./Drivers/STM32H7xx_HAL_Driver/stm32h7xx_hal_cortex.o
 .text.__NVIC_EnableIRQ
                0x08000b6c       0x3c ./Drivers/STM32H7xx_HAL_Driver/stm32h7xx_hal_cortex.o
 .text.__NVIC_SetPriority
                0x08000ba8       0x54 ./Drivers/STM32H7xx_HAL_Driver/stm32h7xx_hal_cortex.o
 .text.NVIC_EncodePriority
                0x08000bfc       0x66 ./Drivers/STM32H7xx_HAL_Driver/stm32h7xx_hal_cortex.o
 *fill*         0x08000c62        0x2 
 .text.SysTick_Config
                0x08000c64       0x44 ./Drivers/STM32H7xx_HAL_Driver/stm32h7xx_hal_cortex.o
 .text.HAL_NVIC_SetPriorityGrouping
                0x08000ca8       0x16 ./Drivers/STM32H7xx_HAL_Driver/stm32h7xx_hal_cortex.o
                0x08000ca8                HAL_NVIC_SetPriorityGrouping
 .text.HAL_NVIC_SetPriority
                0x08000cbe       0x34 ./Drivers/STM32H7xx_HAL_Driver/stm32h7xx_hal_cortex.o
                0x08000cbe                HAL_NVIC_SetPriority
 .text.HAL_NVIC_EnableIRQ
                0x08000cf2       0x1c ./Drivers/STM32H7xx_HAL_Driver/stm32h7xx_hal_cortex.o
                0x08000cf2                HAL_NVIC_EnableIRQ
 .text.HAL_SYSTICK_Config
                0x08000d0e       0x18 ./Drivers/STM32H7xx_HAL_Driver/stm32h7xx_hal_cortex.o
                0x08000d0e                HAL_SYSTICK_Config
 *fill*         0x08000d26        0x2 
 .text.HAL_GPIO_Init
                0x08000d28      0x360 ./Drivers/STM32H7xx_HAL_Driver/stm32h7xx_hal_gpio.o
                0x08000d28                HAL_GPIO_Init
 .text.HAL_HCD_Init
                0x08001088       0xba ./Drivers/STM32H7xx_HAL_Driver/stm32h7xx_hal_hcd.o
                0x08001088                HAL_HCD_Init
 .text.HAL_HCD_HC_Init
                0x08001142      0x170 ./Drivers/STM32H7xx_HAL_Driver/stm32h7xx_hal_hcd.o
                0x08001142                HAL_HCD_HC_Init
 .text.HAL_HCD_HC_Halt
                0x080012b2       0x46 ./Drivers/STM32H7xx_HAL_Driver/stm32h7xx_hal_hcd.o
                0x080012b2                HAL_HCD_HC_Halt
 .text.HAL_HCD_HC_SubmitRequest
                0x080012f8      0x33c ./Drivers/STM32H7xx_HAL_Driver/stm32h7xx_hal_hcd.o
                0x080012f8                HAL_HCD_HC_SubmitRequest
 .text.HAL_HCD_IRQHandler
                0x08001634      0x220 ./Drivers/STM32H7xx_HAL_Driver/stm32h7xx_hal_hcd.o
                0x08001634                HAL_HCD_IRQHandler
 .text.HAL_HCD_Start
                0x08001854       0x46 ./Drivers/STM32H7xx_HAL_Driver/stm32h7xx_hal_hcd.o
                0x08001854                HAL_HCD_Start
 .text.HAL_HCD_Stop
                0x0800189a       0x3a ./Drivers/STM32H7xx_HAL_Driver/stm32h7xx_hal_hcd.o
                0x0800189a                HAL_HCD_Stop
 .text.HAL_HCD_HC_GetURBState
                0x080018d4       0x2a ./Drivers/STM32H7xx_HAL_Driver/stm32h7xx_hal_hcd.o
                0x080018d4                HAL_HCD_HC_GetURBState
 .text.HAL_HCD_HC_GetXferCount
                0x080018fe       0x2a ./Drivers/STM32H7xx_HAL_Driver/stm32h7xx_hal_hcd.o
                0x080018fe                HAL_HCD_HC_GetXferCount
 .text.HAL_HCD_GetCurrentFrame
                0x08001928       0x1c ./Drivers/STM32H7xx_HAL_Driver/stm32h7xx_hal_hcd.o
                0x08001928                HAL_HCD_GetCurrentFrame
 .text.HAL_HCD_HC_ClearHubInfo
                0x08001944       0x6a ./Drivers/STM32H7xx_HAL_Driver/stm32h7xx_hal_hcd.o
                0x08001944                HAL_HCD_HC_ClearHubInfo
 .text.HCD_HC_IN_IRQHandler
                0x080019ae      0xcd2 ./Drivers/STM32H7xx_HAL_Driver/stm32h7xx_hal_hcd.o
 .text.HCD_HC_OUT_IRQHandler
                0x08002680      0x97e ./Drivers/STM32H7xx_HAL_Driver/stm32h7xx_hal_hcd.o
 .text.HCD_RXQLVL_IRQHandler
                0x08002ffe      0x1be ./Drivers/STM32H7xx_HAL_Driver/stm32h7xx_hal_hcd.o
 .text.HCD_Port_IRQHandler
                0x080031bc       0xe6 ./Drivers/STM32H7xx_HAL_Driver/stm32h7xx_hal_hcd.o
 *fill*         0x080032a2        0x2 
 .text.HAL_HSEM_FastTake
                0x080032a4       0x34 ./Drivers/STM32H7xx_HAL_Driver/stm32h7xx_hal_hsem.o
                0x080032a4                HAL_HSEM_FastTake
 .text.HAL_HSEM_Release
                0x080032d8       0x28 ./Drivers/STM32H7xx_HAL_Driver/stm32h7xx_hal_hsem.o
                0x080032d8                HAL_HSEM_Release
 .text.HAL_PWREx_ConfigSupply
                0x08003300       0xb4 ./Drivers/STM32H7xx_HAL_Driver/stm32h7xx_hal_pwr_ex.o
                0x08003300                HAL_PWREx_ConfigSupply
 .text.HAL_PWREx_EnableUSBVoltageDetector
                0x080033b4       0x20 ./Drivers/STM32H7xx_HAL_Driver/stm32h7xx_hal_pwr_ex.o
                0x080033b4                HAL_PWREx_EnableUSBVoltageDetector
 .text.HAL_RCC_OscConfig
                0x080033d4      0x8b4 ./Drivers/STM32H7xx_HAL_Driver/stm32h7xx_hal_rcc.o
                0x080033d4                HAL_RCC_OscConfig
 .text.HAL_RCC_ClockConfig
                0x08003c88      0x36c ./Drivers/STM32H7xx_HAL_Driver/stm32h7xx_hal_rcc.o
                0x08003c88                HAL_RCC_ClockConfig
 .text.HAL_RCC_GetSysClockFreq
                0x08003ff4      0x2f4 ./Drivers/STM32H7xx_HAL_Driver/stm32h7xx_hal_rcc.o
                0x08003ff4                HAL_RCC_GetSysClockFreq
 .text.HAL_RCCEx_PeriphCLKConfig
                0x080042e8     0x1494 ./Drivers/STM32H7xx_HAL_Driver/stm32h7xx_hal_rcc_ex.o
                0x080042e8                HAL_RCCEx_PeriphCLKConfig
 .text.RCCEx_PLL2_Config
                0x0800577c      0x164 ./Drivers/STM32H7xx_HAL_Driver/stm32h7xx_hal_rcc_ex.o
 .text.RCCEx_PLL3_Config
                0x080058e0      0x164 ./Drivers/STM32H7xx_HAL_Driver/stm32h7xx_hal_rcc_ex.o
 .text.USB_CoreInit
                0x08005a44       0xe4 ./Drivers/STM32H7xx_HAL_Driver/stm32h7xx_ll_usb.o
                0x08005a44                USB_CoreInit
 .text.USB_EnableGlobalInt
                0x08005b28       0x22 ./Drivers/STM32H7xx_HAL_Driver/stm32h7xx_ll_usb.o
                0x08005b28                USB_EnableGlobalInt
 .text.USB_DisableGlobalInt
                0x08005b4a       0x22 ./Drivers/STM32H7xx_HAL_Driver/stm32h7xx_ll_usb.o
                0x08005b4a                USB_DisableGlobalInt
 .text.USB_SetCurrentMode
                0x08005b6c       0x98 ./Drivers/STM32H7xx_HAL_Driver/stm32h7xx_ll_usb.o
                0x08005b6c                USB_SetCurrentMode
 .text.USB_FlushTxFifo
                0x08005c04       0x64 ./Drivers/STM32H7xx_HAL_Driver/stm32h7xx_ll_usb.o
                0x08005c04                USB_FlushTxFifo
 .text.USB_FlushRxFifo
                0x08005c68       0x5c ./Drivers/STM32H7xx_HAL_Driver/stm32h7xx_ll_usb.o
                0x08005c68                USB_FlushRxFifo
 .text.USB_WritePacket
                0x08005cc4       0x7c ./Drivers/STM32H7xx_HAL_Driver/stm32h7xx_ll_usb.o
                0x08005cc4                USB_WritePacket
 .text.USB_ReadPacket
                0x08005d40       0xb0 ./Drivers/STM32H7xx_HAL_Driver/stm32h7xx_ll_usb.o
                0x08005d40                USB_ReadPacket
 .text.USB_ReadInterrupts
                0x08005df0       0x26 ./Drivers/STM32H7xx_HAL_Driver/stm32h7xx_ll_usb.o
                0x08005df0                USB_ReadInterrupts
 .text.USB_ReadChInterrupts
                0x08005e16       0x42 ./Drivers/STM32H7xx_HAL_Driver/stm32h7xx_ll_usb.o
                0x08005e16                USB_ReadChInterrupts
 .text.USB_GetMode
                0x08005e58       0x1c ./Drivers/STM32H7xx_HAL_Driver/stm32h7xx_ll_usb.o
                0x08005e58                USB_GetMode
 .text.USB_CoreReset
                0x08005e74       0x62 ./Drivers/STM32H7xx_HAL_Driver/stm32h7xx_ll_usb.o
 *fill*         0x08005ed6        0x2 
 .text.USB_HostInit
                0x08005ed8      0x154 ./Drivers/STM32H7xx_HAL_Driver/stm32h7xx_ll_usb.o
                0x08005ed8                USB_HostInit
 .text.USB_InitFSLSPClkSel
                0x0800602c       0x7a ./Drivers/STM32H7xx_HAL_Driver/stm32h7xx_ll_usb.o
                0x0800602c                USB_InitFSLSPClkSel
 .text.USB_DriveVbus
                0x080060a6       0x72 ./Drivers/STM32H7xx_HAL_Driver/stm32h7xx_ll_usb.o
                0x080060a6                USB_DriveVbus
 .text.USB_GetHostSpeed
                0x08006118       0x2e ./Drivers/STM32H7xx_HAL_Driver/stm32h7xx_ll_usb.o
                0x08006118                USB_GetHostSpeed
 .text.USB_GetCurrentFrame
                0x08006146       0x22 ./Drivers/STM32H7xx_HAL_Driver/stm32h7xx_ll_usb.o
                0x08006146                USB_GetCurrentFrame
 .text.USB_HC_Init
                0x08006168      0x248 ./Drivers/STM32H7xx_HAL_Driver/stm32h7xx_ll_usb.o
                0x08006168                USB_HC_Init
 .text.USB_HC_StartXfer
                0x080063b0      0x4e0 ./Drivers/STM32H7xx_HAL_Driver/stm32h7xx_ll_usb.o
                0x080063b0                USB_HC_StartXfer
 .text.USB_HC_ReadInterrupt
                0x08006890       0x22 ./Drivers/STM32H7xx_HAL_Driver/stm32h7xx_ll_usb.o
                0x08006890                USB_HC_ReadInterrupt
 .text.USB_HC_Halt
                0x080068b2      0x240 ./Drivers/STM32H7xx_HAL_Driver/stm32h7xx_ll_usb.o
                0x080068b2                USB_HC_Halt
 *fill*         0x08006af2        0x2 
 .text.USB_DoPing
                0x08006af4       0x78 ./Drivers/STM32H7xx_HAL_Driver/stm32h7xx_ll_usb.o
                0x08006af4                USB_DoPing
 .text.USB_StopHost
                0x08006b6c      0x124 ./Drivers/STM32H7xx_HAL_Driver/stm32h7xx_ll_usb.o
                0x08006b6c                USB_StopHost
 .text.USBH_AUDIO_InterfaceInit
                0x08006c90      0x37e ./Middlewares/ST/STM32_USB_Host_Library/usbh_audio.o
 .text.USBH_AUDIO_InterfaceDeInit
                0x0800700e       0xca ./Middlewares/ST/STM32_USB_Host_Library/usbh_audio.o
 .text.USBH_AUDIO_ClassRequest
                0x080070d8      0x214 ./Middlewares/ST/STM32_USB_Host_Library/usbh_audio.o
 .text.USBH_AUDIO_CSRequest
                0x080072ec      0x1a0 ./Middlewares/ST/STM32_USB_Host_Library/usbh_audio.o
 .text.USBH_AUDIO_HandleCSRequest
                0x0800748c       0x7c ./Middlewares/ST/STM32_USB_Host_Library/usbh_audio.o
 .text.USBH_AUDIO_Process
                0x08007508       0x40 ./Middlewares/ST/STM32_USB_Host_Library/usbh_audio.o
 .text.USBH_AUDIO_SOFProcess
                0x08007548       0x16 ./Middlewares/ST/STM32_USB_Host_Library/usbh_audio.o
 .text.USBH_AUDIO_FindAudioStreamingIN
                0x0800755e      0x17e ./Middlewares/ST/STM32_USB_Host_Library/usbh_audio.o
 .text.USBH_AUDIO_FindAudioStreamingOUT
                0x080076dc      0x17e ./Middlewares/ST/STM32_USB_Host_Library/usbh_audio.o
 .text.USBH_AUDIO_FindHIDControl
                0x0800785a      0x104 ./Middlewares/ST/STM32_USB_Host_Library/usbh_audio.o
 .text.USBH_AUDIO_ParseCSDescriptors
                0x0800795e       0xda ./Middlewares/ST/STM32_USB_Host_Library/usbh_audio.o
 .text.ParseCSDescriptors
                0x08007a38      0x134 ./Middlewares/ST/STM32_USB_Host_Library/usbh_audio.o
 .text.USBH_AUDIO_FindLinkedUnit
                0x08007b6c      0x168 ./Middlewares/ST/STM32_USB_Host_Library/usbh_audio.o
 .text.USBH_AUDIO_BuildMicrophonePath
                0x08007cd4      0x110 ./Middlewares/ST/STM32_USB_Host_Library/usbh_audio.o
 .text.USBH_AUDIO_BuildHeadphonePath
                0x08007de4      0x184 ./Middlewares/ST/STM32_USB_Host_Library/usbh_audio.o
 .text.USBH_AC_SetCur
                0x08007f68       0xf4 ./Middlewares/ST/STM32_USB_Host_Library/usbh_audio.o
 .text.USBH_AC_GetCur
                0x0800805c      0x12e ./Middlewares/ST/STM32_USB_Host_Library/usbh_audio.o
 .text.USBH_AC_GetMax
                0x0800818a      0x12e ./Middlewares/ST/STM32_USB_Host_Library/usbh_audio.o
 .text.USBH_AC_GetRes
                0x080082b8      0x12e ./Middlewares/ST/STM32_USB_Host_Library/usbh_audio.o
 .text.USBH_AC_GetMin
                0x080083e6      0x12e ./Middlewares/ST/STM32_USB_Host_Library/usbh_audio.o
 .text.USBH_AUDIO_SetEndpointControls
                0x08008514       0x50 ./Middlewares/ST/STM32_USB_Host_Library/usbh_audio.o
 .text.USBH_AUDIO_InputStream
                0x08008564       0x1a ./Middlewares/ST/STM32_USB_Host_Library/usbh_audio.o
 *fill*         0x0800857e        0x2 
 .text.USBH_AUDIO_Control
                0x08008580      0x168 ./Middlewares/ST/STM32_USB_Host_Library/usbh_audio.o
 .text.USBH_AUDIO_OutputStream
                0x080086e8       0xf0 ./Middlewares/ST/STM32_USB_Host_Library/usbh_audio.o
 .text.USBH_AUDIO_Transmit
                0x080087d8      0x168 ./Middlewares/ST/STM32_USB_Host_Library/usbh_audio.o
 .text.USBH_AUDIO_SetControlAttribute
                0x08008940       0xf8 ./Middlewares/ST/STM32_USB_Host_Library/usbh_audio.o
 .text.AUDIO_SetVolume
                0x08008a38       0x52 ./Middlewares/ST/STM32_USB_Host_Library/usbh_audio.o
 .text.USBH_AUDIO_FrequencySet
                0x08008a8a       0x14 ./Middlewares/ST/STM32_USB_Host_Library/usbh_audio.o
                0x08008a8a                USBH_AUDIO_FrequencySet
 .text.USBH_AUDIO_BufferEmptyCallback
                0x08008a9e       0x14 ./Middlewares/ST/STM32_USB_Host_Library/usbh_audio.o
                0x08008a9e                USBH_AUDIO_BufferEmptyCallback
 .text.USBH_CDC_InterfaceInit
                0x08008ab2      0x2ac ./Middlewares/ST/STM32_USB_Host_Library/usbh_cdc.o
 .text.USBH_CDC_InterfaceDeInit
                0x08008d5e       0xb2 ./Middlewares/ST/STM32_USB_Host_Library/usbh_cdc.o
 .text.USBH_CDC_ClassRequest
                0x08008e10       0x60 ./Middlewares/ST/STM32_USB_Host_Library/usbh_cdc.o
 .text.USBH_CDC_Process
                0x08008e70      0x12c ./Middlewares/ST/STM32_USB_Host_Library/usbh_cdc.o
 .text.USBH_CDC_SOFProcess
                0x08008f9c       0x16 ./Middlewares/ST/STM32_USB_Host_Library/usbh_cdc.o
 .text.GetLineCoding
                0x08008fb2       0x3e ./Middlewares/ST/STM32_USB_Host_Library/usbh_cdc.o
 .text.SetLineCoding
                0x08008ff0       0x3e ./Middlewares/ST/STM32_USB_Host_Library/usbh_cdc.o
 .text.CDC_ProcessTransmission
                0x0800902e       0xec ./Middlewares/ST/STM32_USB_Host_Library/usbh_cdc.o
 .text.CDC_ProcessReception
                0x0800911a       0xb6 ./Middlewares/ST/STM32_USB_Host_Library/usbh_cdc.o
 .text.USBH_CDC_TransmitCallback
                0x080091d0       0x14 ./Middlewares/ST/STM32_USB_Host_Library/usbh_cdc.o
                0x080091d0                USBH_CDC_TransmitCallback
 .text.USBH_CDC_ReceiveCallback
                0x080091e4       0x14 ./Middlewares/ST/STM32_USB_Host_Library/usbh_cdc.o
                0x080091e4                USBH_CDC_ReceiveCallback
 .text.USBH_CDC_LineCodingChanged
                0x080091f8       0x14 ./Middlewares/ST/STM32_USB_Host_Library/usbh_cdc.o
                0x080091f8                USBH_CDC_LineCodingChanged
 .text.USBH_Init
                0x0800920c       0x90 ./Middlewares/ST/STM32_USB_Host_Library/usbh_core.o
                0x0800920c                USBH_Init
 .text.DeInitStateMachine
                0x0800929c       0xe6 ./Middlewares/ST/STM32_USB_Host_Library/usbh_core.o
 *fill*         0x08009382        0x2 
 .text.USBH_RegisterClass
                0x08009384       0x84 ./Middlewares/ST/STM32_USB_Host_Library/usbh_core.o
                0x08009384                USBH_RegisterClass
 .text.USBH_SelectInterface
                0x08009408       0xd0 ./Middlewares/ST/STM32_USB_Host_Library/usbh_core.o
                0x08009408                USBH_SelectInterface
 .text.USBH_FindInterface
                0x080094d8       0x8c ./Middlewares/ST/STM32_USB_Host_Library/usbh_core.o
                0x080094d8                USBH_FindInterface
 .text.USBH_FindInterfaceIndex
                0x08009564       0x66 ./Middlewares/ST/STM32_USB_Host_Library/usbh_core.o
                0x08009564                USBH_FindInterfaceIndex
 .text.USBH_Start
                0x080095ca       0x20 ./Middlewares/ST/STM32_USB_Host_Library/usbh_core.o
                0x080095ca                USBH_Start
 .text.USBH_LL_SetTimer
                0x080095ea       0x1e ./Middlewares/ST/STM32_USB_Host_Library/usbh_core.o
                0x080095ea                USBH_LL_SetTimer
 .text.USBH_LL_IncTimer
                0x08009608       0x24 ./Middlewares/ST/STM32_USB_Host_Library/usbh_core.o
                0x08009608                USBH_LL_IncTimer
 .text.USBH_HandleSof
                0x0800962c       0x30 ./Middlewares/ST/STM32_USB_Host_Library/usbh_core.o
 .text.USBH_LL_PortEnabled
                0x0800965c       0x1c ./Middlewares/ST/STM32_USB_Host_Library/usbh_core.o
                0x0800965c                USBH_LL_PortEnabled
 .text.USBH_LL_PortDisabled
                0x08009678       0x24 ./Middlewares/ST/STM32_USB_Host_Library/usbh_core.o
                0x08009678                USBH_LL_PortDisabled
 .text.USBH_LL_Connect
                0x0800969c       0x2e ./Middlewares/ST/STM32_USB_Host_Library/usbh_core.o
                0x0800969c                USBH_LL_Connect
 .text.USBH_LL_Disconnect
                0x080096ca       0x48 ./Middlewares/ST/STM32_USB_Host_Library/usbh_core.o
                0x080096ca                USBH_LL_Disconnect
 .text.USBH_GetDescriptor
                0x08009712       0x6a ./Middlewares/ST/STM32_USB_Host_Library/usbh_ctlreq.o
                0x08009712                USBH_GetDescriptor
 .text.USBH_SetInterface
                0x0800977c       0x4e ./Middlewares/ST/STM32_USB_Host_Library/usbh_ctlreq.o
                0x0800977c                USBH_SetInterface
 .text.USBH_ClrFeature
                0x080097ca       0x48 ./Middlewares/ST/STM32_USB_Host_Library/usbh_ctlreq.o
                0x080097ca                USBH_ClrFeature
 .text.USBH_GetNextDesc
                0x08009812       0x34 ./Middlewares/ST/STM32_USB_Host_Library/usbh_ctlreq.o
                0x08009812                USBH_GetNextDesc
 .text.USBH_CtlReq
                0x08009846       0x7a ./Middlewares/ST/STM32_USB_Host_Library/usbh_ctlreq.o
                0x08009846                USBH_CtlReq
 .text.USBH_HandleControl
                0x080098c0      0x304 ./Middlewares/ST/STM32_USB_Host_Library/usbh_ctlreq.o
 .text.USBH_HID_InterfaceInit
                0x08009bc4      0x2b8 ./Middlewares/ST/STM32_USB_Host_Library/usbh_hid.o
 .text.USBH_HID_InterfaceDeInit
                0x08009e7c       0x8c ./Middlewares/ST/STM32_USB_Host_Library/usbh_hid.o
 .text.USBH_HID_ClassRequest
                0x08009f08      0x12c ./Middlewares/ST/STM32_USB_Host_Library/usbh_hid.o
 .text.USBH_HID_Process
                0x0800a034      0x1c0 ./Middlewares/ST/STM32_USB_Host_Library/usbh_hid.o
 .text.USBH_HID_SOFProcess
                0x0800a1f4       0x42 ./Middlewares/ST/STM32_USB_Host_Library/usbh_hid.o
 *fill*         0x0800a236        0x2 
 .text.USBH_HID_GetHIDReportDescriptor
                0x0800a238       0x58 ./Middlewares/ST/STM32_USB_Host_Library/usbh_hid.o
                0x0800a238                USBH_HID_GetHIDReportDescriptor
 .text.USBH_HID_SetIdle
                0x0800a290       0x50 ./Middlewares/ST/STM32_USB_Host_Library/usbh_hid.o
                0x0800a290                USBH_HID_SetIdle
 .text.USBH_HID_GetReport
                0x0800a2e0       0x58 ./Middlewares/ST/STM32_USB_Host_Library/usbh_hid.o
                0x0800a2e0                USBH_HID_GetReport
 .text.USBH_HID_SetProtocol
                0x0800a338       0x4c ./Middlewares/ST/STM32_USB_Host_Library/usbh_hid.o
                0x0800a338                USBH_HID_SetProtocol
 .text.USBH_HID_ParseHIDDesc
                0x0800a384       0xb6 ./Middlewares/ST/STM32_USB_Host_Library/usbh_hid.o
 .text.USBH_HID_FifoInit
                0x0800a43a       0x38 ./Middlewares/ST/STM32_USB_Host_Library/usbh_hid.o
                0x0800a43a                USBH_HID_FifoInit
 .text.USBH_HID_FifoWrite
                0x0800a472       0xa8 ./Middlewares/ST/STM32_USB_Host_Library/usbh_hid.o
                0x0800a472                USBH_HID_FifoWrite
 .text.USBH_HID_EventCallback
                0x0800a51a       0x14 ./Middlewares/ST/STM32_USB_Host_Library/usbh_hid.o
                0x0800a51a                USBH_HID_EventCallback
 *fill*         0x0800a52e        0x2 
 .text.USBH_HID_KeybdInit
                0x0800a530       0xa8 ./Middlewares/ST/STM32_USB_Host_Library/usbh_hid_keybd.o
                0x0800a530                USBH_HID_KeybdInit
 .text.USBH_HID_MouseInit
                0x0800a5d8       0x94 ./Middlewares/ST/STM32_USB_Host_Library/usbh_hid_mouse.o
                0x0800a5d8                USBH_HID_MouseInit
 .text.USBH_CtlSendSetup
                0x0800a66c       0x34 ./Middlewares/ST/STM32_USB_Host_Library/usbh_ioreq.o
                0x0800a66c                USBH_CtlSendSetup
 .text.USBH_CtlSendData
                0x0800a6a0       0x4a ./Middlewares/ST/STM32_USB_Host_Library/usbh_ioreq.o
                0x0800a6a0                USBH_CtlSendData
 .text.USBH_CtlReceiveData
                0x0800a6ea       0x3c ./Middlewares/ST/STM32_USB_Host_Library/usbh_ioreq.o
                0x0800a6ea                USBH_CtlReceiveData
 .text.USBH_BulkSendData
                0x0800a726       0x4a ./Middlewares/ST/STM32_USB_Host_Library/usbh_ioreq.o
                0x0800a726                USBH_BulkSendData
 .text.USBH_BulkReceiveData
                0x0800a770       0x3c ./Middlewares/ST/STM32_USB_Host_Library/usbh_ioreq.o
                0x0800a770                USBH_BulkReceiveData
 .text.USBH_InterruptReceiveData
                0x0800a7ac       0x3e ./Middlewares/ST/STM32_USB_Host_Library/usbh_ioreq.o
                0x0800a7ac                USBH_InterruptReceiveData
 .text.USBH_IsocSendData
                0x0800a7ea       0x36 ./Middlewares/ST/STM32_USB_Host_Library/usbh_ioreq.o
                0x0800a7ea                USBH_IsocSendData
 .text.USBH_MSC_InterfaceInit
                0x0800a820      0x244 ./Middlewares/ST/STM32_USB_Host_Library/usbh_msc.o
 .text.USBH_MSC_InterfaceDeInit
                0x0800aa64       0x8c ./Middlewares/ST/STM32_USB_Host_Library/usbh_msc.o
 .text.USBH_MSC_ClassRequest
                0x0800aaf0       0xe4 ./Middlewares/ST/STM32_USB_Host_Library/usbh_msc.o
 .text.USBH_MSC_Process
                0x0800abd4      0x790 ./Middlewares/ST/STM32_USB_Host_Library/usbh_msc.o
 .text.USBH_MSC_SOFProcess
                0x0800b364       0x16 ./Middlewares/ST/STM32_USB_Host_Library/usbh_msc.o
 .text.USBH_MSC_BOT_REQ_Reset
                0x0800b37a       0x3a ./Middlewares/ST/STM32_USB_Host_Library/usbh_msc_bot.o
                0x0800b37a                USBH_MSC_BOT_REQ_Reset
 .text.USBH_MSC_BOT_REQ_GetMaxLUN
                0x0800b3b4       0x3c ./Middlewares/ST/STM32_USB_Host_Library/usbh_msc_bot.o
                0x0800b3b4                USBH_MSC_BOT_REQ_GetMaxLUN
 .text.USBH_MSC_BOT_Init
                0x0800b3f0       0x44 ./Middlewares/ST/STM32_USB_Host_Library/usbh_msc_bot.o
                0x0800b3f0                USBH_MSC_BOT_Init
 .text.USBH_MSC_BOT_Process
                0x0800b434      0x39c ./Middlewares/ST/STM32_USB_Host_Library/usbh_msc_bot.o
                0x0800b434                USBH_MSC_BOT_Process
 .text.USBH_MSC_BOT_Abort
                0x0800b7d0       0x58 ./Middlewares/ST/STM32_USB_Host_Library/usbh_msc_bot.o
 .text.USBH_MSC_DecodeCSW
                0x0800b828       0x88 ./Middlewares/ST/STM32_USB_Host_Library/usbh_msc_bot.o
 .text.USBH_MSC_SCSI_TestUnitReady
                0x0800b8b0       0x86 ./Middlewares/ST/STM32_USB_Host_Library/usbh_msc_scsi.o
                0x0800b8b0                USBH_MSC_SCSI_TestUnitReady
 .text.USBH_MSC_SCSI_ReadCapacity
                0x0800b936       0xf4 ./Middlewares/ST/STM32_USB_Host_Library/usbh_msc_scsi.o
                0x0800b936                USBH_MSC_SCSI_ReadCapacity
 .text.USBH_MSC_SCSI_Inquiry
                0x0800ba2a      0x14a ./Middlewares/ST/STM32_USB_Host_Library/usbh_msc_scsi.o
                0x0800ba2a                USBH_MSC_SCSI_Inquiry
 .text.USBH_MSC_SCSI_RequestSense
                0x0800bb74      0x110 ./Middlewares/ST/STM32_USB_Host_Library/usbh_msc_scsi.o
                0x0800bb74                USBH_MSC_SCSI_RequestSense
 .text.USBH_MTP_InterfaceInit
                0x0800bc84      0x34e ./Middlewares/ST/STM32_USB_Host_Library/usbh_mtp.o
 .text.MTP_FindCtlEndpoint
                0x0800bfd2       0xb4 ./Middlewares/ST/STM32_USB_Host_Library/usbh_mtp.o
 .text.MTP_FindDataOutEndpoint
                0x0800c086       0xb4 ./Middlewares/ST/STM32_USB_Host_Library/usbh_mtp.o
 .text.MTP_FindDataInEndpoint
                0x0800c13a       0xb4 ./Middlewares/ST/STM32_USB_Host_Library/usbh_mtp.o
 .text.USBH_MTP_InterfaceDeInit
                0x0800c1ee       0xfa ./Middlewares/ST/STM32_USB_Host_Library/usbh_mtp.o
 .text.USBH_MTP_ClassRequest
                0x0800c2e8       0x16 ./Middlewares/ST/STM32_USB_Host_Library/usbh_mtp.o
 *fill*         0x0800c2fe        0x2 
 .text.USBH_MTP_Process
                0x0800c300      0x244 ./Middlewares/ST/STM32_USB_Host_Library/usbh_mtp.o
 .text.USBH_MTP_SOFProcess
                0x0800c544       0x16 ./Middlewares/ST/STM32_USB_Host_Library/usbh_mtp.o
 .text.USBH_MTP_Events
                0x0800c55a       0xfe ./Middlewares/ST/STM32_USB_Host_Library/usbh_mtp.o
 .text.MTP_DecodeEvent
                0x0800c658       0x90 ./Middlewares/ST/STM32_USB_Host_Library/usbh_mtp.o
 .text.USBH_MTP_EventsCallback
                0x0800c6e8       0x18 ./Middlewares/ST/STM32_USB_Host_Library/usbh_mtp.o
                0x0800c6e8                USBH_MTP_EventsCallback
 .text.USBH_PTP_Init
                0x0800c700       0x38 ./Middlewares/ST/STM32_USB_Host_Library/usbh_mtp_ptp.o
                0x0800c700                USBH_PTP_Init
 .text.USBH_PTP_Process
                0x0800c738      0x52c ./Middlewares/ST/STM32_USB_Host_Library/usbh_mtp_ptp.o
                0x0800c738                USBH_PTP_Process
 .text.USBH_PTP_SendRequest
                0x0800cc64       0xb6 ./Middlewares/ST/STM32_USB_Host_Library/usbh_mtp_ptp.o
                0x0800cc64                USBH_PTP_SendRequest
 .text.USBH_PTP_GetResponse
                0x0800cd1a       0x96 ./Middlewares/ST/STM32_USB_Host_Library/usbh_mtp_ptp.o
                0x0800cd1a                USBH_PTP_GetResponse
 .text.PTP_BufferFullCallback
                0x0800cdb0      0x128 ./Middlewares/ST/STM32_USB_Host_Library/usbh_mtp_ptp.o
 .text.PTP_DecodeDeviceInfo
                0x0800ced8      0x228 ./Middlewares/ST/STM32_USB_Host_Library/usbh_mtp_ptp.o
 .text.PTP_GetStorageIDs
                0x0800d100       0x3a ./Middlewares/ST/STM32_USB_Host_Library/usbh_mtp_ptp.o
 .text.PTP_GetStorageInfo
                0x0800d13a      0x430 ./Middlewares/ST/STM32_USB_Host_Library/usbh_mtp_ptp.o
 .text.PTP_GetString
                0x0800d56a       0x5c ./Middlewares/ST/STM32_USB_Host_Library/usbh_mtp_ptp.o
 .text.PTP_GetArray16
                0x0800d5c6       0x82 ./Middlewares/ST/STM32_USB_Host_Library/usbh_mtp_ptp.o
 .text.PTP_GetArray32
                0x0800d648       0xc8 ./Middlewares/ST/STM32_USB_Host_Library/usbh_mtp_ptp.o
 .text.USBH_PTP_OpenSession
                0x0800d710       0xca ./Middlewares/ST/STM32_USB_Host_Library/usbh_mtp_ptp.o
                0x0800d710                USBH_PTP_OpenSession
 .text.USBH_PTP_GetDeviceInfo
                0x0800d7da       0xfe ./Middlewares/ST/STM32_USB_Host_Library/usbh_mtp_ptp.o
                0x0800d7da                USBH_PTP_GetDeviceInfo
 .text.USBH_PTP_GetStorageIds
                0x0800d8d8       0xfe ./Middlewares/ST/STM32_USB_Host_Library/usbh_mtp_ptp.o
                0x0800d8d8                USBH_PTP_GetStorageIds
 .text.USBH_PTP_GetStorageInfo
                0x0800d9d6      0x106 ./Middlewares/ST/STM32_USB_Host_Library/usbh_mtp_ptp.o
                0x0800d9d6                USBH_PTP_GetStorageInfo
 .text.USBH_OpenPipe
                0x0800dadc       0x3e ./Middlewares/ST/STM32_USB_Host_Library/usbh_pipes.o
                0x0800dadc                USBH_OpenPipe
 .text.USBH_ClosePipe
                0x0800db1a       0x20 ./Middlewares/ST/STM32_USB_Host_Library/usbh_pipes.o
                0x0800db1a                USBH_ClosePipe
 .text.USBH_AllocPipe
                0x0800db3a       0x44 ./Middlewares/ST/STM32_USB_Host_Library/usbh_pipes.o
                0x0800db3a                USBH_AllocPipe
 .text.USBH_FreePipe
                0x0800db7e       0x40 ./Middlewares/ST/STM32_USB_Host_Library/usbh_pipes.o
                0x0800db7e                USBH_FreePipe
 .text.USBH_GetFreePipe
                0x0800dbbe       0x4a ./Middlewares/ST/STM32_USB_Host_Library/usbh_pipes.o
 .text.MX_USB_HOST_Init
                0x0800dc08       0xa4 ./USB_HOST/App/usb_host.o
                0x0800dc08                MX_USB_HOST_Init
 .text.USBH_UserProcess
                0x0800dcac       0x5c ./USB_HOST/App/usb_host.o
 .text.HAL_HCD_MspInit
                0x0800dd08      0x21c ./USB_HOST/Target/usbh_conf.o
                0x0800dd08                HAL_HCD_MspInit
 .text.HAL_HCD_SOF_Callback
                0x0800df24       0x1c ./USB_HOST/Target/usbh_conf.o
                0x0800df24                HAL_HCD_SOF_Callback
 .text.HAL_HCD_Connect_Callback
                0x0800df40       0x1c ./USB_HOST/Target/usbh_conf.o
                0x0800df40                HAL_HCD_Connect_Callback
 .text.HAL_HCD_Disconnect_Callback
                0x0800df5c       0x1c ./USB_HOST/Target/usbh_conf.o
                0x0800df5c                HAL_HCD_Disconnect_Callback
 .text.HAL_HCD_HC_NotifyURBChange_Callback
                0x0800df78       0x1c ./USB_HOST/Target/usbh_conf.o
                0x0800df78                HAL_HCD_HC_NotifyURBChange_Callback
 .text.HAL_HCD_PortEnabled_Callback
                0x0800df94       0x1c ./USB_HOST/Target/usbh_conf.o
                0x0800df94                HAL_HCD_PortEnabled_Callback
 .text.HAL_HCD_PortDisabled_Callback
                0x0800dfb0       0x1c ./USB_HOST/Target/usbh_conf.o
                0x0800dfb0                HAL_HCD_PortDisabled_Callback
 .text.USBH_LL_Init
                0x0800dfcc       0x84 ./USB_HOST/Target/usbh_conf.o
                0x0800dfcc                USBH_LL_Init
 .text.USBH_LL_Start
                0x0800e050       0x36 ./USB_HOST/Target/usbh_conf.o
                0x0800e050                USBH_LL_Start
 .text.USBH_LL_Stop
                0x0800e086       0x36 ./USB_HOST/Target/usbh_conf.o
                0x0800e086                USBH_LL_Stop
 .text.USBH_LL_GetLastXferSize
                0x0800e0bc       0x26 ./USB_HOST/Target/usbh_conf.o
                0x0800e0bc                USBH_LL_GetLastXferSize
 .text.USBH_LL_OpenPipe
                0x0800e0e2       0x5e ./USB_HOST/Target/usbh_conf.o
                0x0800e0e2                USBH_LL_OpenPipe
 .text.USBH_LL_ClosePipe
                0x0800e140       0x3e ./USB_HOST/Target/usbh_conf.o
                0x0800e140                USBH_LL_ClosePipe
 .text.USBH_LL_SubmitURB
                0x0800e17e       0x62 ./USB_HOST/Target/usbh_conf.o
                0x0800e17e                USBH_LL_SubmitURB
 .text.USBH_LL_GetURBState
                0x0800e1e0       0x26 ./USB_HOST/Target/usbh_conf.o
                0x0800e1e0                USBH_LL_GetURBState
 .text.USBH_LL_DriverVBUS
                0x0800e206       0x1c ./USB_HOST/Target/usbh_conf.o
                0x0800e206                USBH_LL_DriverVBUS
 .text.USBH_LL_SetToggle
                0x0800e222       0x66 ./USB_HOST/Target/usbh_conf.o
                0x0800e222                USBH_LL_SetToggle
 .text.USBH_LL_GetToggle
                0x0800e288       0x66 ./USB_HOST/Target/usbh_conf.o
                0x0800e288                USBH_LL_GetToggle
 *fill*         0x0800e2ee        0x2 
 .text.USBH_Get_USB_Status
                0x0800e2f0       0x58 ./USB_HOST/Target/usbh_conf.o
                0x0800e2f0                USBH_Get_USB_Status
 .text.malloc   0x0800e348       0x10 C:/ST/STM32CubeIDE_1.19.0/STM32CubeIDE/plugins/com.st.stm32cube.ide.mcu.externaltools.gnu-tools-for-stm32.13.3.rel1.win32_1.0.0.202411081344/tools/bin/../lib/gcc/arm-none-eabi/13.3.1/../../../../arm-none-eabi/lib/thumb/v7e-m+dp/hard\libc_nano.a(libc_a-malloc.o)
                0x0800e348                malloc
 .text.free     0x0800e358       0x10 C:/ST/STM32CubeIDE_1.19.0/STM32CubeIDE/plugins/com.st.stm32cube.ide.mcu.externaltools.gnu-tools-for-stm32.13.3.rel1.win32_1.0.0.202411081344/tools/bin/../lib/gcc/arm-none-eabi/13.3.1/../../../../arm-none-eabi/lib/thumb/v7e-m+dp/hard\libc_nano.a(libc_a-malloc.o)
                0x0800e358                free
 .text.sbrk_aligned
                0x0800e368       0x44 C:/ST/STM32CubeIDE_1.19.0/STM32CubeIDE/plugins/com.st.stm32cube.ide.mcu.externaltools.gnu-tools-for-stm32.13.3.rel1.win32_1.0.0.202411081344/tools/bin/../lib/gcc/arm-none-eabi/13.3.1/../../../../arm-none-eabi/lib/thumb/v7e-m+dp/hard\libc_nano.a(libc_a-mallocr.o)
 .text._malloc_r
                0x0800e3ac      0x100 C:/ST/STM32CubeIDE_1.19.0/STM32CubeIDE/plugins/com.st.stm32cube.ide.mcu.externaltools.gnu-tools-for-stm32.13.3.rel1.win32_1.0.0.202411081344/tools/bin/../lib/gcc/arm-none-eabi/13.3.1/../../../../arm-none-eabi/lib/thumb/v7e-m+dp/hard\libc_nano.a(libc_a-mallocr.o)
                0x0800e3ac                _malloc_r
 .text.__malloc_lock
                0x0800e4ac        0xc C:/ST/STM32CubeIDE_1.19.0/STM32CubeIDE/plugins/com.st.stm32cube.ide.mcu.externaltools.gnu-tools-for-stm32.13.3.rel1.win32_1.0.0.202411081344/tools/bin/../lib/gcc/arm-none-eabi/13.3.1/../../../../arm-none-eabi/lib/thumb/v7e-m+dp/hard\libc_nano.a(libc_a-mlock.o)
                0x0800e4ac                __malloc_lock
 .text.__malloc_unlock
                0x0800e4b8        0xc C:/ST/STM32CubeIDE_1.19.0/STM32CubeIDE/plugins/com.st.stm32cube.ide.mcu.externaltools.gnu-tools-for-stm32.13.3.rel1.win32_1.0.0.202411081344/tools/bin/../lib/gcc/arm-none-eabi/13.3.1/../../../../arm-none-eabi/lib/thumb/v7e-m+dp/hard\libc_nano.a(libc_a-mlock.o)
                0x0800e4b8                __malloc_unlock
 .text.std      0x0800e4c4       0x6c C:/ST/STM32CubeIDE_1.19.0/STM32CubeIDE/plugins/com.st.stm32cube.ide.mcu.externaltools.gnu-tools-for-stm32.13.3.rel1.win32_1.0.0.202411081344/tools/bin/../lib/gcc/arm-none-eabi/13.3.1/../../../../arm-none-eabi/lib/thumb/v7e-m+dp/hard\libc_nano.a(libc_a-findfp.o)
 .text.stdio_exit_handler
                0x0800e530       0x18 C:/ST/STM32CubeIDE_1.19.0/STM32CubeIDE/plugins/com.st.stm32cube.ide.mcu.externaltools.gnu-tools-for-stm32.13.3.rel1.win32_1.0.0.202411081344/tools/bin/../lib/gcc/arm-none-eabi/13.3.1/../../../../arm-none-eabi/lib/thumb/v7e-m+dp/hard\libc_nano.a(libc_a-findfp.o)
 .text.cleanup_stdio
                0x0800e548       0x40 C:/ST/STM32CubeIDE_1.19.0/STM32CubeIDE/plugins/com.st.stm32cube.ide.mcu.externaltools.gnu-tools-for-stm32.13.3.rel1.win32_1.0.0.202411081344/tools/bin/../lib/gcc/arm-none-eabi/13.3.1/../../../../arm-none-eabi/lib/thumb/v7e-m+dp/hard\libc_nano.a(libc_a-findfp.o)
 .text.global_stdio_init.part.0
                0x0800e588       0x3c C:/ST/STM32CubeIDE_1.19.0/STM32CubeIDE/plugins/com.st.stm32cube.ide.mcu.externaltools.gnu-tools-for-stm32.13.3.rel1.win32_1.0.0.202411081344/tools/bin/../lib/gcc/arm-none-eabi/13.3.1/../../../../arm-none-eabi/lib/thumb/v7e-m+dp/hard\libc_nano.a(libc_a-findfp.o)
 .text.__sfp_lock_acquire
                0x0800e5c4        0xc C:/ST/STM32CubeIDE_1.19.0/STM32CubeIDE/plugins/com.st.stm32cube.ide.mcu.externaltools.gnu-tools-for-stm32.13.3.rel1.win32_1.0.0.202411081344/tools/bin/../lib/gcc/arm-none-eabi/13.3.1/../../../../arm-none-eabi/lib/thumb/v7e-m+dp/hard\libc_nano.a(libc_a-findfp.o)
                0x0800e5c4                __sfp_lock_acquire
 .text.__sfp_lock_release
                0x0800e5d0        0xc C:/ST/STM32CubeIDE_1.19.0/STM32CubeIDE/plugins/com.st.stm32cube.ide.mcu.externaltools.gnu-tools-for-stm32.13.3.rel1.win32_1.0.0.202411081344/tools/bin/../lib/gcc/arm-none-eabi/13.3.1/../../../../arm-none-eabi/lib/thumb/v7e-m+dp/hard\libc_nano.a(libc_a-findfp.o)
                0x0800e5d0                __sfp_lock_release
 .text.__sinit  0x0800e5dc       0x30 C:/ST/STM32CubeIDE_1.19.0/STM32CubeIDE/plugins/com.st.stm32cube.ide.mcu.externaltools.gnu-tools-for-stm32.13.3.rel1.win32_1.0.0.202411081344/tools/bin/../lib/gcc/arm-none-eabi/13.3.1/../../../../arm-none-eabi/lib/thumb/v7e-m+dp/hard\libc_nano.a(libc_a-findfp.o)
                0x0800e5dc                __sinit
 .text._fwalk_sglue
                0x0800e60c       0x3c C:/ST/STM32CubeIDE_1.19.0/STM32CubeIDE/plugins/com.st.stm32cube.ide.mcu.externaltools.gnu-tools-for-stm32.13.3.rel1.win32_1.0.0.202411081344/tools/bin/../lib/gcc/arm-none-eabi/13.3.1/../../../../arm-none-eabi/lib/thumb/v7e-m+dp/hard\libc_nano.a(libc_a-fwalk.o)
                0x0800e60c                _fwalk_sglue
 .text.printf   0x0800e648       0x24 C:/ST/STM32CubeIDE_1.19.0/STM32CubeIDE/plugins/com.st.stm32cube.ide.mcu.externaltools.gnu-tools-for-stm32.13.3.rel1.win32_1.0.0.202411081344/tools/bin/../lib/gcc/arm-none-eabi/13.3.1/../../../../arm-none-eabi/lib/thumb/v7e-m+dp/hard\libc_nano.a(libc_a-printf.o)
                0x0800e648                iprintf
                0x0800e648                printf
 .text.putchar  0x0800e66c       0x10 C:/ST/STM32CubeIDE_1.19.0/STM32CubeIDE/plugins/com.st.stm32cube.ide.mcu.externaltools.gnu-tools-for-stm32.13.3.rel1.win32_1.0.0.202411081344/tools/bin/../lib/gcc/arm-none-eabi/13.3.1/../../../../arm-none-eabi/lib/thumb/v7e-m+dp/hard\libc_nano.a(libc_a-putchar.o)
                0x0800e66c                putchar
 .text.__sread  0x0800e67c       0x22 C:/ST/STM32CubeIDE_1.19.0/STM32CubeIDE/plugins/com.st.stm32cube.ide.mcu.externaltools.gnu-tools-for-stm32.13.3.rel1.win32_1.0.0.202411081344/tools/bin/../lib/gcc/arm-none-eabi/13.3.1/../../../../arm-none-eabi/lib/thumb/v7e-m+dp/hard\libc_nano.a(libc_a-stdio.o)
                0x0800e67c                __sread
 .text.__swrite
                0x0800e69e       0x38 C:/ST/STM32CubeIDE_1.19.0/STM32CubeIDE/plugins/com.st.stm32cube.ide.mcu.externaltools.gnu-tools-for-stm32.13.3.rel1.win32_1.0.0.202411081344/tools/bin/../lib/gcc/arm-none-eabi/13.3.1/../../../../arm-none-eabi/lib/thumb/v7e-m+dp/hard\libc_nano.a(libc_a-stdio.o)
                0x0800e69e                __swrite
 .text.__sseek  0x0800e6d6       0x24 C:/ST/STM32CubeIDE_1.19.0/STM32CubeIDE/plugins/com.st.stm32cube.ide.mcu.externaltools.gnu-tools-for-stm32.13.3.rel1.win32_1.0.0.202411081344/tools/bin/../lib/gcc/arm-none-eabi/13.3.1/../../../../arm-none-eabi/lib/thumb/v7e-m+dp/hard\libc_nano.a(libc_a-stdio.o)
                0x0800e6d6                __sseek
 .text.__sclose
                0x0800e6fa        0x8 C:/ST/STM32CubeIDE_1.19.0/STM32CubeIDE/plugins/com.st.stm32cube.ide.mcu.externaltools.gnu-tools-for-stm32.13.3.rel1.win32_1.0.0.202411081344/tools/bin/../lib/gcc/arm-none-eabi/13.3.1/../../../../arm-none-eabi/lib/thumb/v7e-m+dp/hard\libc_nano.a(libc_a-stdio.o)
                0x0800e6fa                __sclose
 .text.memset   0x0800e702       0x10 C:/ST/STM32CubeIDE_1.19.0/STM32CubeIDE/plugins/com.st.stm32cube.ide.mcu.externaltools.gnu-tools-for-stm32.13.3.rel1.win32_1.0.0.202411081344/tools/bin/../lib/gcc/arm-none-eabi/13.3.1/../../../../arm-none-eabi/lib/thumb/v7e-m+dp/hard\libc_nano.a(libc_a-memset.o)
                0x0800e702                memset
 *fill*         0x0800e712        0x2 
 .text._close_r
                0x0800e714       0x20 C:/ST/STM32CubeIDE_1.19.0/STM32CubeIDE/plugins/com.st.stm32cube.ide.mcu.externaltools.gnu-tools-for-stm32.13.3.rel1.win32_1.0.0.202411081344/tools/bin/../lib/gcc/arm-none-eabi/13.3.1/../../../../arm-none-eabi/lib/thumb/v7e-m+dp/hard\libc_nano.a(libc_a-closer.o)
                0x0800e714                _close_r
 .text._lseek_r
                0x0800e734       0x24 C:/ST/STM32CubeIDE_1.19.0/STM32CubeIDE/plugins/com.st.stm32cube.ide.mcu.externaltools.gnu-tools-for-stm32.13.3.rel1.win32_1.0.0.202411081344/tools/bin/../lib/gcc/arm-none-eabi/13.3.1/../../../../arm-none-eabi/lib/thumb/v7e-m+dp/hard\libc_nano.a(libc_a-lseekr.o)
                0x0800e734                _lseek_r
 .text._read_r  0x0800e758       0x24 C:/ST/STM32CubeIDE_1.19.0/STM32CubeIDE/plugins/com.st.stm32cube.ide.mcu.externaltools.gnu-tools-for-stm32.13.3.rel1.win32_1.0.0.202411081344/tools/bin/../lib/gcc/arm-none-eabi/13.3.1/../../../../arm-none-eabi/lib/thumb/v7e-m+dp/hard\libc_nano.a(libc_a-readr.o)
                0x0800e758                _read_r
 .text._sbrk_r  0x0800e77c       0x20 C:/ST/STM32CubeIDE_1.19.0/STM32CubeIDE/plugins/com.st.stm32cube.ide.mcu.externaltools.gnu-tools-for-stm32.13.3.rel1.win32_1.0.0.202411081344/tools/bin/../lib/gcc/arm-none-eabi/13.3.1/../../../../arm-none-eabi/lib/thumb/v7e-m+dp/hard\libc_nano.a(libc_a-sbrkr.o)
                0x0800e77c                _sbrk_r
 .text._write_r
                0x0800e79c       0x24 C:/ST/STM32CubeIDE_1.19.0/STM32CubeIDE/plugins/com.st.stm32cube.ide.mcu.externaltools.gnu-tools-for-stm32.13.3.rel1.win32_1.0.0.202411081344/tools/bin/../lib/gcc/arm-none-eabi/13.3.1/../../../../arm-none-eabi/lib/thumb/v7e-m+dp/hard\libc_nano.a(libc_a-writer.o)
                0x0800e79c                _write_r
 .text.__errno  0x0800e7c0        0xc C:/ST/STM32CubeIDE_1.19.0/STM32CubeIDE/plugins/com.st.stm32cube.ide.mcu.externaltools.gnu-tools-for-stm32.13.3.rel1.win32_1.0.0.202411081344/tools/bin/../lib/gcc/arm-none-eabi/13.3.1/../../../../arm-none-eabi/lib/thumb/v7e-m+dp/hard\libc_nano.a(libc_a-errno.o)
                0x0800e7c0                __errno
 .text.__libc_init_array
                0x0800e7cc       0x48 C:/ST/STM32CubeIDE_1.19.0/STM32CubeIDE/plugins/com.st.stm32cube.ide.mcu.externaltools.gnu-tools-for-stm32.13.3.rel1.win32_1.0.0.202411081344/tools/bin/../lib/gcc/arm-none-eabi/13.3.1/../../../../arm-none-eabi/lib/thumb/v7e-m+dp/hard\libc_nano.a(libc_a-init.o)
                0x0800e7cc                __libc_init_array
 .text.__retarget_lock_init_recursive
                0x0800e814        0x2 C:/ST/STM32CubeIDE_1.19.0/STM32CubeIDE/plugins/com.st.stm32cube.ide.mcu.externaltools.gnu-tools-for-stm32.13.3.rel1.win32_1.0.0.202411081344/tools/bin/../lib/gcc/arm-none-eabi/13.3.1/../../../../arm-none-eabi/lib/thumb/v7e-m+dp/hard\libc_nano.a(libc_a-lock.o)
                0x0800e814                __retarget_lock_init_recursive
 .text.__retarget_lock_acquire_recursive
                0x0800e816        0x2 C:/ST/STM32CubeIDE_1.19.0/STM32CubeIDE/plugins/com.st.stm32cube.ide.mcu.externaltools.gnu-tools-for-stm32.13.3.rel1.win32_1.0.0.202411081344/tools/bin/../lib/gcc/arm-none-eabi/13.3.1/../../../../arm-none-eabi/lib/thumb/v7e-m+dp/hard\libc_nano.a(libc_a-lock.o)
                0x0800e816                __retarget_lock_acquire_recursive
 .text.__retarget_lock_release_recursive
                0x0800e818        0x2 C:/ST/STM32CubeIDE_1.19.0/STM32CubeIDE/plugins/com.st.stm32cube.ide.mcu.externaltools.gnu-tools-for-stm32.13.3.rel1.win32_1.0.0.202411081344/tools/bin/../lib/gcc/arm-none-eabi/13.3.1/../../../../arm-none-eabi/lib/thumb/v7e-m+dp/hard\libc_nano.a(libc_a-lock.o)
                0x0800e818                __retarget_lock_release_recursive
 .text.memcpy   0x0800e81a       0x1c C:/ST/STM32CubeIDE_1.19.0/STM32CubeIDE/plugins/com.st.stm32cube.ide.mcu.externaltools.gnu-tools-for-stm32.13.3.rel1.win32_1.0.0.202411081344/tools/bin/../lib/gcc/arm-none-eabi/13.3.1/../../../../arm-none-eabi/lib/thumb/v7e-m+dp/hard\libc_nano.a(libc_a-memcpy-stub.o)
                0x0800e81a                memcpy
 *fill*         0x0800e836        0x2 
 .text._free_r  0x0800e838       0x94 C:/ST/STM32CubeIDE_1.19.0/STM32CubeIDE/plugins/com.st.stm32cube.ide.mcu.externaltools.gnu-tools-for-stm32.13.3.rel1.win32_1.0.0.202411081344/tools/bin/../lib/gcc/arm-none-eabi/13.3.1/../../../../arm-none-eabi/lib/thumb/v7e-m+dp/hard\libc_nano.a(libc_a-freer.o)
                0x0800e838                _free_r
 .text.__sfputc_r
                0x0800e8cc       0x2e C:/ST/STM32CubeIDE_1.19.0/STM32CubeIDE/plugins/com.st.stm32cube.ide.mcu.externaltools.gnu-tools-for-stm32.13.3.rel1.win32_1.0.0.202411081344/tools/bin/../lib/gcc/arm-none-eabi/13.3.1/../../../../arm-none-eabi/lib/thumb/v7e-m+dp/hard\libc_nano.a(libc_a-nano-vfprintf.o)
 .text.__sfputs_r
                0x0800e8fa       0x24 C:/ST/STM32CubeIDE_1.19.0/STM32CubeIDE/plugins/com.st.stm32cube.ide.mcu.externaltools.gnu-tools-for-stm32.13.3.rel1.win32_1.0.0.202411081344/tools/bin/../lib/gcc/arm-none-eabi/13.3.1/../../../../arm-none-eabi/lib/thumb/v7e-m+dp/hard\libc_nano.a(libc_a-nano-vfprintf.o)
                0x0800e8fa                __sfputs_r
 *fill*         0x0800e91e        0x2 
 .text._vfprintf_r
                0x0800e920      0x230 C:/ST/STM32CubeIDE_1.19.0/STM32CubeIDE/plugins/com.st.stm32cube.ide.mcu.externaltools.gnu-tools-for-stm32.13.3.rel1.win32_1.0.0.202411081344/tools/bin/../lib/gcc/arm-none-eabi/13.3.1/../../../../arm-none-eabi/lib/thumb/v7e-m+dp/hard\libc_nano.a(libc_a-nano-vfprintf.o)
                0x0800e920                _vfprintf_r
                0x0800e920                _vfiprintf_r
 .text._printf_common
                0x0800eb50       0xda C:/ST/STM32CubeIDE_1.19.0/STM32CubeIDE/plugins/com.st.stm32cube.ide.mcu.externaltools.gnu-tools-for-stm32.13.3.rel1.win32_1.0.0.202411081344/tools/bin/../lib/gcc/arm-none-eabi/13.3.1/../../../../arm-none-eabi/lib/thumb/v7e-m+dp/hard\libc_nano.a(libc_a-nano-vfprintf_i.o)
                0x0800eb50                _printf_common
 *fill*         0x0800ec2a        0x2 
 .text._printf_i
                0x0800ec2c      0x23c C:/ST/STM32CubeIDE_1.19.0/STM32CubeIDE/plugins/com.st.stm32cube.ide.mcu.externaltools.gnu-tools-for-stm32.13.3.rel1.win32_1.0.0.202411081344/tools/bin/../lib/gcc/arm-none-eabi/13.3.1/../../../../arm-none-eabi/lib/thumb/v7e-m+dp/hard\libc_nano.a(libc_a-nano-vfprintf_i.o)
                0x0800ec2c                _printf_i
 .text.__sflush_r
                0x0800ee68      0x108 C:/ST/STM32CubeIDE_1.19.0/STM32CubeIDE/plugins/com.st.stm32cube.ide.mcu.externaltools.gnu-tools-for-stm32.13.3.rel1.win32_1.0.0.202411081344/tools/bin/../lib/gcc/arm-none-eabi/13.3.1/../../../../arm-none-eabi/lib/thumb/v7e-m+dp/hard\libc_nano.a(libc_a-fflush.o)
                0x0800ee68                __sflush_r
 .text._fflush_r
                0x0800ef70       0x50 C:/ST/STM32CubeIDE_1.19.0/STM32CubeIDE/plugins/com.st.stm32cube.ide.mcu.externaltools.gnu-tools-for-stm32.13.3.rel1.win32_1.0.0.202411081344/tools/bin/../lib/gcc/arm-none-eabi/13.3.1/../../../../arm-none-eabi/lib/thumb/v7e-m+dp/hard\libc_nano.a(libc_a-fflush.o)
                0x0800ef70                _fflush_r
 .text._putc_r  0x0800efc0       0x68 C:/ST/STM32CubeIDE_1.19.0/STM32CubeIDE/plugins/com.st.stm32cube.ide.mcu.externaltools.gnu-tools-for-stm32.13.3.rel1.win32_1.0.0.202411081344/tools/bin/../lib/gcc/arm-none-eabi/13.3.1/../../../../arm-none-eabi/lib/thumb/v7e-m+dp/hard\libc_nano.a(libc_a-putc.o)
                0x0800efc0                _putc_r
 .text.__swbuf_r
                0x0800f028       0x7c C:/ST/STM32CubeIDE_1.19.0/STM32CubeIDE/plugins/com.st.stm32cube.ide.mcu.externaltools.gnu-tools-for-stm32.13.3.rel1.win32_1.0.0.202411081344/tools/bin/../lib/gcc/arm-none-eabi/13.3.1/../../../../arm-none-eabi/lib/thumb/v7e-m+dp/hard\libc_nano.a(libc_a-wbuf.o)
                0x0800f028                __swbuf_r
 .text.__swsetup_r
                0x0800f0a4       0xac C:/ST/STM32CubeIDE_1.19.0/STM32CubeIDE/plugins/com.st.stm32cube.ide.mcu.externaltools.gnu-tools-for-stm32.13.3.rel1.win32_1.0.0.202411081344/tools/bin/../lib/gcc/arm-none-eabi/13.3.1/../../../../arm-none-eabi/lib/thumb/v7e-m+dp/hard\libc_nano.a(libc_a-wsetup.o)
                0x0800f0a4                __swsetup_r
 .text.__swhatbuf_r
                0x0800f150       0x4c C:/ST/STM32CubeIDE_1.19.0/STM32CubeIDE/plugins/com.st.stm32cube.ide.mcu.externaltools.gnu-tools-for-stm32.13.3.rel1.win32_1.0.0.202411081344/tools/bin/../lib/gcc/arm-none-eabi/13.3.1/../../../../arm-none-eabi/lib/thumb/v7e-m+dp/hard\libc_nano.a(libc_a-makebuf.o)
                0x0800f150                __swhatbuf_r
 .text.__smakebuf_r
                0x0800f19c       0x78 C:/ST/STM32CubeIDE_1.19.0/STM32CubeIDE/plugins/com.st.stm32cube.ide.mcu.externaltools.gnu-tools-for-stm32.13.3.rel1.win32_1.0.0.202411081344/tools/bin/../lib/gcc/arm-none-eabi/13.3.1/../../../../arm-none-eabi/lib/thumb/v7e-m+dp/hard\libc_nano.a(libc_a-makebuf.o)
                0x0800f19c                __smakebuf_r
 .text._fstat_r
                0x0800f214       0x24 C:/ST/STM32CubeIDE_1.19.0/STM32CubeIDE/plugins/com.st.stm32cube.ide.mcu.externaltools.gnu-tools-for-stm32.13.3.rel1.win32_1.0.0.202411081344/tools/bin/../lib/gcc/arm-none-eabi/13.3.1/../../../../arm-none-eabi/lib/thumb/v7e-m+dp/hard\libc_nano.a(libc_a-fstatr.o)
                0x0800f214                _fstat_r
 .text._isatty_r
                0x0800f238       0x20 C:/ST/STM32CubeIDE_1.19.0/STM32CubeIDE/plugins/com.st.stm32cube.ide.mcu.externaltools.gnu-tools-for-stm32.13.3.rel1.win32_1.0.0.202411081344/tools/bin/../lib/gcc/arm-none-eabi/13.3.1/../../../../arm-none-eabi/lib/thumb/v7e-m+dp/hard\libc_nano.a(libc_a-isattyr.o)
                0x0800f238                _isatty_r
 *(.glue_7)
 .glue_7        0x0800f258        0x0 linker stubs
 *(.glue_7t)
 .glue_7t       0x0800f258        0x0 linker stubs
 *(.eh_frame)
 .eh_frame      0x0800f258        0x0 C:/ST/STM32CubeIDE_1.19.0/STM32CubeIDE/plugins/com.st.stm32cube.ide.mcu.externaltools.gnu-tools-for-stm32.13.3.rel1.win32_1.0.0.202411081344/tools/bin/../lib/gcc/arm-none-eabi/13.3.1/thumb/v7e-m+dp/hard/crtbegin.o
 *(.init)
 .init          0x0800f258        0x4 C:/ST/STM32CubeIDE_1.19.0/STM32CubeIDE/plugins/com.st.stm32cube.ide.mcu.externaltools.gnu-tools-for-stm32.13.3.rel1.win32_1.0.0.202411081344/tools/bin/../lib/gcc/arm-none-eabi/13.3.1/thumb/v7e-m+dp/hard/crti.o
                0x0800f258                _init
 .init          0x0800f25c        0x8 C:/ST/STM32CubeIDE_1.19.0/STM32CubeIDE/plugins/com.st.stm32cube.ide.mcu.externaltools.gnu-tools-for-stm32.13.3.rel1.win32_1.0.0.202411081344/tools/bin/../lib/gcc/arm-none-eabi/13.3.1/thumb/v7e-m+dp/hard/crtn.o
 *(.fini)
 .fini          0x0800f264        0x4 C:/ST/STM32CubeIDE_1.19.0/STM32CubeIDE/plugins/com.st.stm32cube.ide.mcu.externaltools.gnu-tools-for-stm32.13.3.rel1.win32_1.0.0.202411081344/tools/bin/../lib/gcc/arm-none-eabi/13.3.1/thumb/v7e-m+dp/hard/crti.o
                0x0800f264                _fini
 .fini          0x0800f268        0x8 C:/ST/STM32CubeIDE_1.19.0/STM32CubeIDE/plugins/com.st.stm32cube.ide.mcu.externaltools.gnu-tools-for-stm32.13.3.rel1.win32_1.0.0.202411081344/tools/bin/../lib/gcc/arm-none-eabi/13.3.1/thumb/v7e-m+dp/hard/crtn.o
                0x0800f270                        . = ALIGN (0x4)
                0x0800f270                        _etext = .

.vfp11_veneer   0x0800f270        0x0
 .vfp11_veneer  0x0800f270        0x0 linker stubs

.v4_bx          0x0800f270        0x0
 .v4_bx         0x0800f270        0x0 linker stubs

.iplt           0x0800f270        0x0
 .iplt          0x0800f270        0x0 C:/ST/STM32CubeIDE_1.19.0/STM32CubeIDE/plugins/com.st.stm32cube.ide.mcu.externaltools.gnu-tools-for-stm32.13.3.rel1.win32_1.0.0.202411081344/tools/bin/../lib/gcc/arm-none-eabi/13.3.1/thumb/v7e-m+dp/hard/crtbegin.o

.rodata         0x0800f270      0x99c
                0x0800f270                        . = ALIGN (0x4)
 *(.rodata)
 .rodata        0x0800f270       0x7a ./Middlewares/ST/STM32_USB_Host_Library/usbh_audio.o
 *fill*         0x0800f2ea        0x2 
 .rodata        0x0800f2ec       0x4c ./Middlewares/ST/STM32_USB_Host_Library/usbh_cdc.o
 .rodata        0x0800f338      0x460 ./Middlewares/ST/STM32_USB_Host_Library/usbh_core.o
 .rodata        0x0800f798      0x101 ./Middlewares/ST/STM32_USB_Host_Library/usbh_ctlreq.o
 *fill*         0x0800f899        0x3 
 .rodata        0x0800f89c      0x169 ./Middlewares/ST/STM32_USB_Host_Library/usbh_hid.o
 *fill*         0x0800fa05        0x3 
 .rodata        0x0800fa08      0x138 ./Middlewares/ST/STM32_USB_Host_Library/usbh_msc.o
 .rodata        0x0800fb40       0x1e ./Middlewares/ST/STM32_USB_Host_Library/usbh_msc_scsi.o
 *fill*         0x0800fb5e        0x2 
 .rodata        0x0800fb60       0x67 ./Middlewares/ST/STM32_USB_Host_Library/usbh_mtp.o
 *(.rodata*)
 *fill*         0x0800fbc7        0x1 
 .rodata.D1CorePrescTable
                0x0800fbc8       0x10 ./Common/Src/system_stm32h7xx_dualcore_boot_cm4_cm7.o
                0x0800fbc8                D1CorePrescTable
 .rodata._vfprintf_r.str1.1
                0x0800fbd8       0x33 C:/ST/STM32CubeIDE_1.19.0/STM32CubeIDE/plugins/com.st.stm32cube.ide.mcu.externaltools.gnu-tools-for-stm32.13.3.rel1.win32_1.0.0.202411081344/tools/bin/../lib/gcc/arm-none-eabi/13.3.1/../../../../arm-none-eabi/lib/thumb/v7e-m+dp/hard\libc_nano.a(libc_a-nano-vfprintf.o)
                                 0x11 (size before relaxing)
 .rodata._printf_i.str1.1
                0x0800fc0b       0x22 C:/ST/STM32CubeIDE_1.19.0/STM32CubeIDE/plugins/com.st.stm32cube.ide.mcu.externaltools.gnu-tools-for-stm32.13.3.rel1.win32_1.0.0.202411081344/tools/bin/../lib/gcc/arm-none-eabi/13.3.1/../../../../arm-none-eabi/lib/thumb/v7e-m+dp/hard\libc_nano.a(libc_a-nano-vfprintf_i.o)
                0x0800fc30                        . = ALIGN (0x4)
 *fill*         0x0800fc0b        0x1 

.ARM.extab      0x0800fc0c        0x0
                0x0800fc0c                        . = ALIGN (0x4)
 *(.ARM.extab* .gnu.linkonce.armextab.*)
                0x0800fc0c                        . = ALIGN (0x4)

.ARM            0x0800fc0c        0x8
                0x0800fc0c                        . = ALIGN (0x4)
                0x0800fc0c                        __exidx_start = .
 *(.ARM.exidx*)
 .ARM.exidx     0x0800fc0c        0x8 C:/ST/STM32CubeIDE_1.19.0/STM32CubeIDE/plugins/com.st.stm32cube.ide.mcu.externaltools.gnu-tools-for-stm32.13.3.rel1.win32_1.0.0.202411081344/tools/bin/../lib/gcc/arm-none-eabi/13.3.1/../../../../arm-none-eabi/lib/thumb/v7e-m+dp/hard\libc_nano.a(libc_a-memchr.o)
                0x0800fc14                        __exidx_end = .
                0x0800fc14                        . = ALIGN (0x4)

.preinit_array  0x0800fc14        0x0
                0x0800fc14                        . = ALIGN (0x4)
                0x0800fc14                        PROVIDE (__preinit_array_start = .)
 *(.preinit_array*)
                0x0800fc14                        PROVIDE (__preinit_array_end = .)
                0x0800fc14                        . = ALIGN (0x4)

.init_array     0x0800fc14        0x4
                0x0800fc14                        . = ALIGN (0x4)
                0x0800fc14                        PROVIDE (__init_array_start = .)
 *(SORT_BY_NAME(.init_array.*))
 *(.init_array*)
 .init_array    0x0800fc14        0x4 C:/ST/STM32CubeIDE_1.19.0/STM32CubeIDE/plugins/com.st.stm32cube.ide.mcu.externaltools.gnu-tools-for-stm32.13.3.rel1.win32_1.0.0.202411081344/tools/bin/../lib/gcc/arm-none-eabi/13.3.1/thumb/v7e-m+dp/hard/crtbegin.o
                0x0800fc18                        PROVIDE (__init_array_end = .)
                0x0800fc18                        . = ALIGN (0x4)

.fini_array     0x0800fc18        0x4
                0x0800fc18                        . = ALIGN (0x4)
                [!provide]                        PROVIDE (__fini_array_start = .)
 *(SORT_BY_NAME(.fini_array.*))
 *(.fini_array*)
 .fini_array    0x0800fc18        0x4 C:/ST/STM32CubeIDE_1.19.0/STM32CubeIDE/plugins/com.st.stm32cube.ide.mcu.externaltools.gnu-tools-for-stm32.13.3.rel1.win32_1.0.0.202411081344/tools/bin/../lib/gcc/arm-none-eabi/13.3.1/thumb/v7e-m+dp/hard/crtbegin.o
                [!provide]                        PROVIDE (__fini_array_end = .)
                0x0800fc1c                        . = ALIGN (0x4)
                0x0800fc1c                        _sidata = LOADADDR (.data)

.rel.dyn        0x0800fc1c        0x0
 .rel.iplt      0x0800fc1c        0x0 C:/ST/STM32CubeIDE_1.19.0/STM32CubeIDE/plugins/com.st.stm32cube.ide.mcu.externaltools.gnu-tools-for-stm32.13.3.rel1.win32_1.0.0.202411081344/tools/bin/../lib/gcc/arm-none-eabi/13.3.1/thumb/v7e-m+dp/hard/crtbegin.o

.data           0x24000000      0x10c load address 0x0800fc1c
                0x24000000                        . = ALIGN (0x4)
                0x24000000                        _sdata = .
 *(.data)
 *(.data*)
 .data.SystemCoreClock
                0x24000000        0x4 ./Common/Src/system_stm32h7xx_dualcore_boot_cm4_cm7.o
                0x24000000                SystemCoreClock
 .data.SystemD2Clock
                0x24000004        0x4 ./Common/Src/system_stm32h7xx_dualcore_boot_cm4_cm7.o
                0x24000004                SystemD2Clock
 .data.uwTickPrio
                0x24000008        0x4 ./Drivers/STM32H7xx_HAL_Driver/stm32h7xx_hal.o
                0x24000008                uwTickPrio
 .data.uwTickFreq
                0x2400000c        0x1 ./Drivers/STM32H7xx_HAL_Driver/stm32h7xx_hal.o
                0x2400000c                uwTickFreq
 *fill*         0x2400000d        0x3 
 .data.AUDIO_Class
                0x24000010       0x20 ./Middlewares/ST/STM32_USB_Host_Library/usbh_audio.o
                0x24000010                AUDIO_Class
 .data.CDC_Class
                0x24000030       0x20 ./Middlewares/ST/STM32_USB_Host_Library/usbh_cdc.o
                0x24000030                CDC_Class
 .data.HID_Class
                0x24000050       0x20 ./Middlewares/ST/STM32_USB_Host_Library/usbh_hid.o
                0x24000050                HID_Class
 .data.USBH_msc
                0x24000070       0x20 ./Middlewares/ST/STM32_USB_Host_Library/usbh_msc.o
                0x24000070                USBH_msc
 .data.MTP_Class
                0x24000090       0x20 ./Middlewares/ST/STM32_USB_Host_Library/usbh_mtp.o
                0x24000090                MTP_Class
 .data.__sglue  0x240000b0        0xc C:/ST/STM32CubeIDE_1.19.0/STM32CubeIDE/plugins/com.st.stm32cube.ide.mcu.externaltools.gnu-tools-for-stm32.13.3.rel1.win32_1.0.0.202411081344/tools/bin/../lib/gcc/arm-none-eabi/13.3.1/../../../../arm-none-eabi/lib/thumb/v7e-m+dp/hard\libc_nano.a(libc_a-findfp.o)
                0x240000b0                __sglue
 .data._impure_ptr
                0x240000bc        0x4 C:/ST/STM32CubeIDE_1.19.0/STM32CubeIDE/plugins/com.st.stm32cube.ide.mcu.externaltools.gnu-tools-for-stm32.13.3.rel1.win32_1.0.0.202411081344/tools/bin/../lib/gcc/arm-none-eabi/13.3.1/../../../../arm-none-eabi/lib/thumb/v7e-m+dp/hard\libc_nano.a(libc_a-impure.o)
                0x240000bc                _impure_ptr
 .data._impure_data
                0x240000c0       0x4c C:/ST/STM32CubeIDE_1.19.0/STM32CubeIDE/plugins/com.st.stm32cube.ide.mcu.externaltools.gnu-tools-for-stm32.13.3.rel1.win32_1.0.0.202411081344/tools/bin/../lib/gcc/arm-none-eabi/13.3.1/../../../../arm-none-eabi/lib/thumb/v7e-m+dp/hard\libc_nano.a(libc_a-impure.o)
                0x240000c0                _impure_data
 *(.RamFunc)
 *(.RamFunc*)
                0x2400010c                        . = ALIGN (0x4)
                0x2400010c                        _edata = .

.igot.plt       0x2400010c        0x0 load address 0x0800fd28
 .igot.plt      0x2400010c        0x0 C:/ST/STM32CubeIDE_1.19.0/STM32CubeIDE/plugins/com.st.stm32cube.ide.mcu.externaltools.gnu-tools-for-stm32.13.3.rel1.win32_1.0.0.202411081344/tools/bin/../lib/gcc/arm-none-eabi/13.3.1/thumb/v7e-m+dp/hard/crtbegin.o
                0x2400010c                        . = ALIGN (0x4)

.bss            0x2400010c      0xb34 load address 0x0800fd28
                0x2400010c                        _sbss = .
                0x2400010c                        __bss_start__ = _sbss
 *(.bss)
 .bss           0x2400010c       0x1c C:/ST/STM32CubeIDE_1.19.0/STM32CubeIDE/plugins/com.st.stm32cube.ide.mcu.externaltools.gnu-tools-for-stm32.13.3.rel1.win32_1.0.0.202411081344/tools/bin/../lib/gcc/arm-none-eabi/13.3.1/thumb/v7e-m+dp/hard/crtbegin.o
 *(.bss*)
 .bss.__sbrk_heap_end
                0x24000128        0x4 ./Core/Src/sysmem.o
 .bss.uwTick    0x2400012c        0x4 ./Drivers/STM32H7xx_HAL_Driver/stm32h7xx_hal.o
                0x2400012c                uwTick
 .bss.keybd_info
                0x24000130        0xf ./Middlewares/ST/STM32_USB_Host_Library/usbh_hid_keybd.o
                0x24000130                keybd_info
 *fill*         0x2400013f        0x1 
 .bss.keybd_rx_report_buf
                0x24000140        0x8 ./Middlewares/ST/STM32_USB_Host_Library/usbh_hid_keybd.o
                0x24000140                keybd_rx_report_buf
 .bss.keybd_report_data
                0x24000148        0x8 ./Middlewares/ST/STM32_USB_Host_Library/usbh_hid_keybd.o
                0x24000148                keybd_report_data
 .bss.mouse_info
                0x24000150        0x5 ./Middlewares/ST/STM32_USB_Host_Library/usbh_hid_mouse.o
                0x24000150                mouse_info
 *fill*         0x24000155        0x3 
 .bss.mouse_report_data
                0x24000158        0x8 ./Middlewares/ST/STM32_USB_Host_Library/usbh_hid_mouse.o
                0x24000158                mouse_report_data
 .bss.mouse_rx_report_buf
                0x24000160        0x8 ./Middlewares/ST/STM32_USB_Host_Library/usbh_hid_mouse.o
                0x24000160                mouse_rx_report_buf
 .bss.hUsbHostHS
                0x24000168      0x5a8 ./USB_HOST/App/usb_host.o
                0x24000168                hUsbHostHS
 .bss.Appli_state
                0x24000710        0x1 ./USB_HOST/App/usb_host.o
                0x24000710                Appli_state
 *fill*         0x24000711        0x3 
 .bss.hhcd_USB_OTG_HS
                0x24000714      0x3e0 ./USB_HOST/Target/usbh_conf.o
                0x24000714                hhcd_USB_OTG_HS
 .bss.__malloc_sbrk_start
                0x24000af4        0x4 C:/ST/STM32CubeIDE_1.19.0/STM32CubeIDE/plugins/com.st.stm32cube.ide.mcu.externaltools.gnu-tools-for-stm32.13.3.rel1.win32_1.0.0.202411081344/tools/bin/../lib/gcc/arm-none-eabi/13.3.1/../../../../arm-none-eabi/lib/thumb/v7e-m+dp/hard\libc_nano.a(libc_a-mallocr.o)
                0x24000af4                __malloc_sbrk_start
 .bss.__malloc_free_list
                0x24000af8        0x4 C:/ST/STM32CubeIDE_1.19.0/STM32CubeIDE/plugins/com.st.stm32cube.ide.mcu.externaltools.gnu-tools-for-stm32.13.3.rel1.win32_1.0.0.202411081344/tools/bin/../lib/gcc/arm-none-eabi/13.3.1/../../../../arm-none-eabi/lib/thumb/v7e-m+dp/hard\libc_nano.a(libc_a-mallocr.o)
                0x24000af8                __malloc_free_list
 .bss.__sf      0x24000afc      0x138 C:/ST/STM32CubeIDE_1.19.0/STM32CubeIDE/plugins/com.st.stm32cube.ide.mcu.externaltools.gnu-tools-for-stm32.13.3.rel1.win32_1.0.0.202411081344/tools/bin/../lib/gcc/arm-none-eabi/13.3.1/../../../../arm-none-eabi/lib/thumb/v7e-m+dp/hard\libc_nano.a(libc_a-findfp.o)
                0x24000afc                __sf
 .bss.__stdio_exit_handler
                0x24000c34        0x4 C:/ST/STM32CubeIDE_1.19.0/STM32CubeIDE/plugins/com.st.stm32cube.ide.mcu.externaltools.gnu-tools-for-stm32.13.3.rel1.win32_1.0.0.202411081344/tools/bin/../lib/gcc/arm-none-eabi/13.3.1/../../../../arm-none-eabi/lib/thumb/v7e-m+dp/hard\libc_nano.a(libc_a-findfp.o)
                0x24000c34                __stdio_exit_handler
 .bss.errno     0x24000c38        0x4 C:/ST/STM32CubeIDE_1.19.0/STM32CubeIDE/plugins/com.st.stm32cube.ide.mcu.externaltools.gnu-tools-for-stm32.13.3.rel1.win32_1.0.0.202411081344/tools/bin/../lib/gcc/arm-none-eabi/13.3.1/../../../../arm-none-eabi/lib/thumb/v7e-m+dp/hard\libc_nano.a(libc_a-reent.o)
                0x24000c38                errno
 .bss.__lock___malloc_recursive_mutex
                0x24000c3c        0x1 C:/ST/STM32CubeIDE_1.19.0/STM32CubeIDE/plugins/com.st.stm32cube.ide.mcu.externaltools.gnu-tools-for-stm32.13.3.rel1.win32_1.0.0.202411081344/tools/bin/../lib/gcc/arm-none-eabi/13.3.1/../../../../arm-none-eabi/lib/thumb/v7e-m+dp/hard\libc_nano.a(libc_a-lock.o)
                0x24000c3c                __lock___malloc_recursive_mutex
 .bss.__lock___sfp_recursive_mutex
                0x24000c3d        0x1 C:/ST/STM32CubeIDE_1.19.0/STM32CubeIDE/plugins/com.st.stm32cube.ide.mcu.externaltools.gnu-tools-for-stm32.13.3.rel1.win32_1.0.0.202411081344/tools/bin/../lib/gcc/arm-none-eabi/13.3.1/../../../../arm-none-eabi/lib/thumb/v7e-m+dp/hard\libc_nano.a(libc_a-lock.o)
                0x24000c3d                __lock___sfp_recursive_mutex
 *(COMMON)
                0x24000c40                        . = ALIGN (0x4)
 *fill*         0x24000c3e        0x2 
                0x24000c40                        _ebss = .
                0x24000c40                        __bss_end__ = _ebss

._user_heap_stack
                0x24000c40      0x600 load address 0x0800fd28
                0x24000c40                        . = ALIGN (0x8)
                [!provide]                        PROVIDE (end = .)
                0x24000c40                        PROVIDE (_end = .)
                0x24000e40                        . = (. + _Min_Heap_Size)
 *fill*         0x24000c40      0x200 
                0x24001240                        . = (. + _Min_Stack_Size)
 *fill*         0x24000e40      0x400 
                0x24001240                        . = ALIGN (0x8)

/DISCARD/
 libc.a(*)
 libm.a(*)
 libgcc.a(*)

.ARM.attributes
                0x00000000       0x2e
 *(.ARM.attributes)
 .ARM.attributes
                0x00000000       0x20 C:/ST/STM32CubeIDE_1.19.0/STM32CubeIDE/plugins/com.st.stm32cube.ide.mcu.externaltools.gnu-tools-for-stm32.13.3.rel1.win32_1.0.0.202411081344/tools/bin/../lib/gcc/arm-none-eabi/13.3.1/thumb/v7e-m+dp/hard/crti.o
 .ARM.attributes
                0x00000020       0x32 C:/ST/STM32CubeIDE_1.19.0/STM32CubeIDE/plugins/com.st.stm32cube.ide.mcu.externaltools.gnu-tools-for-stm32.13.3.rel1.win32_1.0.0.202411081344/tools/bin/../lib/gcc/arm-none-eabi/13.3.1/thumb/v7e-m+dp/hard/crtbegin.o
 .ARM.attributes
                0x00000052       0x32 ./Common/Src/system_stm32h7xx_dualcore_boot_cm4_cm7.o
 .ARM.attributes
                0x00000084       0x32 ./Core/Src/main.o
 .ARM.attributes
                0x000000b6       0x32 ./Core/Src/stm32h7xx_hal_msp.o
 .ARM.attributes
                0x000000e8       0x32 ./Core/Src/stm32h7xx_it.o
 .ARM.attributes
                0x0000011a       0x32 ./Core/Src/syscalls.o
 .ARM.attributes
                0x0000014c       0x32 ./Core/Src/sysmem.o
 .ARM.attributes
                0x0000017e       0x21 ./Core/Startup/startup_stm32h747xihx.o
 .ARM.attributes
                0x0000019f       0x32 ./Drivers/STM32H7xx_HAL_Driver/stm32h7xx_hal.o
 .ARM.attributes
                0x000001d1       0x32 ./Drivers/STM32H7xx_HAL_Driver/stm32h7xx_hal_cortex.o
 .ARM.attributes
                0x00000203       0x32 ./Drivers/STM32H7xx_HAL_Driver/stm32h7xx_hal_gpio.o
 .ARM.attributes
                0x00000235       0x32 ./Drivers/STM32H7xx_HAL_Driver/stm32h7xx_hal_hcd.o
 .ARM.attributes
                0x00000267       0x32 ./Drivers/STM32H7xx_HAL_Driver/stm32h7xx_hal_hsem.o
 .ARM.attributes
                0x00000299       0x32 ./Drivers/STM32H7xx_HAL_Driver/stm32h7xx_hal_pwr_ex.o
 .ARM.attributes
                0x000002cb       0x32 ./Drivers/STM32H7xx_HAL_Driver/stm32h7xx_hal_rcc.o
 .ARM.attributes
                0x000002fd       0x32 ./Drivers/STM32H7xx_HAL_Driver/stm32h7xx_hal_rcc_ex.o
 .ARM.attributes
                0x0000032f       0x32 ./Drivers/STM32H7xx_HAL_Driver/stm32h7xx_ll_usb.o
 .ARM.attributes
                0x00000361       0x32 ./Middlewares/ST/STM32_USB_Host_Library/usbh_audio.o
 .ARM.attributes
                0x00000393       0x32 ./Middlewares/ST/STM32_USB_Host_Library/usbh_cdc.o
 .ARM.attributes
                0x000003c5       0x32 ./Middlewares/ST/STM32_USB_Host_Library/usbh_core.o
 .ARM.attributes
                0x000003f7       0x32 ./Middlewares/ST/STM32_USB_Host_Library/usbh_ctlreq.o
 .ARM.attributes
                0x00000429       0x32 ./Middlewares/ST/STM32_USB_Host_Library/usbh_hid.o
 .ARM.attributes
                0x0000045b       0x32 ./Middlewares/ST/STM32_USB_Host_Library/usbh_hid_keybd.o
 .ARM.attributes
                0x0000048d       0x32 ./Middlewares/ST/STM32_USB_Host_Library/usbh_hid_mouse.o
 .ARM.attributes
                0x000004bf       0x32 ./Middlewares/ST/STM32_USB_Host_Library/usbh_ioreq.o
 .ARM.attributes
                0x000004f1       0x32 ./Middlewares/ST/STM32_USB_Host_Library/usbh_msc.o
 .ARM.attributes
                0x00000523       0x32 ./Middlewares/ST/STM32_USB_Host_Library/usbh_msc_bot.o
 .ARM.attributes
                0x00000555       0x32 ./Middlewares/ST/STM32_USB_Host_Library/usbh_msc_scsi.o
 .ARM.attributes
                0x00000587       0x32 ./Middlewares/ST/STM32_USB_Host_Library/usbh_mtp.o
 .ARM.attributes
                0x000005b9       0x32 ./Middlewares/ST/STM32_USB_Host_Library/usbh_mtp_ptp.o
 .ARM.attributes
                0x000005eb       0x32 ./Middlewares/ST/STM32_USB_Host_Library/usbh_pipes.o
 .ARM.attributes
                0x0000061d       0x32 ./USB_HOST/App/usb_host.o
 .ARM.attributes
                0x0000064f       0x32 ./USB_HOST/Target/usbh_conf.o
 .ARM.attributes
                0x00000681       0x32 C:/ST/STM32CubeIDE_1.19.0/STM32CubeIDE/plugins/com.st.stm32cube.ide.mcu.externaltools.gnu-tools-for-stm32.13.3.rel1.win32_1.0.0.202411081344/tools/bin/../lib/gcc/arm-none-eabi/13.3.1/../../../../arm-none-eabi/lib/thumb/v7e-m+dp/hard\libc_nano.a(libc_a-malloc.o)
 .ARM.attributes
                0x000006b3       0x32 C:/ST/STM32CubeIDE_1.19.0/STM32CubeIDE/plugins/com.st.stm32cube.ide.mcu.externaltools.gnu-tools-for-stm32.13.3.rel1.win32_1.0.0.202411081344/tools/bin/../lib/gcc/arm-none-eabi/13.3.1/../../../../arm-none-eabi/lib/thumb/v7e-m+dp/hard\libc_nano.a(libc_a-mallocr.o)
 .ARM.attributes
                0x000006e5       0x32 C:/ST/STM32CubeIDE_1.19.0/STM32CubeIDE/plugins/com.st.stm32cube.ide.mcu.externaltools.gnu-tools-for-stm32.13.3.rel1.win32_1.0.0.202411081344/tools/bin/../lib/gcc/arm-none-eabi/13.3.1/../../../../arm-none-eabi/lib/thumb/v7e-m+dp/hard\libc_nano.a(libc_a-mlock.o)
 .ARM.attributes
                0x00000717       0x32 C:/ST/STM32CubeIDE_1.19.0/STM32CubeIDE/plugins/com.st.stm32cube.ide.mcu.externaltools.gnu-tools-for-stm32.13.3.rel1.win32_1.0.0.202411081344/tools/bin/../lib/gcc/arm-none-eabi/13.3.1/../../../../arm-none-eabi/lib/thumb/v7e-m+dp/hard\libc_nano.a(libc_a-findfp.o)
 .ARM.attributes
                0x00000749       0x32 C:/ST/STM32CubeIDE_1.19.0/STM32CubeIDE/plugins/com.st.stm32cube.ide.mcu.externaltools.gnu-tools-for-stm32.13.3.rel1.win32_1.0.0.202411081344/tools/bin/../lib/gcc/arm-none-eabi/13.3.1/../../../../arm-none-eabi/lib/thumb/v7e-m+dp/hard\libc_nano.a(libc_a-fwalk.o)
 .ARM.attributes
                0x0000077b       0x32 C:/ST/STM32CubeIDE_1.19.0/STM32CubeIDE/plugins/com.st.stm32cube.ide.mcu.externaltools.gnu-tools-for-stm32.13.3.rel1.win32_1.0.0.202411081344/tools/bin/../lib/gcc/arm-none-eabi/13.3.1/../../../../arm-none-eabi/lib/thumb/v7e-m+dp/hard\libc_nano.a(libc_a-printf.o)
 .ARM.attributes
                0x000007ad       0x32 C:/ST/STM32CubeIDE_1.19.0/STM32CubeIDE/plugins/com.st.stm32cube.ide.mcu.externaltools.gnu-tools-for-stm32.13.3.rel1.win32_1.0.0.202411081344/tools/bin/../lib/gcc/arm-none-eabi/13.3.1/../../../../arm-none-eabi/lib/thumb/v7e-m+dp/hard\libc_nano.a(libc_a-putchar.o)
 .ARM.attributes
                0x000007df       0x32 C:/ST/STM32CubeIDE_1.19.0/STM32CubeIDE/plugins/com.st.stm32cube.ide.mcu.externaltools.gnu-tools-for-stm32.13.3.rel1.win32_1.0.0.202411081344/tools/bin/../lib/gcc/arm-none-eabi/13.3.1/../../../../arm-none-eabi/lib/thumb/v7e-m+dp/hard\libc_nano.a(libc_a-stdio.o)
 .ARM.attributes
                0x00000811       0x32 C:/ST/STM32CubeIDE_1.19.0/STM32CubeIDE/plugins/com.st.stm32cube.ide.mcu.externaltools.gnu-tools-for-stm32.13.3.rel1.win32_1.0.0.202411081344/tools/bin/../lib/gcc/arm-none-eabi/13.3.1/../../../../arm-none-eabi/lib/thumb/v7e-m+dp/hard\libc_nano.a(libc_a-memset.o)
 .ARM.attributes
                0x00000843       0x32 C:/ST/STM32CubeIDE_1.19.0/STM32CubeIDE/plugins/com.st.stm32cube.ide.mcu.externaltools.gnu-tools-for-stm32.13.3.rel1.win32_1.0.0.202411081344/tools/bin/../lib/gcc/arm-none-eabi/13.3.1/../../../../arm-none-eabi/lib/thumb/v7e-m+dp/hard\libc_nano.a(libc_a-closer.o)
 .ARM.attributes
                0x00000875       0x32 C:/ST/STM32CubeIDE_1.19.0/STM32CubeIDE/plugins/com.st.stm32cube.ide.mcu.externaltools.gnu-tools-for-stm32.13.3.rel1.win32_1.0.0.202411081344/tools/bin/../lib/gcc/arm-none-eabi/13.3.1/../../../../arm-none-eabi/lib/thumb/v7e-m+dp/hard\libc_nano.a(libc_a-reent.o)
 .ARM.attributes