C:/Users/oopav/KRP/USB_Host_Reference/Middlewares/ST/STM32_USB_Host_Library/Class/MTP/Src/usbh_mtp_ptp.c:124:20:USBH_PTP_Init	24	static
C:/Users/oopav/KRP/USB_Host_Reference/Middlewares/ST/STM32_USB_Host_Library/Class/MTP/Src/usbh_mtp_ptp.c:142:20:USBH_PTP_Process	72	static
C:/Users/oopav/KRP/USB_Host_Reference/Middlewares/ST/STM32_USB_Host_Library/Class/MTP/Src/usbh_mtp_ptp.c:457:20:USBH_PTP_SendRequest	24	static
C:/Users/oopav/KRP/USB_Host_Reference/Middlewares/ST/STM32_USB_Host_Library/Class/MTP/Src/usbh_mtp_ptp.c:485:20:USBH_PTP_GetResponse	24	static
C:/Users/oopav/KRP/USB_Host_Reference/Middlewares/ST/STM32_USB_Host_Library/Class/MTP/Src/usbh_mtp_ptp.c:508:13:PTP_BufferFullCallback	24	static
C:/Users/oopav/KRP/USB_Host_Reference/Middlewares/ST/STM32_USB_Host_Library/Class/MTP/Src/usbh_mtp_ptp.c:556:13:PTP_DecodeDeviceInfo	32	static
C:/Users/oopav/KRP/USB_Host_Reference/Middlewares/ST/STM32_USB_Host_Library/Class/MTP/Src/usbh_mtp_ptp.c:617:13:PTP_GetStorageIDs	24	static
C:/Users/oopav/KRP/USB_Host_Reference/Middlewares/ST/STM32_USB_Host_Library/Class/MTP/Src/usbh_mtp_ptp.c:633:13:PTP_GetStorageInfo	296	static
C:/Users/oopav/KRP/USB_Host_Reference/Middlewares/ST/STM32_USB_Host_Library/Class/MTP/Src/usbh_mtp_ptp.c:660:13:PTP_GetObjectInfo	160	static
C:/Users/oopav/KRP/USB_Host_Reference/Middlewares/ST/STM32_USB_Host_Library/Class/MTP/Src/usbh_mtp_ptp.c:698:13:PTP_GetObjectPropDesc	48	static
C:/Users/oopav/KRP/USB_Host_Reference/Middlewares/ST/STM32_USB_Host_Library/Class/MTP/Src/usbh_mtp_ptp.c:747:13:PTP_GetDevicePropValue	168	static
C:/Users/oopav/KRP/USB_Host_Reference/Middlewares/ST/STM32_USB_Host_Library/Class/MTP/Src/usbh_mtp_ptp.c:819:17:PTP_GetObjectPropList	56	static
C:/Users/oopav/KRP/USB_Host_Reference/Middlewares/ST/STM32_USB_Host_Library/Class/MTP/Src/usbh_mtp_ptp.c:875:13:PTP_GetString	32	static
C:/Users/oopav/KRP/USB_Host_Reference/Middlewares/ST/STM32_USB_Host_Library/Class/MTP/Src/usbh_mtp_ptp.c:901:17:PTP_GetArray16	32	static
C:/Users/oopav/KRP/USB_Host_Reference/Middlewares/ST/STM32_USB_Host_Library/Class/MTP/Src/usbh_mtp_ptp.c:922:17:PTP_GetArray32	32	static
C:/Users/oopav/KRP/USB_Host_Reference/Middlewares/ST/STM32_USB_Host_Library/Class/MTP/Src/usbh_mtp_ptp.c:947:20:USBH_PTP_OpenSession	64	static
C:/Users/oopav/KRP/USB_Host_Reference/Middlewares/ST/STM32_USB_Host_Library/Class/MTP/Src/usbh_mtp_ptp.c:998:20:USBH_PTP_GetDevicePropDesc	72	static
C:/Users/oopav/KRP/USB_Host_Reference/Middlewares/ST/STM32_USB_Host_Library/Class/MTP/Src/usbh_mtp_ptp.c:1061:20:USBH_PTP_GetDeviceInfo	64	static
C:/Users/oopav/KRP/USB_Host_Reference/Middlewares/ST/STM32_USB_Host_Library/Class/MTP/Src/usbh_mtp_ptp.c:1118:20:USBH_PTP_GetStorageIds	64	static
C:/Users/oopav/KRP/USB_Host_Reference/Middlewares/ST/STM32_USB_Host_Library/Class/MTP/Src/usbh_mtp_ptp.c:1175:20:USBH_PTP_GetStorageInfo	72	static
C:/Users/oopav/KRP/USB_Host_Reference/Middlewares/ST/STM32_USB_Host_Library/Class/MTP/Src/usbh_mtp_ptp.c:1235:20:USBH_PTP_GetNumObjects	72	static
C:/Users/oopav/KRP/USB_Host_Reference/Middlewares/ST/STM32_USB_Host_Library/Class/MTP/Src/usbh_mtp_ptp.c:1295:20:USBH_PTP_GetObjectHandles	72	static
C:/Users/oopav/KRP/USB_Host_Reference/Middlewares/ST/STM32_USB_Host_Library/Class/MTP/Src/usbh_mtp_ptp.c:1361:20:USBH_PTP_GetObjectInfo	72	static
C:/Users/oopav/KRP/USB_Host_Reference/Middlewares/ST/STM32_USB_Host_Library/Class/MTP/Src/usbh_mtp_ptp.c:1421:20:USBH_PTP_DeleteObject	72	static
C:/Users/oopav/KRP/USB_Host_Reference/Middlewares/ST/STM32_USB_Host_Library/Class/MTP/Src/usbh_mtp_ptp.c:1473:20:USBH_PTP_GetObject	72	static
C:/Users/oopav/KRP/USB_Host_Reference/Middlewares/ST/STM32_USB_Host_Library/Class/MTP/Src/usbh_mtp_ptp.c:1545:20:USBH_PTP_GetPartialObject	72	static
C:/Users/oopav/KRP/USB_Host_Reference/Middlewares/ST/STM32_USB_Host_Library/Class/MTP/Src/usbh_mtp_ptp.c:1620:20:USBH_PTP_GetObjectPropsSupported	72	static
C:/Users/oopav/KRP/USB_Host_Reference/Middlewares/ST/STM32_USB_Host_Library/Class/MTP/Src/usbh_mtp_ptp.c:1681:20:USBH_PTP_GetObjectPropDesc	72	static
C:/Users/oopav/KRP/USB_Host_Reference/Middlewares/ST/STM32_USB_Host_Library/Class/MTP/Src/usbh_mtp_ptp.c:1744:20:USBH_PTP_GetObjectPropList	72	static
C:/Users/oopav/KRP/USB_Host_Reference/Middlewares/ST/STM32_USB_Host_Library/Class/MTP/Src/usbh_mtp_ptp.c:1817:20:USBH_PTP_SendObject	72	static
