C:/Users/oopav/KRP/USB_Host_Reference/Middlewares/ST/STM32_USB_Host_Library/Class/MTP/Src/usbh_mtp.c:138:27:USBH_MTP_InterfaceInit	48	static
C:/Users/oopav/KRP/USB_Host_Reference/Middlewares/ST/STM32_USB_Host_Library/Class/MTP/Src/usbh_mtp.c:242:16:MTP_FindCtlEndpoint	24	static
C:/Users/oopav/KRP/USB_Host_Reference/Middlewares/ST/STM32_USB_Host_Library/Class/MTP/Src/usbh_mtp.c:270:16:MTP_FindDataOutEndpoint	24	static
C:/Users/oopav/KRP/USB_Host_Reference/Middlewares/ST/STM32_USB_Host_Library/Class/MTP/Src/usbh_mtp.c:299:16:MTP_FindDataInEndpoint	24	static
C:/Users/oopav/KRP/USB_Host_Reference/Middlewares/ST/STM32_USB_Host_Library/Class/MTP/Src/usbh_mtp.c:329:27:USBH_MTP_InterfaceDeInit	24	static
C:/Users/oopav/KRP/USB_Host_Reference/Middlewares/ST/STM32_USB_Host_Library/Class/MTP/Src/usbh_mtp.c:370:27:USBH_MTP_ClassRequest	16	static
C:/Users/oopav/KRP/USB_Host_Reference/Middlewares/ST/STM32_USB_Host_Library/Class/MTP/Src/usbh_mtp.c:387:27:USBH_MTP_Process	32	static
C:/Users/oopav/KRP/USB_Host_Reference/Middlewares/ST/STM32_USB_Host_Library/Class/MTP/Src/usbh_mtp.c:506:27:USBH_MTP_SOFProcess	16	static
C:/Users/oopav/KRP/USB_Host_Reference/Middlewares/ST/STM32_USB_Host_Library/Class/MTP/Src/usbh_mtp.c:520:9:USBH_MTP_IsReady	24	static
C:/Users/oopav/KRP/USB_Host_Reference/Middlewares/ST/STM32_USB_Host_Library/Class/MTP/Src/usbh_mtp.c:533:20:USBH_MTP_GetNumStorage	24	static
C:/Users/oopav/KRP/USB_Host_Reference/Middlewares/ST/STM32_USB_Host_Library/Class/MTP/Src/usbh_mtp.c:553:20:USBH_MTP_SelectStorage	24	static
C:/Users/oopav/KRP/USB_Host_Reference/Middlewares/ST/STM32_USB_Host_Library/Class/MTP/Src/usbh_mtp.c:573:20:USBH_MTP_GetStorageInfo	32	static
C:/Users/oopav/KRP/USB_Host_Reference/Middlewares/ST/STM32_USB_Host_Library/Class/MTP/Src/usbh_mtp.c:592:20:USBH_MTP_GetNumObjects	48	static
C:/Users/oopav/KRP/USB_Host_Reference/Middlewares/ST/STM32_USB_Host_Library/Class/MTP/Src/usbh_mtp.c:625:20:USBH_MTP_GetObjectHandles	48	static
C:/Users/oopav/KRP/USB_Host_Reference/Middlewares/ST/STM32_USB_Host_Library/Class/MTP/Src/usbh_mtp.c:659:20:USBH_MTP_GetObjectInfo	40	static
C:/Users/oopav/KRP/USB_Host_Reference/Middlewares/ST/STM32_USB_Host_Library/Class/MTP/Src/usbh_mtp.c:687:20:USBH_MTP_DeleteObject	40	static
C:/Users/oopav/KRP/USB_Host_Reference/Middlewares/ST/STM32_USB_Host_Library/Class/MTP/Src/usbh_mtp.c:716:20:USBH_MTP_GetObject	40	static
C:/Users/oopav/KRP/USB_Host_Reference/Middlewares/ST/STM32_USB_Host_Library/Class/MTP/Src/usbh_mtp.c:744:20:USBH_MTP_GetPartialObject	48	static
C:/Users/oopav/KRP/USB_Host_Reference/Middlewares/ST/STM32_USB_Host_Library/Class/MTP/Src/usbh_mtp.c:777:20:USBH_MTP_GetObjectPropsSupported	40	static
C:/Users/oopav/KRP/USB_Host_Reference/Middlewares/ST/STM32_USB_Host_Library/Class/MTP/Src/usbh_mtp.c:807:20:USBH_MTP_GetObjectPropDesc	40	static
C:/Users/oopav/KRP/USB_Host_Reference/Middlewares/ST/STM32_USB_Host_Library/Class/MTP/Src/usbh_mtp.c:836:20:USBH_MTP_GetObjectPropList	40	static
C:/Users/oopav/KRP/USB_Host_Reference/Middlewares/ST/STM32_USB_Host_Library/Class/MTP/Src/usbh_mtp.c:866:20:USBH_MTP_SendObject	40	static
C:/Users/oopav/KRP/USB_Host_Reference/Middlewares/ST/STM32_USB_Host_Library/Class/MTP/Src/usbh_mtp.c:893:27:USBH_MTP_Events	24	static
C:/Users/oopav/KRP/USB_Host_Reference/Middlewares/ST/STM32_USB_Host_Library/Class/MTP/Src/usbh_mtp.c:943:13:MTP_DecodeEvent	32	static
C:/Users/oopav/KRP/USB_Host_Reference/Middlewares/ST/STM32_USB_Host_Library/Class/MTP/Src/usbh_mtp.c:1031:20:USBH_MTP_GetDevicePropDesc	40	static
C:/Users/oopav/KRP/USB_Host_Reference/Middlewares/ST/STM32_USB_Host_Library/Class/MTP/Src/usbh_mtp.c:1058:13:USBH_MTP_EventsCallback	24	static
