2025-10-28 11:34:07,343 [INFO] Activator:176 - 


2025-10-28 11:34:07,348 [INFO] Activator:177 - !SESSION log4j initialized
2025-10-28 11:34:12,627 [INFO] LogOutputStream:77 - [STDOUT_REDIRECT] 
2025-10-28 11:34:16,200 [INFO] ApplicationProperties:184 - Using Application install path: C:\ST\STM32CubeIDE_1.19.0\STM32CubeIDE\plugins\com.st.stm32cube.common.mx_6.15.0.202507011659
2025-10-28 11:34:16,218 [INFO] DbMcusXml:78 - Set database path to: C:\ST\STM32CubeIDE_1.19.0\STM32CubeIDE\plugins\com.st.stm32cube.common.mx_6.15.0.202507011659\\db\/mcu/
2025-10-28 11:34:16,218 [INFO] ApiDb:274 - Set plugin database path to: C:\ST\STM32CubeIDE_1.19.0\STM32CubeIDE\plugins\com.st.stm32cube.common.mx_6.15.0.202507011659\\db\/plugins/boardmanager/
2025-10-28 11:34:16,219 [WARN] ApiDb:259 - Overriding images path with different value:  => C:\ST\STM32CubeIDE_1.19.0\STM32CubeIDE\plugins\com.st.stm32cube.common.mx_6.15.0.202507011659\\db\/plugins/mcufinder/images/
2025-10-28 11:34:16,226 [INFO] ApiDb:250 - Set database path to: C:\Users\oopav\.stmcufinder\plugins\mcufinder//mcu/
2025-10-28 11:34:16,227 [INFO] DbMcusAds:125 - Set database path to: C:\Users\oopav\.stmcufinder\plugins\mcufinder//mcu/
2025-10-28 11:34:16,230 [INFO] CrossReferenceDbSqlite:203 - Set database path to: C:\Users\oopav\.stmcufinder\plugins\mcufinder//mcu/cs/
2025-10-28 11:34:16,357 [INFO] RulesReader:64 - Compatibility file has been processed (317 Rules)
2025-10-28 11:34:16,424 [INFO] DbMcusXml:78 - Set database path to: C:\ST\STM32CubeIDE_1.19.0\STM32CubeIDE\plugins\com.st.stm32cube.common.mx_6.15.0.202507011659\\db\/mcu/
2025-10-28 11:34:16,424 [INFO] ApiDb:274 - Set plugin database path to: C:\ST\STM32CubeIDE_1.19.0\STM32CubeIDE\plugins\com.st.stm32cube.common.mx_6.15.0.202507011659\\db\/plugins/boardmanager/
2025-10-28 11:34:16,424 [INFO] ApiDb:261 - Set plugin images path to: C:\ST\STM32CubeIDE_1.19.0\STM32CubeIDE\plugins\com.st.stm32cube.common.mx_6.15.0.202507011659\\db\/plugins/mcufinder/images/
2025-10-28 11:34:16,424 [WARN] DbFile:41 - Overriding database path with different value: C:\Users\oopav\.stmcufinder\plugins\mcufinder/ => C:\Users\oopav\.stmcufinder\plugins\mcufinder
2025-10-28 11:34:16,424 [INFO] ApiDb:250 - Set database path to: C:\Users\oopav\.stmcufinder\plugins\mcufinder//mcu/
2025-10-28 11:34:16,424 [WARN] DbFile:41 - Overriding database path with different value: C:\Users\oopav\.stmcufinder\plugins\mcufinder/ => C:\Users\oopav\.stmcufinder\plugins\mcufinder
2025-10-28 11:34:16,424 [INFO] DbMcusAds:125 - Set database path to: C:\Users\oopav\.stmcufinder\plugins\mcufinder//mcu/
2025-10-28 11:34:16,424 [WARN] DbFile:41 - Overriding database path with different value: C:\Users\oopav\.stmcufinder\plugins\mcufinder/ => C:\Users\oopav\.stmcufinder\plugins\mcufinder
2025-10-28 11:34:16,425 [WARN] DbFile:41 - Overriding database path with different value: C:\Users\oopav\.stmcufinder\plugins\mcufinder/ => C:\Users\oopav\.stmcufinder\plugins\mcufinder
2025-10-28 11:34:16,425 [INFO] CrossReferenceDbSqlite:203 - Set database path to: C:\Users\oopav\.stmcufinder\plugins\mcufinder//mcu/cs/
2025-10-28 11:34:16,487 [INFO] MainPanel:274 - HeapMemory: 268435456
2025-10-28 11:34:16,599 [INFO] DbMcusXml:78 - Set database path to: C:\ST\STM32CubeIDE_1.19.0\STM32CubeIDE\plugins\com.st.stm32cube.common.mx_6.15.0.202507011659\\db\/mcu/
2025-10-28 11:34:16,599 [INFO] ApiDb:274 - Set plugin database path to: C:\ST\STM32CubeIDE_1.19.0\STM32CubeIDE\plugins\com.st.stm32cube.common.mx_6.15.0.202507011659\\db\/plugins/boardmanager/
2025-10-28 11:34:16,599 [INFO] ApiDb:261 - Set plugin images path to: C:\ST\STM32CubeIDE_1.19.0\STM32CubeIDE\plugins\com.st.stm32cube.common.mx_6.15.0.202507011659\\db\/plugins/mcufinder/images/
2025-10-28 11:34:16,599 [WARN] DbFile:41 - Overriding database path with different value: C:\Users\oopav\.stmcufinder\plugins\mcufinder/ => C:\Users\oopav\.stmcufinder\plugins\mcufinder
2025-10-28 11:34:16,599 [INFO] ApiDb:250 - Set database path to: C:\Users\oopav\.stmcufinder\plugins\mcufinder//mcu/
2025-10-28 11:34:16,599 [WARN] DbFile:41 - Overriding database path with different value: C:\Users\oopav\.stmcufinder\plugins\mcufinder/ => C:\Users\oopav\.stmcufinder\plugins\mcufinder
2025-10-28 11:34:16,599 [INFO] DbMcusAds:125 - Set database path to: C:\Users\oopav\.stmcufinder\plugins\mcufinder//mcu/
2025-10-28 11:34:16,599 [WARN] DbFile:41 - Overriding database path with different value: C:\Users\oopav\.stmcufinder\plugins\mcufinder/ => C:\Users\oopav\.stmcufinder\plugins\mcufinder
2025-10-28 11:34:16,599 [WARN] DbFile:41 - Overriding database path with different value: C:\Users\oopav\.stmcufinder\plugins\mcufinder/ => C:\Users\oopav\.stmcufinder\plugins\mcufinder
2025-10-28 11:34:16,601 [INFO] CrossReferenceDbSqlite:203 - Set database path to: C:\Users\oopav\.stmcufinder\plugins\mcufinder//mcu/cs/
2025-10-28 11:34:16,618 [INFO] ApplicationProperties:184 - Using Application install path: C:\ST\STM32CubeIDE_1.19.0\STM32CubeIDE\plugins\com.st.stm32cube.common.mx_6.15.0.202507011659
2025-10-28 11:34:16,619 [INFO] PluginManage:196 - Search for loadable plugins [exclusion list=, ]
2025-10-28 11:34:16,621 [INFO] PluginManage:310 - Check plugin analytics
2025-10-28 11:34:16,799 [INFO] AnalyticsPlugin:253 - Accepted Software Licenses: STM32CubeMX.6.14.0,STM32CubeMX.6.15.0
2025-10-28 11:34:16,799 [INFO] AnalyticsPlugin:255 - Accepted CMSIS Pack Licenses: STMicroelectronics.X-CUBE-AZRTOS-H7.3.3.0,STMicroelectronics.X-CUBE-TOUCHGFX.4.26.0,STMicroelectronics.X-CUBE-AZRTOS-H7.3.4.0
2025-10-28 11:34:16,799 [INFO] AnalyticsPlugin:257 - Accepted Firmware Licenses: FW.F4.1.28.0,FW.H7.1.12.0
2025-10-28 11:34:16,801 [INFO] PluginManage:359 - Loaded plugin analytics (category:tool,tabindex:-1)
2025-10-28 11:34:16,802 [INFO] PluginManage:310 - Check plugin cadmodel
2025-10-28 11:34:16,811 [INFO] CADModel:105 - Init CAD model plugin
2025-10-28 11:34:16,812 [INFO] PluginManage:359 - Loaded plugin cadmodel (category:power,tabindex:5)
2025-10-28 11:34:16,812 [INFO] PluginManage:310 - Check plugin clock
2025-10-28 11:34:16,820 [INFO] PluginManage:359 - Loaded plugin clock (category:base,tabindex:2)
2025-10-28 11:34:16,820 [INFO] PluginManage:310 - Check plugin ddr
2025-10-28 11:34:16,822 [INFO] PluginManage:359 - Loaded plugin ddr (category:tool,tabindex:6)
2025-10-28 11:34:16,822 [INFO] PluginManage:310 - Check plugin filemanager
2025-10-28 11:34:17,097 [INFO] PluginManage:359 - Loaded plugin filemanager (category:base,tabindex:10)
2025-10-28 11:34:17,097 [INFO] PluginManage:310 - Check plugin ipmanager
2025-10-28 11:34:17,104 [INFO] PluginManage:359 - Loaded plugin ipmanager (category:base,tabindex:5)
2025-10-28 11:34:17,104 [INFO] PluginManage:310 - Check plugin lpbam
2025-10-28 11:34:17,111 [INFO] PluginManage:359 - Loaded plugin lpbam (category:base,tabindex:0)
2025-10-28 11:34:17,111 [INFO] PluginManage:310 - Check plugin memorymap
2025-10-28 11:34:17,124 [INFO] PluginManage:359 - Loaded plugin memorymap (category:base,tabindex:4)
2025-10-28 11:34:17,124 [INFO] PluginManage:310 - Check plugin pinoutandconfiguration
2025-10-28 11:34:17,132 [INFO] PluginManage:359 - Loaded plugin pinoutandconfiguration (category:base,tabindex:1)
2025-10-28 11:34:17,132 [INFO] PluginManage:310 - Check plugin pinoutconfig
2025-10-28 11:34:17,204 [WARN] SupportedApi:132 - Cannot load RTOS API schema: s4s-elt-must-match.1: The content of 'definitions' must match (annotation?, (simpleType | complexType)?, (unique | key | keyref)*)). A problem was found starting at: attribute.
2025-10-28 11:34:17,317 [INFO] PluginManage:359 - Loaded plugin pinoutconfig (category:base,tabindex:0)
2025-10-28 11:34:17,317 [INFO] PluginManage:310 - Check plugin power
2025-10-28 11:34:17,328 [INFO] PluginManage:359 - Loaded plugin power (category:power,tabindex:4)
2025-10-28 11:34:17,328 [INFO] PluginManage:310 - Check plugin projectmanager
2025-10-28 11:34:17,340 [INFO] PluginManage:359 - Loaded plugin projectmanager (category:projectmanager,tabindex:4)
2025-10-28 11:34:17,340 [INFO] PluginManage:310 - Check plugin rif
2025-10-28 11:34:17,349 [INFO] PluginManage:359 - Loaded plugin rif (category:base,tabindex:3)
2025-10-28 11:34:17,349 [INFO] PluginManage:310 - Check plugin thirdparty
2025-10-28 11:34:17,481 [WARN] IntegrityCheckThread:84 - waiting for thirdparty lock release [integrity check]
2025-10-28 11:34:17,482 [INFO] IntegrityCheckThread:86 - entering critical section [integrity check]
2025-10-28 11:34:17,481 [INFO] PluginManage:359 - Loaded plugin thirdparty (category:base,tabindex:-1)
2025-10-28 11:34:17,482 [INFO] PluginManage:310 - Check plugin tools
2025-10-28 11:34:17,483 [INFO] ThirdPartyUpdaterWithRetryManager:70 - Updater plugin not ready yet. [1/15]
2025-10-28 11:34:17,485 [INFO] PluginManage:359 - Loaded plugin tools (category:base,tabindex:7)
2025-10-28 11:34:17,485 [INFO] PluginManage:310 - Check plugin tutovideos
2025-10-28 11:34:17,706 [INFO] PluginManage:359 - Loaded plugin tutovideos (category:base,tabindex:-1)
2025-10-28 11:34:17,706 [INFO] PluginManage:310 - Check plugin updater
2025-10-28 11:34:17,728 [INFO] PluginManage:359 - Loaded plugin updater (category:base,tabindex:12)
2025-10-28 11:34:17,728 [INFO] PluginManage:310 - Check plugin userauth
2025-10-28 11:34:17,732 [INFO] UserAuth:118 - Init User Auth plugin
2025-10-28 11:34:17,732 [INFO] PluginManage:359 - Loaded plugin userauth (category:base,tabindex:14)
2025-10-28 11:34:17,733 [INFO] PluginManage:283 - PluginManage : Loaded plugins [18]
2025-10-28 11:34:17,903 [INFO] PinOutPanel:1589 - setPackage(No Configuration,No Configuration)
2025-10-28 11:34:17,967 [INFO] CADModel:165 - CPN selected for project level
2025-10-28 11:34:17,967 [INFO] CADModel:114 - Register for checkConnection events
2025-10-28 11:34:17,982 [INFO] IPUIPlugin:80 - create IPUIPlugin
2025-10-28 11:34:17,983 [INFO] PluginManager:220 - loadIPPluginJar : add adc
2025-10-28 11:34:17,985 [INFO] IPUIPlugin:80 - create IPUIPlugin
2025-10-28 11:34:17,986 [INFO] PluginManager:220 - loadIPPluginJar : add aes
2025-10-28 11:34:17,988 [INFO] IPUIPlugin:80 - create IPUIPlugin
2025-10-28 11:34:17,988 [INFO] PluginManager:220 - loadIPPluginJar : add can
2025-10-28 11:34:17,989 [INFO] IPUIPlugin:80 - create IPUIPlugin
2025-10-28 11:34:17,989 [INFO] PluginManager:220 - loadIPPluginJar : add comp
2025-10-28 11:34:17,992 [INFO] IPUIPlugin:80 - create IPUIPlugin
2025-10-28 11:34:17,992 [INFO] PluginManager:220 - loadIPPluginJar : add cryp
2025-10-28 11:34:17,995 [INFO] IPUIPlugin:80 - create IPUIPlugin
2025-10-28 11:34:17,996 [INFO] PluginManager:220 - loadIPPluginJar : add ddr_ctrl_phy
2025-10-28 11:34:17,997 [INFO] IPUIPlugin:80 - create IPUIPlugin
2025-10-28 11:34:17,997 [INFO] PluginManager:220 - loadIPPluginJar : add dfsdm
2025-10-28 11:34:18,001 [INFO] IPUIPlugin:80 - create IPUIPlugin
2025-10-28 11:34:18,002 [INFO] PluginManager:220 - loadIPPluginJar : add dma
2025-10-28 11:34:18,004 [INFO] IPUIPlugin:80 - create IPUIPlugin
2025-10-28 11:34:18,004 [INFO] PluginManager:220 - loadIPPluginJar : add dma3
2025-10-28 11:34:18,006 [INFO] IPUIPlugin:80 - create IPUIPlugin
2025-10-28 11:34:18,007 [INFO] PluginManager:220 - loadIPPluginJar : add extmemmanager
2025-10-28 11:34:18,008 [INFO] IPUIPlugin:80 - create IPUIPlugin
2025-10-28 11:34:18,008 [INFO] PluginManager:220 - loadIPPluginJar : add fatfs
2025-10-28 11:34:18,014 [INFO] IPUIPlugin:80 - create IPUIPlugin
2025-10-28 11:34:18,014 [INFO] PluginManager:220 - loadIPPluginJar : add fmc
2025-10-28 11:34:18,020 [INFO] IPUIPlugin:80 - create IPUIPlugin
2025-10-28 11:34:18,020 [INFO] PluginManager:220 - loadIPPluginJar : add freertos
2025-10-28 11:34:18,022 [INFO] IPUIPlugin:80 - create IPUIPlugin
2025-10-28 11:34:18,022 [INFO] PluginManager:220 - loadIPPluginJar : add genericplugin
2025-10-28 11:34:18,023 [INFO] IPUIPlugin:80 - create IPUIPlugin
2025-10-28 11:34:18,023 [INFO] PluginManager:220 - loadIPPluginJar : add gfxmmu
2025-10-28 11:34:18,027 [INFO] IPUIPlugin:80 - create IPUIPlugin
2025-10-28 11:34:18,027 [INFO] PluginManager:220 - loadIPPluginJar : add gic
2025-10-28 11:34:18,031 [INFO] IPUIPlugin:80 - create IPUIPlugin
2025-10-28 11:34:18,032 [INFO] PluginManager:220 - loadIPPluginJar : add gpio
2025-10-28 11:34:18,034 [INFO] IPUIPlugin:80 - create IPUIPlugin
2025-10-28 11:34:18,034 [INFO] PluginManager:220 - loadIPPluginJar : add gtzc
2025-10-28 11:34:18,036 [INFO] IPUIPlugin:80 - create IPUIPlugin
2025-10-28 11:34:18,036 [INFO] PluginManager:220 - loadIPPluginJar : add hash
2025-10-28 11:34:18,039 [INFO] IPUIPlugin:80 - create IPUIPlugin
2025-10-28 11:34:18,039 [INFO] PluginManager:220 - loadIPPluginJar : add i2c
2025-10-28 11:34:18,041 [INFO] IPUIPlugin:80 - create IPUIPlugin
2025-10-28 11:34:18,041 [INFO] PluginManager:220 - loadIPPluginJar : add i2s
2025-10-28 11:34:18,044 [INFO] IPUIPlugin:80 - create IPUIPlugin
2025-10-28 11:34:18,044 [INFO] PluginManager:220 - loadIPPluginJar : add i3c
2025-10-28 11:34:18,047 [INFO] IPUIPlugin:80 - create IPUIPlugin
2025-10-28 11:34:18,047 [INFO] PluginManager:220 - loadIPPluginJar : add ipddr
2025-10-28 11:34:18,052 [INFO] IPUIPlugin:80 - create IPUIPlugin
2025-10-28 11:34:18,052 [INFO] PluginManager:220 - loadIPPluginJar : add linkedlist
2025-10-28 11:34:18,056 [INFO] IPUIPlugin:80 - create IPUIPlugin
2025-10-28 11:34:18,056 [INFO] PluginManager:220 - loadIPPluginJar : add lorawan
2025-10-28 11:34:18,058 [INFO] IPUIPlugin:80 - create IPUIPlugin
2025-10-28 11:34:18,058 [INFO] PluginManager:220 - loadIPPluginJar : add ltdc
2025-10-28 11:34:18,062 [INFO] IPUIPlugin:80 - create IPUIPlugin
2025-10-28 11:34:18,063 [INFO] PluginManager:220 - loadIPPluginJar : add mdma
2025-10-28 11:34:18,065 [INFO] IPUIPlugin:80 - create IPUIPlugin
2025-10-28 11:34:18,066 [INFO] PluginManager:220 - loadIPPluginJar : add nvic
2025-10-28 11:34:18,068 [INFO] IPUIPlugin:80 - create IPUIPlugin
2025-10-28 11:34:18,068 [INFO] PluginManager:220 - loadIPPluginJar : add opamp
2025-10-28 11:34:18,070 [INFO] IPUIPlugin:80 - create IPUIPlugin
2025-10-28 11:34:18,071 [INFO] PluginManager:220 - loadIPPluginJar : add openamp
2025-10-28 11:34:18,074 [INFO] IPUIPlugin:80 - create IPUIPlugin
2025-10-28 11:34:18,074 [INFO] PluginManager:220 - loadIPPluginJar : add pdm2pcm
2025-10-28 11:34:18,078 [INFO] IPUIPlugin:80 - create IPUIPlugin
2025-10-28 11:34:18,080 [INFO] PluginManager:220 - loadIPPluginJar : add plateformsettings
2025-10-28 11:34:18,082 [INFO] IPUIPlugin:80 - create IPUIPlugin
2025-10-28 11:34:18,082 [INFO] PluginManager:220 - loadIPPluginJar : add quadspi
2025-10-28 11:34:18,083 [INFO] IPUIPlugin:80 - create IPUIPlugin
2025-10-28 11:34:18,084 [INFO] PluginManager:220 - loadIPPluginJar : add radio
2025-10-28 11:34:18,088 [INFO] IPUIPlugin:80 - create IPUIPlugin
2025-10-28 11:34:18,088 [INFO] PluginManager:220 - loadIPPluginJar : add resmgrutility
2025-10-28 11:34:18,091 [INFO] IPUIPlugin:80 - create IPUIPlugin
2025-10-28 11:34:18,092 [INFO] PluginManager:220 - loadIPPluginJar : add sai
2025-10-28 11:34:18,094 [INFO] IPUIPlugin:80 - create IPUIPlugin
2025-10-28 11:34:18,094 [INFO] PluginManager:220 - loadIPPluginJar : add spi
2025-10-28 11:34:18,099 [INFO] IPUIPlugin:80 - create IPUIPlugin
2025-10-28 11:34:18,099 [INFO] PluginManager:220 - loadIPPluginJar : add stm32_wpan
2025-10-28 11:34:18,101 [INFO] IPUIPlugin:80 - create IPUIPlugin
2025-10-28 11:34:18,101 [INFO] PluginManager:220 - loadIPPluginJar : add tim
2025-10-28 11:34:18,104 [INFO] IPUIPlugin:80 - create IPUIPlugin
2025-10-28 11:34:18,104 [INFO] PluginManager:220 - loadIPPluginJar : add touchsensing
2025-10-28 11:34:18,106 [INFO] IPUIPlugin:80 - create IPUIPlugin
2025-10-28 11:34:18,106 [INFO] PluginManager:220 - loadIPPluginJar : add tracer_emb
2025-10-28 11:34:18,108 [INFO] IPUIPlugin:80 - create IPUIPlugin
2025-10-28 11:34:18,108 [INFO] PluginManager:220 - loadIPPluginJar : add ts
2025-10-28 11:34:18,110 [INFO] IPUIPlugin:80 - create IPUIPlugin
2025-10-28 11:34:18,110 [INFO] PluginManager:220 - loadIPPluginJar : add tsc
2025-10-28 11:34:18,112 [INFO] IPUIPlugin:80 - create IPUIPlugin
2025-10-28 11:34:18,112 [INFO] PluginManager:220 - loadIPPluginJar : add ucpd
2025-10-28 11:34:18,114 [INFO] IPUIPlugin:80 - create IPUIPlugin
2025-10-28 11:34:18,114 [INFO] PluginManager:220 - loadIPPluginJar : add usart
2025-10-28 11:34:18,117 [INFO] IPUIPlugin:80 - create IPUIPlugin
2025-10-28 11:34:18,117 [INFO] PluginManager:220 - loadIPPluginJar : add usbx
2025-10-28 11:34:18,233 [FATAL] Updater:351 - Updater called before beeing initialized
2025-10-28 11:34:18,255 [INFO] RulesReader:64 - Compatibility file has been processed (317 Rules)
2025-10-28 11:34:18,267 [INFO] RulesReader:64 - Compatibility file has been processed (317 Rules)
2025-10-28 11:34:18,273 [INFO] CADModel:165 - CPN selected for project level
2025-10-28 11:34:18,273 [INFO] CADModel:114 - Register for checkConnection events
2025-10-28 11:34:18,274 [FATAL] Updater:351 - Updater called before beeing initialized
2025-10-28 11:34:18,274 [ERROR] CADModel:125 - Updater not yet initialized, retry later 
2025-10-28 11:34:18,387 [FATAL] Updater:351 - Updater called before beeing initialized
2025-10-28 11:34:18,388 [INFO] CADModel:165 - CPN selected for project level
2025-10-28 11:34:18,388 [INFO] CADModel:114 - Register for checkConnection events
2025-10-28 11:34:18,388 [FATAL] Updater:351 - Updater called before beeing initialized
2025-10-28 11:34:18,389 [ERROR] CADModel:125 - Updater not yet initialized, retry later 
2025-10-28 11:34:18,391 [FATAL] Updater:351 - Updater called before beeing initialized
2025-10-28 11:34:18,470 [FATAL] Updater:351 - Updater called before beeing initialized
2025-10-28 11:34:18,473 [INFO] DbMcusAds:53 - JSON generation date=Thu Oct 02 11:36:05 CEST 2025 (1759397765645)
2025-10-28 11:34:18,474 [FATAL] Updater:351 - Updater called before beeing initialized
2025-10-28 11:34:18,507 [WARN] DetailPanel:346 - Failed to get advertising image, set to default
2025-10-28 11:34:18,575 [FATAL] Updater:351 - Updater called before beeing initialized
2025-10-28 11:34:18,576 [FATAL] Updater:351 - Updater called before beeing initialized
2025-10-28 11:34:18,576 [FATAL] Updater:351 - Updater called before beeing initialized
2025-10-28 11:34:18,576 [WARN] DetailPanel:346 - Failed to get advertising image, set to default
2025-10-28 11:34:18,577 [FATAL] Updater:351 - Updater called before beeing initialized
2025-10-28 11:34:18,618 [ERROR] Updater:1198 - MainUpdater not yet initialized. External WinMGr cannot be set.
2025-10-28 11:34:18,619 [INFO] Updater:1134 - Updater Version found : 6.15.0
2025-10-28 11:34:18,635 [INFO] ApplicationProperties:184 - Using Application install path: C:\ST\STM32CubeIDE_1.19.0\STM32CubeIDE\plugins\com.st.stm32cube.common.mx_6.15.0.202507011659
2025-10-28 11:34:18,922 [INFO] MainUpdater:2872 - connection check result : 10
2025-10-28 11:34:18,922 [INFO] MainUpdater:289 - Updater Check For Update Now.
2025-10-28 11:34:18,923 [INFO] MicroXplorer:498 - Change Database Version : DB.6.0.150
2025-10-28 11:34:18,929 [INFO] McuFinderGlobals:63 - Set McuFinder mode to 2 (CubeIDE integrated)
2025-10-28 11:34:18,930 [INFO] UserAuth:487 - Internet connection configuration mode: 1
2025-10-28 11:34:18,952 [INFO] JxBrowserEngine:152 - Initiate JxBrowser Engine with user profile folder
2025-10-28 11:34:19,122 [INFO] CheckServerUpdateThread:120 - End of CheckServer Thread
2025-10-28 11:34:21,815 [WARN] PackLoader:240 - Cannot read IP mode file for STMicroelectronics.FP-SNS-MOTENVWB1.1.4.0
2025-10-28 11:34:21,831 [WARN] PackLoader:240 - Cannot read IP mode file for STMicroelectronics.FP-ATR-ASTRA1.2.0.2
2025-10-28 11:34:21,859 [WARN] PackLoader:240 - Cannot read IP mode file for STMicroelectronics.X-CUBE-SMBUS.2.1.0
2025-10-28 11:34:21,867 [WARN] PackLoader:240 - Cannot read IP mode file for STMicroelectronics.X-CUBE-ST60.1.0.0
2025-10-28 11:34:21,921 [WARN] PackLoader:240 - Cannot read IP mode file for STMicroelectronics.X-CUBE-AZRTOS-F7.1.1.0
2025-10-28 11:34:21,931 [WARN] PackLoader:240 - Cannot read IP mode file for Cesanta.I-CUBE-Mongoose.7.19.0
2025-10-28 11:34:21,943 [WARN] PackLoader:240 - Cannot read IP mode file for WES.I-CUBE-Cesium.1.4.0
2025-10-28 11:34:21,995 [WARN] PackLoader:240 - Cannot read IP mode file for Infineon.AIROC-Wi-Fi-Bluetooth-STM32.1.7.1
2025-10-28 11:34:22,083 [WARN] PackLoader:240 - Cannot read IP mode file for STMicroelectronics.X-CUBE-AZRTOS-H7.3.4.0
2025-10-28 11:34:22,254 [INFO] WebApp:169 - Instantiating new browser for Auth
2025-10-28 11:34:22,501 [WARN] PackLoader:240 - Cannot read IP mode file for STMicroelectronics.X-CUBE-DISPLAY.3.0.0
2025-10-28 11:34:22,533 [WARN] PackLoader:240 - Cannot read IP mode file for STMicroelectronics.X-CUBE-NFC10.1.0.0
2025-10-28 11:34:22,543 [WARN] PackLoader:240 - Cannot read IP mode file for STMicroelectronics.X-CUBE-ST60.1.1.0
2025-10-28 11:34:22,568 [WARN] PackLoader:240 - Cannot read IP mode file for emotas.I-CUBE-CANOPEN.1.3.0
2025-10-28 11:34:22,582 [WARN] PackLoader:240 - Cannot read IP mode file for STMicroelectronics.FP-SNS-STBOX1.2.1.0
2025-10-28 11:34:22,608 [WARN] PackLoader:240 - Cannot read IP mode file for STMicroelectronics.FP-SNS-SMARTAG2.1.2.0
2025-10-28 11:34:22,641 [WARN] PackLoader:240 - Cannot read IP mode file for STMicroelectronics.FP-SNS-FLIGHT1.5.1.0
2025-10-28 11:34:22,686 [INFO] LogOutputStream:77 - [STDOUT_REDIRECT] 1 : Invalid condition id : UX_CORESTACK_Condition cause : null
2025-10-28 11:34:22,688 [INFO] LogOutputStream:77 - [STDOUT_REDIRECT] 1 : Invalid condition id : UX_CORESTACK_Condition cause : null
2025-10-28 11:34:22,689 [INFO] LogOutputStream:77 - [STDOUT_REDIRECT] 1 : Invalid condition id : UX_CORESTACK_Condition cause : null
2025-10-28 11:34:22,697 [INFO] LogOutputStream:77 - [STDOUT_REDIRECT] 1 : Invalid condition id : UX_CORESTACK_Condition cause : null
2025-10-28 11:34:22,698 [INFO] LogOutputStream:77 - [STDOUT_REDIRECT] 1 : Invalid condition id : UX_CORESTACK_Condition cause : null
2025-10-28 11:34:22,702 [WARN] PackLoader:240 - Cannot read IP mode file for STMicroelectronics.X-CUBE-AZRTOS-WL.2.0.0
2025-10-28 11:34:22,733 [WARN] PackLoader:240 - Cannot read IP mode file for STMicroelectronics.FP-SNS-MOTENV1.5.0.0
2025-10-28 11:34:22,740 [WARN] PackLoader:240 - Cannot read IP mode file for STMicroelectronics.X-CUBE-BLE2.3.3.0
2025-10-28 11:34:22,747 [WARN] PackLoader:240 - Cannot read IP mode file for STMicroelectronics.X-CUBE-NFC9.1.0.0
2025-10-28 11:34:22,788 [WARN] PackLoader:240 - Cannot read IP mode file for wolfSSL.I-CUBE-wolfSSL.5.8.2
2025-10-28 11:34:22,796 [WARN] PackLoader:240 - Cannot read IP mode file for STMicroelectronics.X-CUBE-BLE1.7.1.0
2025-10-28 11:34:22,802 [WARN] PackLoader:240 - Cannot read IP mode file for wolfSSL.I-CUBE-wolfMQTT.1.19.2
2025-10-28 11:34:22,820 [WARN] PackLoader:240 - Cannot read IP mode file for STMicroelectronics.X-CUBE-EEPRMA1.5.2.0
2025-10-28 11:34:22,830 [WARN] PackLoader:240 - Cannot read IP mode file for STMicroelectronics.X-CUBE-ST67W61.1.1.0
2025-10-28 11:34:22,845 [WARN] PackLoader:240 - Cannot read IP mode file for STMicroelectronics.X-CUBE-AZRTOS-G0.1.1.0
2025-10-28 11:34:22,863 [WARN] PackLoader:240 - Cannot read IP mode file for STMicroelectronics.X-CUBE-SAFEA1.1.2.2
2025-10-28 11:34:22,869 [WARN] PackLoader:240 - Cannot read IP mode file for STMicroelectronics.X-CUBE-NFC4.3.0.0
2025-10-28 11:34:22,879 [WARN] PackLoader:240 - Cannot read IP mode file for EmbeddedOffice.I-CUBE-FS-RTOS.1.0.1
2025-10-28 11:34:22,885 [WARN] PackLoader:240 - Cannot read IP mode file for STMicroelectronics.X-CUBE-WB05N.2.0.0
2025-10-28 11:34:22,890 [WARN] PackLoader:240 - Cannot read IP mode file for wolfSSL.I-CUBE-wolfTPM.3.8.0
2025-10-28 11:34:22,896 [WARN] PackLoader:240 - Cannot read IP mode file for STMicroelectronics.X-CUBE-TCPP.4.2.0
2025-10-28 11:34:22,905 [WARN] PackLoader:240 - Cannot read IP mode file for RealThread.X-CUBE-RT-Thread_Nano.4.1.1
2025-10-28 11:34:22,910 [WARN] PackLoader:240 - Cannot read IP mode file for STMicroelectronics.FP-ATR-SIGFOX1.3.2.0
2025-10-28 11:34:22,923 [WARN] PackLoader:240 - Cannot read IP mode file for ITTIA_DB.I-CUBE-ITTIADB.8.9.0
2025-10-28 11:34:22,929 [WARN] PackLoader:240 - Cannot read IP mode file for STMicroelectronics.X-CUBE-ST67W61.1.0.0
2025-10-28 11:34:22,934 [WARN] PackLoader:240 - Cannot read IP mode file for STMicroelectronics.X-CUBE-AI.10.2.0
2025-10-28 11:34:22,960 [WARN] PackLoader:240 - Cannot read IP mode file for SEGGER.I-CUBE-embOS.1.3.1
2025-10-28 11:34:22,998 [WARN] PackLoader:240 - Cannot read IP mode file for STMicroelectronics.X-CUBE-ALGOBUILD.1.4.0
2025-10-28 11:34:23,065 [WARN] PackLoader:240 - Cannot read IP mode file for STMicroelectronics.X-CUBE-MEMS1.11.3.0
2025-10-28 11:34:23,176 [WARN] PackLoader:240 - Cannot read IP mode file for STMicroelectronics.X-CUBE-PM33A1.1.0.0
2025-10-28 11:34:23,192 [WARN] PackLoader:240 - Cannot read IP mode file for STMicroelectronics.X-CUBE-AZRTOS-F4.1.1.0
2025-10-28 11:34:23,198 [WARN] PackLoader:240 - Cannot read IP mode file for Avnet-IotConnect.X-CUBE-IoTC-DA16k-PMOD.1.0.0
2025-10-28 11:34:23,202 [WARN] PackLoader:240 - Cannot read IP mode file for STMicroelectronics.X-CUBE-ISPU.2.1.0
2025-10-28 11:34:23,215 [WARN] PackLoader:240 - Cannot read IP mode file for STMicroelectronics.X-CUBE-IPS.3.2.0
2025-10-28 11:34:23,226 [WARN] PackLoader:240 - Cannot read IP mode file for STMicroelectronics.X-CUBE-NFC12.1.0.0
2025-10-28 11:34:23,242 [WARN] PackLoader:240 - Cannot read IP mode file for STMicroelectronics.X-CUBE-AZRTOS-L5.2.0.0
2025-10-28 11:34:23,292 [WARN] PackLoader:240 - Cannot read IP mode file for STMicroelectronics.X-CUBE-NFC6.3.1.0
2025-10-28 11:34:23,300 [WARN] PackLoader:240 - Cannot read IP mode file for STMicroelectronics.X-CUBE-FREERTOS.1.3.1
2025-10-28 11:34:23,313 [WARN] PackLoader:240 - Cannot read IP mode file for STMicroelectronics.X-CUBE-TOUCHGFX.4.26.0
2025-10-28 11:34:23,400 [WARN] PackLoader:240 - Cannot read IP mode file for STMicroelectronics.FP-SNS-STAIOTCFT.1.0.0
2025-10-28 11:34:23,419 [WARN] PackLoader:240 - Cannot read IP mode file for STMicroelectronics.X-CUBE-DPower.1.3.0
2025-10-28 11:34:23,438 [WARN] ConditionMgr:438 - getConditionDescription Invalid condition id : LAN8742 Phy interface Condition cause : null
2025-10-28 11:34:23,438 [WARN] PackLoader:240 - Cannot read IP mode file for STMicroelectronics.X-CUBE-AZRTOS-L4.2.0.0
2025-10-28 11:34:23,440 [WARN] ConditionMgr:1044 - genDependencies : Invalid condition id : LAN8742 Phy interface Condition cause : null
2025-10-28 11:34:23,440 [WARN] ConditionMgr:1044 - genDependencies : Invalid condition id : LAN8742 Phy interface Condition cause : null
2025-10-28 11:34:23,441 [WARN] ConditionMgr:1044 - genDependencies : Invalid condition id : LAN8742 Phy interface Condition cause : null
2025-10-28 11:34:23,459 [WARN] PackLoader:240 - Cannot read IP mode file for STMicroelectronics.X-CUBE-SFXS2LP1.4.0.0
2025-10-28 11:34:23,481 [WARN] PackLoader:240 - Cannot read IP mode file for STMicroelectronics.X-CUBE-AZRTOS-H7.3.3.0
2025-10-28 11:34:23,623 [WARN] PackLoader:240 - Cannot read IP mode file for STMicroelectronics.X-CUBE-BLEMGR.4.1.0
2025-10-28 11:34:23,683 [WARN] ConditionMgr:438 - getConditionDescription Invalid condition id : UX DEVICE CLASS RTOS Condition cause : null
2025-10-28 11:34:23,684 [WARN] ConditionMgr:438 - getConditionDescription Invalid condition id : UX DEVICE CLASS RTOS Condition cause : null
2025-10-28 11:34:23,686 [WARN] PackLoader:240 - Cannot read IP mode file for STMicroelectronics.X-CUBE-AZRTOS-WB.2.0.0
2025-10-28 11:34:23,686 [WARN] ConditionMgr:1044 - genDependencies : Invalid condition id : UX DEVICE CLASS RTOS Condition cause : null
2025-10-28 11:34:23,687 [WARN] ConditionMgr:1044 - genDependencies : Invalid condition id : UX DEVICE CLASS RTOS Condition cause : null
2025-10-28 11:34:23,687 [WARN] ConditionMgr:1044 - genDependencies : Invalid condition id : UX DEVICE CLASS RTOS Condition cause : null
2025-10-28 11:34:23,687 [WARN] ConditionMgr:1044 - genDependencies : Invalid condition id : UX DEVICE CLASS RTOS Condition cause : null
2025-10-28 11:34:23,687 [WARN] ConditionMgr:1044 - genDependencies : Invalid condition id : UX DEVICE CLASS RTOS Condition cause : null
2025-10-28 11:34:23,697 [WARN] PackLoader:240 - Cannot read IP mode file for STMicroelectronics.X-CUBE-GNSS1.7.0.1
2025-10-28 11:34:23,705 [INFO] WebApp:463 - Apply proxy settings
2025-10-28 11:34:23,705 [INFO] WebApp:548 - Chromium requires no authentication
2025-10-28 11:34:23,714 [WARN] PackLoader:240 - Cannot read IP mode file for STMicroelectronics.X-CUBE-TOUCHGFX.4.25.0
2025-10-28 11:34:23,721 [INFO] WebApp:491 - Direct internet connection detected
2025-10-28 11:34:23,730 [WARN] ConditionMgr:438 - getConditionDescription Invalid condition id : Cortex-A Device cause : null
2025-10-28 11:34:23,749 [WARN] ConditionMgr:1044 - genDependencies : Invalid condition id : Cortex-A Device cause : null
2025-10-28 11:34:23,749 [WARN] ConditionMgr:1044 - genDependencies : Invalid condition id : Cortex-A Device cause : null
2025-10-28 11:34:23,749 [WARN] ConditionMgr:1044 - genDependencies : Invalid condition id : Cortex-A Device cause : null
2025-10-28 11:34:23,763 [WARN] PackLoader:240 - Cannot read IP mode file for STMicroelectronics.X-CUBE-SUBG2.5.0.0
2025-10-28 11:34:23,780 [INFO] WebApp:900 - Register for checkConnection events
2025-10-28 11:34:23,780 [INFO] WebApp:463 - Apply proxy settings
2025-10-28 11:34:23,780 [INFO] WebApp:548 - Chromium requires no authentication
2025-10-28 11:34:23,781 [INFO] WebApp:491 - Direct internet connection detected
2025-10-28 11:34:23,787 [WARN] PackLoader:240 - Cannot read IP mode file for STMicroelectronics.X-CUBE-AZRTOS-H7RS.1.1.0
2025-10-28 11:34:23,816 [WARN] PackLoader:240 - Cannot read IP mode file for STMicroelectronics.X-CUBE-AZRTOS-G4.2.0.0
2025-10-28 11:34:23,829 [WARN] PackLoader:240 - Cannot read IP mode file for wolfSSL.I-CUBE-wolfSSH.1.4.20
2025-10-28 11:34:23,834 [WARN] PackLoader:240 - Cannot read IP mode file for STMicroelectronics.X-CUBE-NFC7.2.0.0
2025-10-28 11:34:23,843 [WARN] PackLoader:240 - Cannot read IP mode file for STMicroelectronics.X-CUBE-IPS.3.1.0
2025-10-28 11:34:23,852 [WARN] PackLoader:240 - Cannot read IP mode file for STMicroelectronics.X-CUBE-ALS.1.0.2
2025-10-28 11:34:23,859 [WARN] PackLoader:240 - Cannot read IP mode file for STMicroelectronics.X-CUBE-STSE01.1.0.0
2025-10-28 11:34:23,878 [WARN] PackLoader:240 - Cannot read IP mode file for STMicroelectronics.X-CUBE-TOF1.3.4.3
2025-10-28 11:34:23,887 [INFO] ThirdParty:978 - Integrity check success = true
2025-10-28 11:34:23,887 [INFO] IntegrityCheckThread:100 - exiting critical section [integrity check]
2025-10-28 11:34:23,887 [INFO] IntegrityCheckThread:103 - End integrity checks thread
2025-10-28 11:34:24,054 [INFO] WebApp:225 - Starting web application
2025-10-28 11:34:24,055 [INFO] WebApp:593 - Web application path used C:\ST\STM32CubeIDE_1.19.0\STM32CubeIDE\plugins\com.st.stm32cube.common.mx_6.15.0.202507011659\db\plugins\mcufinder\reactClient1\index.html
2025-10-28 11:34:24,221 [INFO] WebApp:191 - Connection restablished
2025-10-28 11:34:24,265 [INFO] UserAuth:487 - Internet connection configuration mode: 1
