2025-10-08 09:19:25,282 [INFO] WebApp:194 - Connection lost
2025-10-08 09:19:33,530 [INFO] WebApp:191 - Connection restablished
2025-10-08 09:19:34,872 [INFO] WebApp:194 - Connection lost
2025-10-08 09:19:34,998 [INFO] WebApp:191 - Connection restablished
2025-10-08 09:19:35,853 [INFO] WebApp:194 - Connection lost
2025-10-08 09:19:35,956 [INFO] WebApp:191 - Connection restablished
2025-10-08 09:21:20,332 [INFO] WebApp:194 - Connection lost
2025-10-08 09:21:20,457 [INFO] WebApp:191 - Connection restablished
2025-10-08 11:22:29,979 [INFO] WebApp:194 - Connection lost
2025-10-08 11:22:42,021 [INFO] WebApp:191 - Connection restablished
2025-10-08 11:22:43,932 [INFO] WebApp:194 - Connection lost
2025-10-08 11:22:44,058 [INFO] WebApp:191 - Connection restablished
2025-10-08 11:24:28,826 [INFO] WebApp:194 - Connection lost
2025-10-08 11:24:29,005 [INFO] WebApp:191 - Connection restablished
2025-10-08 11:57:07,008 [INFO] WebApp:194 - Connection lost
2025-10-08 11:58:12,134 [INFO] WebApp:191 - Connection restablished
2025-10-08 11:58:15,313 [INFO] WebApp:194 - Connection lost
2025-10-08 11:58:15,485 [INFO] WebApp:191 - Connection restablished
2025-10-08 11:58:16,810 [INFO] MainUpdater:2872 - connection check result : 10
2025-10-08 11:58:16,810 [INFO] MainUpdater:2872 - connection check result : 10
2025-10-08 11:58:16,917 [INFO] MicroXplorer:468 - Change Database Path : 
2025-10-08 11:58:16,917 [INFO] MicroXplorer:498 - Change Database Version : DB.6.0.150
2025-10-08 11:58:16,967 [ERROR] ProjectManagerView:395 - 
java.lang.NullPointerException: Cannot invoke "javax.swing.JTextField.getText()" because the return value of "java.util.List.get(int)" is null
	at com.st.microxplorer.plugins.projectmanager.gui.ProjectChoiceTab$9.caretUpdate(ProjectChoiceTab.java:2706) ~[filemanager.jar:?]
	at javax.swing.text.JTextComponent.fireCaretUpdate(JTextComponent.java:408) ~[?:?]
	at javax.swing.text.JTextComponent$MutableCaretEvent.fire(JTextComponent.java:4484) ~[?:?]
	at javax.swing.text.JTextComponent$MutableCaretEvent.stateChanged(JTextComponent.java:4506) ~[?:?]
	at javax.swing.text.DefaultCaret.fireStateChanged(DefaultCaret.java:857) ~[?:?]
	at javax.swing.text.DefaultCaret.changeCaretPosition(DefaultCaret.java:1343) ~[?:?]
	at javax.swing.text.DefaultCaret.handleSetDot(DefaultCaret.java:1242) ~[?:?]
	at javax.swing.text.DefaultCaret.setDot(DefaultCaret.java:1223) ~[?:?]
	at javax.swing.text.DefaultCaret$Handler.insertUpdate(DefaultCaret.java:1819) ~[?:?]
	at javax.swing.text.AbstractDocument.fireInsertUpdate(AbstractDocument.java:227) ~[?:?]
	at javax.swing.text.AbstractDocument.handleInsertString(AbstractDocument.java:781) ~[?:?]
	at javax.swing.text.AbstractDocument.insertString(AbstractDocument.java:740) ~[?:?]
	at javax.swing.text.PlainDocument.insertString(PlainDocument.java:131) ~[?:?]
	at javax.swing.text.AbstractDocument.replace(AbstractDocument.java:699) ~[?:?]
	at javax.swing.text.JTextComponent.setText(JTextComponent.java:1725) ~[?:?]
	at com.st.microxplorer.plugins.projectmanager.gui.ProjectChoiceTab.createHeapStackFields(ProjectChoiceTab.java:993) ~[filemanager.jar:?]
	at com.st.microxplorer.plugins.projectmanager.gui.ProjectChoiceTab.buildLinkSettingsPanel(ProjectChoiceTab.java:3813) ~[filemanager.jar:?]
	at com.st.microxplorer.plugins.projectmanager.gui.ProjectChoiceTab.defineWindowsFields(ProjectChoiceTab.java:1987) ~[filemanager.jar:?]
	at com.st.microxplorer.plugins.projectmanager.gui.ProjectChoiceTab.updateSettings(ProjectChoiceTab.java:558) ~[filemanager.jar:?]
	at com.st.microxplorer.plugins.projectmanager.gui.ProjectSettingsPanel.UpdateDialog(ProjectSettingsPanel.java:247) ~[filemanager.jar:?]
	at com.st.microxplorer.plugins.projectmanager.ProjectManagerView.propertyChange(ProjectManagerView.java:392) ~[filemanager.jar:?]
	at java.beans.PropertyChangeSupport.fire(PropertyChangeSupport.java:343) ~[?:?]
	at java.beans.PropertyChangeSupport.firePropertyChange(PropertyChangeSupport.java:335) ~[?:?]
	at java.beans.PropertyChangeSupport.firePropertyChange(PropertyChangeSupport.java:268) ~[?:?]
	at com.st.microxplorer.util.MXPropertyChangeSupport.firePropertyChange(MXPropertyChangeSupport.java:54) ~[STM32CubeMX.jar:?]
	at com.st.microxplorer.mxsystem.MxSystem.closeConfig(MxSystem.java:899) ~[STM32CubeMX.jar:?]
	at com.st.microxplorer.maingui.MainPanel.closeConfig(MainPanel.java:792) ~[STM32CubeMX.jar:?]
	at com.st.microxplorer.plugins.filemanager.engine.OpenFileManager.loadConfigurationFile(OpenFileManager.java:288) ~[filemanager.jar:?]
	at com.st.microxplorer.plugins.filemanager.engine.MainFileManager.userLoadConfig(MainFileManager.java:364) ~[filemanager.jar:?]
	at com.st.microxplorer.plugins.filemanager.engine.MainFileManager.userLoadConfig(MainFileManager.java:342) ~[filemanager.jar:?]
	at com.st.microxplorer.plugins.filemanager.FileManagerView.getSpecificTask(FileManagerView.java:264) ~[filemanager.jar:?]
	at com.st.stm32cube.common.mx.editor.CubeMxEditor.getMxTabbedPaneInstance(CubeMxEditor.java:1198) ~[com.st.stm32cube.common.mx_6.15.0.202507011659/:?]
	at com.st.stm32cube.common.mx.editor.CubeMxEditor$12$1.createSwingComponent(CubeMxEditor.java:1068) ~[com.st.stm32cube.common.mx_6.15.0.202507011659/:?]
	at com.st.stm32cube.common.mx.oss.core.awtswtbridge.EmbeddedSwingComposite.doComponentCreation(EmbeddedSwingComposite.java:492) ~[com.st.stm32cube.common.mx.oss_6.15.0.202507011659/:?]
	at com.st.stm32cube.common.mx.oss.core.awtswtbridge.EmbeddedSwingComposite$4.run(EmbeddedSwingComposite.java:291) ~[com.st.stm32cube.common.mx.oss_6.15.0.202507011659/:?]
	at com.st.stm32cube.common.mx.oss.core.awtswtbridge.AwtEnvironment$2.run(AwtEnvironment.java:166) ~[com.st.stm32cube.common.mx.oss_6.15.0.202507011659/:?]
	at java.awt.event.InvocationEvent.dispatch(InvocationEvent.java:318) ~[?:?]
	at java.awt.EventQueue.dispatchEventImpl(EventQueue.java:773) ~[?:?]
	at java.awt.EventQueue$4.run(EventQueue.java:720) ~[?:?]
	at java.awt.EventQueue$4.run(EventQueue.java:714) ~[?:?]
	at java.security.AccessController.doPrivileged(AccessController.java:400) ~[?:?]
	at java.security.ProtectionDomain$JavaSecurityAccessImpl.doIntersectionPrivilege(ProtectionDomain.java:87) ~[?:?]
	at java.awt.EventQueue.dispatchEvent(EventQueue.java:742) ~[?:?]
	at java.awt.EventDispatchThread.pumpOneEventForFilters(EventDispatchThread.java:203) ~[?:?]
	at java.awt.EventDispatchThread.pumpEventsForFilter(EventDispatchThread.java:124) ~[?:?]
	at java.awt.EventDispatchThread.pumpEventsForHierarchy(EventDispatchThread.java:113) ~[?:?]
	at java.awt.EventDispatchThread.pumpEvents(EventDispatchThread.java:109) ~[?:?]
	at java.awt.EventDispatchThread.pumpEvents(EventDispatchThread.java:101) ~[?:?]
	at java.awt.EventDispatchThread.run(EventDispatchThread.java:90) ~[?:?]
2025-10-08 11:58:16,968 [WARN] ThirdParty:871 - waiting for thirdparty lock release [close project]
2025-10-08 11:58:16,968 [INFO] ThirdParty:873 - entering critical section [close project]
2025-10-08 11:58:16,969 [INFO] ThirdParty:883 - exiting critical section [close project]
2025-10-08 11:58:16,974 [INFO] PinOutPanel:1589 - setPackage(No Configuration,No Configuration)
2025-10-08 11:58:16,993 [WARN] IpParametersView:155 - Warning: This peripheral hasn't parameters
2025-10-08 11:58:17,024 [WARN] MainPanel:289 - <html><b><center>Warning: This peripheral has no parameters to be configured<br></b></html>
2025-10-08 11:58:17,033 [WARN] IpParametersView:155 - Warning: This peripheral hasn't parameters
2025-10-08 11:58:17,051 [WARN] MainPanel:289 - <html><b><center>Warning: This peripheral has no parameters to be configured<br></b></html>
2025-10-08 11:58:17,063 [INFO] UtilMem:75 - Begin LoadConfig() Used Memory: 647277632 Bytes (1073741824)
2025-10-08 11:58:17,065 [INFO] MicroXplorer:468 - Change Database Path : 
2025-10-08 11:58:17,065 [INFO] MicroXplorer:498 - Change Database Version : DB.6.0.150
2025-10-08 11:58:17,066 [INFO] OpenFileManager:355 - Change cursor
2025-10-08 11:58:17,143 [INFO] RulesReader:64 - Compatibility file has been processed (317 Rules)
2025-10-08 11:58:17,160 [INFO] Mcu:2029 - Initializing MCU STM32H747XIHx STM32H747XIHx STM32H747XIH6
2025-10-08 11:58:20,574 [INFO] Context:786 - Trying to add GPIOservice into a context  which must be forbidden
2025-10-08 11:58:20,575 [INFO] Context:786 - Trying to add GPIOservice into a context  which must be forbidden
2025-10-08 11:58:22,116 [INFO] ApiDbMcu:532 - Load IP Config File for STMicroelectronics.X-CUBE-TOUCHGFX.4.26.0_M7
2025-10-08 11:58:22,392 [WARN] Context:862 - Trying to set LTDC twice on same context CortexM7
2025-10-08 11:58:22,398 [INFO] Context:786 - Trying to add GPIOservice into a context  which must be forbidden
2025-10-08 11:58:22,417 [INFO] Context:786 - Trying to add GPIOservice into a context  which must be forbidden
2025-10-08 11:58:22,423 [INFO] ImportTextPane:234 - (OptionalMessage_ERROR) Pin110 (VP_RIF_VS_RIF1) cannot be retrieved for this MCU
2025-10-08 11:58:22,517 [INFO] RtosManager:558 - Registered RTOS mode: class=CMSIS, group=RTOS, mode=CMSIS_V1, owner=FREERTOS_M7
2025-10-08 11:58:22,517 [INFO] RtosManager:558 - Registered RTOS mode: class=CMSIS, group=RTOS2, mode=CMSIS_V2, owner=FREERTOS_M7
2025-10-08 11:58:22,517 [INFO] RtosManager:558 - Registered RTOS mode: class=RTOS, group=Core, mode=CMSIS_V1, owner=FREERTOS_M7
2025-10-08 11:58:22,517 [INFO] RtosManager:558 - Registered RTOS mode: class=RTOS, group=Core, mode=CMSIS_V2, owner=FREERTOS_M7
2025-10-08 11:58:22,517 [WARN] ModelIntegratedComponent:184 - Missing modes for component STMicroelectronics:FreeRTOS:0.0.1:STMicroelectronics:RTOS:FreeRTOS:Core:::10.2.0:
2025-10-08 11:58:22,533 [WARN] ModelIntegratedComponent:63 - No mode defined for component null
2025-10-08 11:58:22,533 [WARN] ModelIntegratedComponent:63 - No mode defined for component null
2025-10-08 11:58:22,533 [WARN] ModelIntegratedComponent:63 - No mode defined for component null
2025-10-08 11:58:22,534 [WARN] ModelIntegratedComponent:63 - No mode defined for component null
2025-10-08 11:58:22,534 [WARN] ModelIntegratedComponent:63 - No mode defined for component null
2025-10-08 11:58:22,534 [WARN] ModelIntegratedComponent:63 - No mode defined for component null
2025-10-08 11:58:22,534 [WARN] ModelIntegratedComponent:63 - No mode defined for component null
2025-10-08 11:58:22,534 [WARN] ModelIntegratedComponent:63 - No mode defined for component null
2025-10-08 11:58:22,534 [WARN] ModelIntegratedComponent:63 - No mode defined for component null
2025-10-08 11:58:22,534 [WARN] ModelIntegratedComponent:63 - No mode defined for component null
2025-10-08 11:58:22,534 [WARN] ModelIntegratedComponent:63 - No mode defined for component null
2025-10-08 11:58:22,534 [WARN] ModelIntegratedComponent:63 - No mode defined for component null
2025-10-08 11:58:22,534 [WARN] ModelIntegratedComponent:63 - No mode defined for component null
2025-10-08 11:58:22,534 [WARN] ModelIntegratedComponent:63 - No mode defined for component null
2025-10-08 11:58:22,535 [WARN] ModelIntegratedComponent:63 - No mode defined for component null
2025-10-08 11:58:22,535 [WARN] ModelIntegratedComponent:63 - No mode defined for component null
2025-10-08 11:58:22,535 [WARN] ModelIntegratedComponent:63 - No mode defined for component null
2025-10-08 11:58:22,535 [WARN] ModelIntegratedComponent:63 - No mode defined for component null
2025-10-08 11:58:22,535 [WARN] ModelIntegratedComponent:63 - No mode defined for component null
2025-10-08 11:58:22,535 [WARN] ModelIntegratedComponent:63 - No mode defined for component null
2025-10-08 11:58:22,535 [WARN] ModelIntegratedComponent:63 - No mode defined for component null
2025-10-08 11:58:22,535 [WARN] ModelIntegratedComponent:63 - No mode defined for component null
2025-10-08 11:58:22,535 [WARN] ModelIntegratedComponent:63 - No mode defined for component null
2025-10-08 11:58:22,535 [WARN] ModelIntegratedComponent:63 - No mode defined for component null
2025-10-08 11:58:22,535 [WARN] ModelIntegratedComponent:63 - No mode defined for component null
2025-10-08 11:58:22,535 [WARN] ModelIntegratedComponent:63 - No mode defined for component null
2025-10-08 11:58:22,535 [WARN] ModelIntegratedComponent:63 - No mode defined for component null
2025-10-08 11:58:22,535 [WARN] ModelIntegratedComponent:63 - No mode defined for component null
2025-10-08 11:58:22,535 [WARN] ModelIntegratedComponent:63 - No mode defined for component null
2025-10-08 11:58:22,535 [WARN] ModelIntegratedComponent:63 - No mode defined for component null
2025-10-08 11:58:22,535 [WARN] ModelIntegratedComponent:63 - No mode defined for component null
2025-10-08 11:58:22,535 [WARN] ModelIntegratedComponent:63 - No mode defined for component null
2025-10-08 11:58:22,535 [WARN] ModelIntegratedComponent:63 - No mode defined for component null
2025-10-08 11:58:22,536 [WARN] ModelIntegratedComponent:63 - No mode defined for component null
2025-10-08 11:58:22,536 [WARN] ModelIntegratedComponent:63 - No mode defined for component null
2025-10-08 11:58:22,536 [WARN] ModelPack:524 - Component already loaded: STMicroelectronics:HAL Drivers:0.0.0:STMicroelectronics:Device:STMicro_Driver:XSPI:HAL::0.0.1:HAL_XSPI
2025-10-08 11:58:22,613 [INFO] RtosManager:558 - Registered RTOS mode: class=CMSIS, group=RTOS, mode=CMSIS_V1, owner=FREERTOS_M4
2025-10-08 11:58:22,613 [INFO] RtosManager:558 - Registered RTOS mode: class=CMSIS, group=RTOS2, mode=CMSIS_V2, owner=FREERTOS_M4
2025-10-08 11:58:22,614 [INFO] RtosManager:558 - Registered RTOS mode: class=RTOS, group=Core, mode=CMSIS_V1, owner=FREERTOS_M4
2025-10-08 11:58:22,614 [INFO] RtosManager:558 - Registered RTOS mode: class=RTOS, group=Core, mode=CMSIS_V2, owner=FREERTOS_M4
2025-10-08 11:58:22,614 [WARN] ModelIntegratedComponent:184 - Missing modes for component STMicroelectronics:FreeRTOS:0.0.1:STMicroelectronics:RTOS:FreeRTOS:Core:::10.2.0:
2025-10-08 11:58:22,619 [WARN] ModelIntegratedComponent:63 - No mode defined for component null
2025-10-08 11:58:22,619 [WARN] ModelIntegratedComponent:63 - No mode defined for component null
2025-10-08 11:58:22,620 [WARN] ModelIntegratedComponent:63 - No mode defined for component null
2025-10-08 11:58:22,620 [WARN] ModelIntegratedComponent:63 - No mode defined for component null
2025-10-08 11:58:22,620 [WARN] ModelIntegratedComponent:63 - No mode defined for component null
2025-10-08 11:58:22,620 [WARN] ModelIntegratedComponent:63 - No mode defined for component null
2025-10-08 11:58:22,620 [WARN] ModelIntegratedComponent:63 - No mode defined for component null
2025-10-08 11:58:22,620 [WARN] ModelIntegratedComponent:63 - No mode defined for component null
2025-10-08 11:58:22,620 [WARN] ModelIntegratedComponent:63 - No mode defined for component null
2025-10-08 11:58:22,620 [WARN] ModelIntegratedComponent:63 - No mode defined for component null
2025-10-08 11:58:22,620 [WARN] ModelIntegratedComponent:63 - No mode defined for component null
2025-10-08 11:58:22,620 [WARN] ModelIntegratedComponent:63 - No mode defined for component null
2025-10-08 11:58:22,620 [WARN] ModelIntegratedComponent:63 - No mode defined for component null
2025-10-08 11:58:22,620 [WARN] ModelIntegratedComponent:63 - No mode defined for component null
2025-10-08 11:58:22,620 [WARN] ModelIntegratedComponent:63 - No mode defined for component null
2025-10-08 11:58:22,620 [WARN] ModelIntegratedComponent:63 - No mode defined for component null
2025-10-08 11:58:22,620 [WARN] ModelIntegratedComponent:63 - No mode defined for component null
2025-10-08 11:58:22,620 [WARN] ModelIntegratedComponent:63 - No mode defined for component null
2025-10-08 11:58:22,620 [WARN] ModelIntegratedComponent:63 - No mode defined for component null
2025-10-08 11:58:22,620 [WARN] ModelIntegratedComponent:63 - No mode defined for component null
2025-10-08 11:58:22,620 [WARN] ModelIntegratedComponent:63 - No mode defined for component null
2025-10-08 11:58:22,620 [WARN] ModelIntegratedComponent:63 - No mode defined for component null
2025-10-08 11:58:22,620 [WARN] ModelIntegratedComponent:63 - No mode defined for component null
2025-10-08 11:58:22,620 [WARN] ModelIntegratedComponent:63 - No mode defined for component null
2025-10-08 11:58:22,620 [WARN] ModelIntegratedComponent:63 - No mode defined for component null
2025-10-08 11:58:22,620 [WARN] ModelIntegratedComponent:63 - No mode defined for component null
2025-10-08 11:58:22,620 [WARN] ModelIntegratedComponent:63 - No mode defined for component null
2025-10-08 11:58:22,620 [WARN] ModelIntegratedComponent:63 - No mode defined for component null
2025-10-08 11:58:22,620 [WARN] ModelIntegratedComponent:63 - No mode defined for component null
2025-10-08 11:58:22,621 [WARN] ModelIntegratedComponent:63 - No mode defined for component null
2025-10-08 11:58:22,621 [WARN] ModelIntegratedComponent:63 - No mode defined for component null
2025-10-08 11:58:22,621 [WARN] ModelIntegratedComponent:63 - No mode defined for component null
2025-10-08 11:58:22,621 [WARN] ModelIntegratedComponent:63 - No mode defined for component null
2025-10-08 11:58:22,621 [WARN] ModelIntegratedComponent:63 - No mode defined for component null
2025-10-08 11:58:22,621 [WARN] ModelIntegratedComponent:63 - No mode defined for component null
2025-10-08 11:58:22,621 [WARN] ModelPack:524 - Component already loaded: STMicroelectronics:HAL Drivers:0.0.0:STMicroelectronics:Device:STMicro_Driver:XSPI:HAL::0.0.1:HAL_XSPI
2025-10-08 11:58:22,696 [WARN] IP:2250 - tgfx_framebuffer_stride_value_custom not found: check if there is a RefParameter without a condition.
2025-10-08 11:58:23,519 [INFO] ApiDbMcu:532 - Load IP Config File for FREERTOS_M7
2025-10-08 11:58:23,529 [INFO] ApiDbMcu:532 - Load IP Config File for USB_DEVICE_M7
2025-10-08 11:58:23,547 [INFO] ThirdPartyModel:298 - Start build external matchings
2025-10-08 11:58:23,845 [INFO] ThirdPartyModel:316 - End build external matchings
2025-10-08 11:58:23,853 [INFO] ThirdPartyModel:298 - Start build external matchings
2025-10-08 11:58:24,117 [INFO] ThirdPartyModel:316 - End build external matchings
2025-10-08 11:58:24,126 [INFO] RtosManager:1018 - Current active RTOS is FREERTOS_M7 [CortexM7]
2025-10-08 11:58:24,133 [INFO] HwResourcesManager:1943 - RZone for current mcu STM32H747XIHx : STM32_DIE450_864_2048_DUAL
2025-10-08 11:58:24,178 [INFO] HwResourcesManager:286 - provisioning FMC Bank1 added
2025-10-08 11:58:24,179 [INFO] HwResourcesManager:286 - provisioning FMC Bank3 added
2025-10-08 11:58:24,181 [INFO] HwResourcesManager:286 - provisioning QuadSPI added
2025-10-08 11:58:24,183 [INFO] HwResourcesManager:286 - provisioning FMC SDRAM Bank1 added
2025-10-08 11:58:24,187 [INFO] HwResourcesManager:286 - provisioning FMC SDRAM Bank2 added
2025-10-08 11:58:24,190 [INFO] HwResourcesManager:473 - Memory Region RAM_ITCM added without MPC
2025-10-08 11:58:24,194 [INFO] HwResourcesManager:473 - Memory Region Flash Bank1 added without MPC
2025-10-08 11:58:24,197 [INFO] HwResourcesManager:473 - Memory Region Flash Bank2 added without MPC
2025-10-08 11:58:24,201 [INFO] HwResourcesManager:473 - Memory Region RAM1_AHB_C added without MPC
2025-10-08 11:58:24,205 [INFO] HwResourcesManager:473 - Memory Region RAM2_AHB_C added without MPC
2025-10-08 11:58:24,210 [INFO] HwResourcesManager:473 - Memory Region RAM3_AHB_C added without MPC
2025-10-08 11:58:24,213 [INFO] HwResourcesManager:473 - Memory Region RAM_DTCM added without MPC
2025-10-08 11:58:24,216 [INFO] HwResourcesManager:473 - Memory Region RAM_AXI added without MPC
2025-10-08 11:58:24,219 [INFO] HwResourcesManager:473 - Memory Region RAM1_AHB added without MPC
2025-10-08 11:58:24,223 [INFO] HwResourcesManager:473 - Memory Region RAM2_AHB added without MPC
2025-10-08 11:58:24,226 [INFO] HwResourcesManager:473 - Memory Region RAM3_AHB added without MPC
2025-10-08 11:58:24,228 [INFO] HwResourcesManager:473 - Memory Region RAM_AHB_D4 added without MPC
2025-10-08 11:58:24,231 [INFO] HwResourcesManager:473 - Memory Region BKPSRAM added without MPC
2025-10-08 11:58:24,232 [INFO] MemInfoExtractor$FMCInfoExtractor:920 - Cannot find FMC BANK1 start address in the info provided by HWResourceManager => Set it to the default value
2025-10-08 11:58:24,232 [INFO] MemInfoExtractor$FMCInfoExtractor:923 - Cannot find FMC SDRAM BANK1 start address in the info provided by HWResourceManager => Set it to the default value
2025-10-08 11:58:24,232 [INFO] MemInfoExtractor$OctoQuadSPIInfoExtractor:1646 - Cannot find QUADSPI start address in the info provided by HWResourceManager => Set it to the default value
2025-10-08 11:58:24,236 [INFO] HwResourcesManager:1122 - Memory Region FMC SDRAM Bank2 removed
2025-10-08 11:58:24,237 [INFO] HwResourcesManager:760 - Memory Region EXTRAM_1 added
2025-10-08 11:58:24,237 [INFO] HwResourcesManager:1122 - Memory Region QuadSPI removed
2025-10-08 11:58:24,237 [INFO] HwResourcesManager:760 - Memory Region EXT_2 added
2025-10-08 11:58:24,607 [WARN] IP:2250 - LayerIdx_L1 not found: check if there is a RefParameter without a condition.
2025-10-08 11:58:24,765 [WARN] IP:2250 - LayerIdx_L1 not found: check if there is a RefParameter without a condition.
2025-10-08 11:58:24,767 [INFO] ImportTextPane:234 - (OptionalMessage_ERROR) IP (MDMA) : Parameter (Instance) has Id (MDMA_Channel7_JPEG_INFIFO_TH_0) currently not set
2025-10-08 11:58:24,768 [INFO] ImportTextPane:234 - (OptionalMessage_ERROR) IP (MDMA) : Parameter (Request) has Id (MDMA_Channel7_JPEG_INFIFO_TH_0) currently not set
2025-10-08 11:58:24,768 [INFO] ImportTextPane:234 - (OptionalMessage_ERROR) IP (MDMA) : Parameter (Rank) has Id (MDMA_Channel7_JPEG_INFIFO_TH_0) currently not set
2025-10-08 11:58:24,768 [INFO] ImportTextPane:234 - (OptionalMessage_ERROR) IP (MDMA) : Parameter (CircularMode) has Id (MDMA_Channel7_JPEG_INFIFO_TH_0) currently not set
2025-10-08 11:58:24,768 [INFO] ImportTextPane:234 - (OptionalMessage_ERROR) IP (MDMA) : Parameter (TransferTriggerMode) has Id (MDMA_Channel7_JPEG_INFIFO_TH_0) currently not set
2025-10-08 11:58:24,768 [INFO] ImportTextPane:234 - (OptionalMessage_ERROR) IP (MDMA) : Parameter (Priority) has Id (MDMA_Channel7_JPEG_INFIFO_TH_0) currently not set
2025-10-08 11:58:24,768 [INFO] ImportTextPane:234 - (OptionalMessage_ERROR) IP (MDMA) : Parameter (Endianness) has Id (MDMA_Channel7_JPEG_INFIFO_TH_0) currently not set
2025-10-08 11:58:24,769 [INFO] ImportTextPane:234 - (OptionalMessage_ERROR) IP (MDMA) : Parameter (SourceInc) has Id (MDMA_Channel7_JPEG_INFIFO_TH_0) currently not set
2025-10-08 11:58:24,769 [INFO] ImportTextPane:234 - (OptionalMessage_ERROR) IP (MDMA) : Parameter (DestinationInc) has Id (MDMA_Channel7_JPEG_INFIFO_TH_0) currently not set
2025-10-08 11:58:24,769 [INFO] ImportTextPane:234 - (OptionalMessage_ERROR) IP (MDMA) : Parameter (SourceDataSize) has Id (MDMA_Channel7_JPEG_INFIFO_TH_0) currently not set
2025-10-08 11:58:24,769 [INFO] ImportTextPane:234 - (OptionalMessage_ERROR) IP (MDMA) : Parameter (DestDataSize) has Id (MDMA_Channel7_JPEG_INFIFO_TH_0) currently not set
2025-10-08 11:58:24,769 [INFO] ImportTextPane:234 - (OptionalMessage_ERROR) IP (MDMA) : Parameter (DataAlignment) has Id (MDMA_Channel7_JPEG_INFIFO_TH_0) currently not set
2025-10-08 11:58:24,769 [INFO] ImportTextPane:234 - (OptionalMessage_ERROR) IP (MDMA) : Parameter (BufferTransferLength) has Id (MDMA_Channel7_JPEG_INFIFO_TH_0) currently not set
2025-10-08 11:58:24,769 [INFO] ImportTextPane:234 - (OptionalMessage_ERROR) IP (MDMA) : Parameter (SourceBurst) has Id (MDMA_Channel7_JPEG_INFIFO_TH_0) currently not set
2025-10-08 11:58:24,769 [INFO] ImportTextPane:234 - (OptionalMessage_ERROR) IP (MDMA) : Parameter (DestBurst) has Id (MDMA_Channel7_JPEG_INFIFO_TH_0) currently not set
2025-10-08 11:58:24,769 [INFO] ImportTextPane:234 - (OptionalMessage_ERROR) IP (MDMA) : Parameter (SourceBlockAddressOffset) has Id (MDMA_Channel7_JPEG_INFIFO_TH_0) currently not set
2025-10-08 11:58:24,769 [INFO] ImportTextPane:234 - (OptionalMessage_ERROR) IP (MDMA) : Parameter (DestBlockAddressOffset) has Id (MDMA_Channel7_JPEG_INFIFO_TH_0) currently not set
2025-10-08 11:58:24,769 [INFO] ImportTextPane:234 - (OptionalMessage_ERROR) IP (MDMA) : Parameter (MaskAddress) has Id (MDMA_Channel7_JPEG_INFIFO_TH_0) currently not set
2025-10-08 11:58:24,769 [INFO] ImportTextPane:234 - (OptionalMessage_ERROR) IP (MDMA) : Parameter (MaskData) has Id (MDMA_Channel7_JPEG_INFIFO_TH_0) currently not set
2025-10-08 11:58:24,769 [INFO] ImportTextPane:234 - (OptionalMessage_ERROR) IP (MDMA) : Parameter (SrcAddress) has Id (MDMA_Channel7_JPEG_INFIFO_TH_0) currently not set
2025-10-08 11:58:24,769 [INFO] ImportTextPane:234 - (OptionalMessage_ERROR) IP (MDMA) : Parameter (DstAddress) has Id (MDMA_Channel7_JPEG_INFIFO_TH_0) currently not set
2025-10-08 11:58:24,769 [INFO] ImportTextPane:234 - (OptionalMessage_ERROR) IP (MDMA) : Parameter (BlockDataLength) has Id (MDMA_Channel7_JPEG_INFIFO_TH_0) currently not set
2025-10-08 11:58:24,769 [INFO] ImportTextPane:234 - (OptionalMessage_ERROR) IP (MDMA) : Parameter (BlockCount) has Id (MDMA_Channel7_JPEG_INFIFO_TH_0) currently not set
2025-10-08 11:58:24,769 [INFO] ImportTextPane:234 - (OptionalMessage_ERROR) IP (MDMA) : Parameter (Instance) has Id (MDMA_Channel6_JPEG_OUTFIFO_TH_0) currently not set
2025-10-08 11:58:24,769 [INFO] ImportTextPane:234 - (OptionalMessage_ERROR) IP (MDMA) : Parameter (Request) has Id (MDMA_Channel6_JPEG_OUTFIFO_TH_0) currently not set
2025-10-08 11:58:24,769 [INFO] ImportTextPane:234 - (OptionalMessage_ERROR) IP (MDMA) : Parameter (Rank) has Id (MDMA_Channel6_JPEG_OUTFIFO_TH_0) currently not set
2025-10-08 11:58:24,769 [INFO] ImportTextPane:234 - (OptionalMessage_ERROR) IP (MDMA) : Parameter (CircularMode) has Id (MDMA_Channel6_JPEG_OUTFIFO_TH_0) currently not set
2025-10-08 11:58:24,769 [INFO] ImportTextPane:234 - (OptionalMessage_ERROR) IP (MDMA) : Parameter (TransferTriggerMode) has Id (MDMA_Channel6_JPEG_OUTFIFO_TH_0) currently not set
2025-10-08 11:58:24,769 [INFO] ImportTextPane:234 - (OptionalMessage_ERROR) IP (MDMA) : Parameter (Priority) has Id (MDMA_Channel6_JPEG_OUTFIFO_TH_0) currently not set
2025-10-08 11:58:24,769 [INFO] ImportTextPane:234 - (OptionalMessage_ERROR) IP (MDMA) : Parameter (Endianness) has Id (MDMA_Channel6_JPEG_OUTFIFO_TH_0) currently not set
2025-10-08 11:58:24,769 [INFO] ImportTextPane:234 - (OptionalMessage_ERROR) IP (MDMA) : Parameter (SourceInc) has Id (MDMA_Channel6_JPEG_OUTFIFO_TH_0) currently not set
2025-10-08 11:58:24,769 [INFO] ImportTextPane:234 - (OptionalMessage_ERROR) IP (MDMA) : Parameter (DestinationInc) has Id (MDMA_Channel6_JPEG_OUTFIFO_TH_0) currently not set
2025-10-08 11:58:24,769 [INFO] ImportTextPane:234 - (OptionalMessage_ERROR) IP (MDMA) : Parameter (SourceDataSize) has Id (MDMA_Channel6_JPEG_OUTFIFO_TH_0) currently not set
2025-10-08 11:58:24,769 [INFO] ImportTextPane:234 - (OptionalMessage_ERROR) IP (MDMA) : Parameter (DestDataSize) has Id (MDMA_Channel6_JPEG_OUTFIFO_TH_0) currently not set
2025-10-08 11:58:24,770 [INFO] ImportTextPane:234 - (OptionalMessage_ERROR) IP (MDMA) : Parameter (DataAlignment) has Id (MDMA_Channel6_JPEG_OUTFIFO_TH_0) currently not set
2025-10-08 11:58:24,770 [INFO] ImportTextPane:234 - (OptionalMessage_ERROR) IP (MDMA) : Parameter (BufferTransferLength) has Id (MDMA_Channel6_JPEG_OUTFIFO_TH_0) currently not set
2025-10-08 11:58:24,770 [INFO] ImportTextPane:234 - (OptionalMessage_ERROR) IP (MDMA) : Parameter (SourceBurst) has Id (MDMA_Channel6_JPEG_OUTFIFO_TH_0) currently not set
2025-10-08 11:58:24,770 [INFO] ImportTextPane:234 - (OptionalMessage_ERROR) IP (MDMA) : Parameter (DestBurst) has Id (MDMA_Channel6_JPEG_OUTFIFO_TH_0) currently not set
2025-10-08 11:58:24,770 [INFO] ImportTextPane:234 - (OptionalMessage_ERROR) IP (MDMA) : Parameter (SourceBlockAddressOffset) has Id (MDMA_Channel6_JPEG_OUTFIFO_TH_0) currently not set
2025-10-08 11:58:24,770 [INFO] ImportTextPane:234 - (OptionalMessage_ERROR) IP (MDMA) : Parameter (DestBlockAddressOffset) has Id (MDMA_Channel6_JPEG_OUTFIFO_TH_0) currently not set
2025-10-08 11:58:24,770 [INFO] ImportTextPane:234 - (OptionalMessage_ERROR) IP (MDMA) : Parameter (MaskAddress) has Id (MDMA_Channel6_JPEG_OUTFIFO_TH_0) currently not set
2025-10-08 11:58:24,770 [INFO] ImportTextPane:234 - (OptionalMessage_ERROR) IP (MDMA) : Parameter (MaskData) has Id (MDMA_Channel6_JPEG_OUTFIFO_TH_0) currently not set
2025-10-08 11:58:24,770 [INFO] ImportTextPane:234 - (OptionalMessage_ERROR) IP (MDMA) : Parameter (SrcAddress) has Id (MDMA_Channel6_JPEG_OUTFIFO_TH_0) currently not set
2025-10-08 11:58:24,770 [INFO] ImportTextPane:234 - (OptionalMessage_ERROR) IP (MDMA) : Parameter (DstAddress) has Id (MDMA_Channel6_JPEG_OUTFIFO_TH_0) currently not set
2025-10-08 11:58:24,770 [INFO] ImportTextPane:234 - (OptionalMessage_ERROR) IP (MDMA) : Parameter (BlockDataLength) has Id (MDMA_Channel6_JPEG_OUTFIFO_TH_0) currently not set
2025-10-08 11:58:24,770 [INFO] ImportTextPane:234 - (OptionalMessage_ERROR) IP (MDMA) : Parameter (BlockCount) has Id (MDMA_Channel6_JPEG_OUTFIFO_TH_0) currently not set
2025-10-08 11:58:24,771 [WARN] IP:2250 - DefaultDataRegion not found: check if there is a RefParameter without a condition.
2025-10-08 11:58:24,772 [INFO] ImportTextPane:234 - (OptionalMessage_ERROR) IP (RCC) : Parameter (DFSDMACLkFreq_Value) has invalid value (400000000)
2025-10-08 11:58:24,778 [INFO] ImportTextPane:234 - (OptionalMessage_ERROR) IP (RCC) : Parameter (FDCANFreq_Value) has invalid value (400000000)
2025-10-08 11:58:24,779 [INFO] ImportTextPane:234 - (OptionalMessage_ERROR) IP (RCC) : Invalid parameter (FamilyName)
2025-10-08 11:58:24,779 [INFO] ImportTextPane:234 - (OptionalMessage_ERROR) IP (RCC) : Parameter (SAI1Freq_Value) has invalid value (400000000)
2025-10-08 11:58:24,779 [INFO] ImportTextPane:234 - (OptionalMessage_ERROR) IP (RCC) : Parameter (SAI23Freq_Value) has invalid value (400000000)
2025-10-08 11:58:24,779 [INFO] ImportTextPane:234 - (OptionalMessage_ERROR) IP (RCC) : Parameter (SAI4AFreq_Value) has invalid value (400000000)
2025-10-08 11:58:24,779 [INFO] ImportTextPane:234 - (OptionalMessage_ERROR) IP (RCC) : Parameter (SAI4BFreq_Value) has invalid value (400000000)
2025-10-08 11:58:24,779 [INFO] ImportTextPane:234 - (OptionalMessage_ERROR) IP (RCC) : Parameter (SDMMCFreq_Value) has invalid value (400000000)
2025-10-08 11:58:24,779 [INFO] ImportTextPane:234 - (OptionalMessage_ERROR) IP (RCC) : Parameter (SPDIFRXFreq_Value) has invalid value (400000000)
2025-10-08 11:58:24,779 [INFO] ImportTextPane:234 - (OptionalMessage_ERROR) IP (RCC) : Parameter (SPI123Freq_Value) has invalid value (400000000)
2025-10-08 11:58:24,786 [WARN] IP:2250 - tgfx_framebuffer_stride_value_custom not found: check if there is a RefParameter without a condition.
2025-10-08 11:58:24,788 [INFO] ImportTextPane:234 - (OptionalMessage_ERROR) IP (STMicroelectronics.X-CUBE-TOUCHGFX.4.26.0_M7) : Parameter (ApplicationCcGraphicsJjApplication) has invalid value (TouchGFXOoGenerator)
2025-10-08 11:58:24,789 [WARN] IP:2250 - DEVICE_SERIAL0_CDC_HS not found: check if there is a RefParameter without a condition.
2025-10-08 11:58:24,789 [WARN] IP:2250 - DEVICE_SERIAL1_CDC_HS not found: check if there is a RefParameter without a condition.
2025-10-08 11:58:24,789 [WARN] IP:2250 - DEVICE_SERIAL2_CDC_HS not found: check if there is a RefParameter without a condition.
2025-10-08 11:58:25,091 [INFO] UtilMem:75 - End LoadConfig() Used Memory: 846882736 Bytes (1073741824)
2025-10-08 11:58:25,154 [WARN] ThirdParty:833 - waiting for thirdparty lock release [change project]
2025-10-08 11:58:25,154 [INFO] ThirdParty:835 - entering critical section [change project]
2025-10-08 11:58:25,154 [INFO] ThirdParty:1030 - CMSIS Pack Vendor :STMicroelectronics X-CUBE-PM33A1 1.0.0
2025-10-08 11:58:25,154 [INFO] ThirdParty:1030 - CMSIS Pack Vendor :STMicroelectronics USBPD 4.1
2025-10-08 11:58:25,154 [INFO] ThirdParty:1030 - CMSIS Pack Vendor :STMicroelectronics X-CUBE-AZRTOS-H7 3.3.0
2025-10-08 11:58:25,154 [INFO] ThirdParty:1030 - CMSIS Pack Vendor :STMicroelectronics X-CUBE-NFC9 1.0.0
2025-10-08 11:58:25,154 [INFO] ThirdParty:1030 - CMSIS Pack Vendor :STMicroelectronics USB_HOST 2.0.0
2025-10-08 11:58:25,154 [INFO] ThirdParty:1030 - CMSIS Pack Vendor :STMicroelectronics FP-SNS-MOTENVWB1 1.4.0
2025-10-08 11:58:25,154 [INFO] ThirdParty:1030 - CMSIS Pack Vendor :STMicroelectronics X-CUBE-AZRTOS-F4 1.1.0
2025-10-08 11:58:25,154 [INFO] ThirdParty:1030 - CMSIS Pack Vendor :STMicroelectronics LIBJPEG 8.0.0
2025-10-08 11:58:25,154 [INFO] ThirdParty:1030 - CMSIS Pack Vendor :STMicroelectronics FP-ATR-ASTRA1 2.0.2
2025-10-08 11:58:25,155 [INFO] ThirdParty:1030 - CMSIS Pack Vendor :wolfSSL I-CUBE-wolfSSL 5.8.2
2025-10-08 11:58:25,155 [INFO] ThirdParty:1030 - CMSIS Pack Vendor :STMicroelectronics X-CUBE-BLE1 7.1.0
2025-10-08 11:58:25,155 [INFO] ThirdParty:1030 - CMSIS Pack Vendor :Avnet-IotConnect X-CUBE-IoTC-DA16k-PMOD 1.0.0
2025-10-08 11:58:25,155 [INFO] ThirdParty:1030 - CMSIS Pack Vendor :STMicroelectronics X-CUBE-SMBUS 2.1.0
2025-10-08 11:58:25,155 [INFO] ThirdParty:1030 - CMSIS Pack Vendor :wolfSSL I-CUBE-wolfMQTT 1.19.2
2025-10-08 11:58:25,155 [INFO] ThirdParty:1030 - CMSIS Pack Vendor :STMicroelectronics USB_DEVICE 3.0.0
2025-10-08 11:58:25,155 [INFO] ThirdParty:1030 - CMSIS Pack Vendor :STMicroelectronics X-CUBE-ISPU 2.1.0
2025-10-08 11:58:25,155 [INFO] ThirdParty:1030 - CMSIS Pack Vendor :STMicroelectronics X-CUBE-EEPRMA1 5.2.0
2025-10-08 11:58:25,155 [INFO] ThirdParty:1030 - CMSIS Pack Vendor :STMicroelectronics X-CUBE-BLEMGR 4.1.0
2025-10-08 11:58:25,155 [INFO] ThirdParty:1030 - CMSIS Pack Vendor :STMicroelectronics X-CUBE-AZRTOS-WB 2.0.0
2025-10-08 11:58:25,155 [INFO] ThirdParty:1030 - CMSIS Pack Vendor :STMicroelectronics X-CUBE-ST60 1.0.0
2025-10-08 11:58:25,155 [INFO] ThirdParty:1030 - CMSIS Pack Vendor :STMicroelectronics X-CUBE-GNSS1 7.0.1
2025-10-08 11:58:25,155 [INFO] ThirdParty:1030 - CMSIS Pack Vendor :STMicroelectronics X-CUBE-NFC12 1.0.0
2025-10-08 11:58:25,155 [INFO] ThirdParty:1030 - CMSIS Pack Vendor :STMicroelectronics X-CUBE-AZRTOS-F7 1.1.0
2025-10-08 11:58:25,155 [INFO] ThirdParty:1030 - CMSIS Pack Vendor :STMicroelectronics X-CUBE-AZRTOS-L5 2.0.0
2025-10-08 11:58:25,155 [INFO] ThirdParty:1030 - CMSIS Pack Vendor :STMicroelectronics X-CUBE-TOUCHGFX 4.25.0
2025-10-08 11:58:25,155 [INFO] ThirdParty:1030 - CMSIS Pack Vendor :STMicroelectronics USB_DEVICE 2.0.0
2025-10-08 11:58:25,155 [INFO] ThirdParty:1030 - CMSIS Pack Vendor :STMicroelectronics X-CUBE-NFC6 3.1.0
2025-10-08 11:58:25,155 [INFO] ThirdParty:1030 - CMSIS Pack Vendor :Cesanta I-CUBE-Mongoose 7.19.0
2025-10-08 11:58:25,155 [INFO] ThirdParty:1030 - CMSIS Pack Vendor :quantropi X-CUBE-qispace-sdk-base 2.1.0
2025-10-08 11:58:25,155 [INFO] ThirdParty:1030 - CMSIS Pack Vendor :STMicroelectronics FreeRTOS 0.0.1
2025-10-08 11:58:25,155 [INFO] ThirdParty:1030 - CMSIS Pack Vendor :STMicroelectronics X-CUBE-AZRTOS-G0 1.1.0
2025-10-08 11:58:25,155 [INFO] ThirdParty:1030 - CMSIS Pack Vendor :STMicroelectronics X-CUBE-SAFEA1 1.2.2
2025-10-08 11:58:25,155 [INFO] ThirdParty:1030 - CMSIS Pack Vendor :STMicroelectronics X-CUBE-NFC4 3.0.0
2025-10-08 11:58:25,155 [INFO] ThirdParty:1030 - CMSIS Pack Vendor :STMicroelectronics X-CUBE-SUBG2 5.0.0
2025-10-08 11:58:25,155 [INFO] ThirdParty:1030 - CMSIS Pack Vendor :STMicroelectronics X-CUBE-AZRTOS-H7RS 1.1.0
2025-10-08 11:58:25,155 [INFO] ThirdParty:1030 - CMSIS Pack Vendor :STMicroelectronics STM32_WPAN 1.0.0
2025-10-08 11:58:25,155 [INFO] ThirdParty:1030 - CMSIS Pack Vendor :EmbeddedOffice I-CUBE-FS-RTOS 1.0.1
2025-10-08 11:58:25,155 [INFO] ThirdParty:1030 - CMSIS Pack Vendor :STMicroelectronics lwIP 2.0.3
2025-10-08 11:58:25,155 [INFO] ThirdParty:1030 - CMSIS Pack Vendor :WES I-CUBE-Cesium 1.4.0
2025-10-08 11:58:25,155 [INFO] ThirdParty:1030 - CMSIS Pack Vendor :STMicroelectronics USB_HOST 1.0.0
2025-10-08 11:58:25,155 [INFO] ThirdParty:1030 - CMSIS Pack Vendor :Infineon AIROC-Wi-Fi-Bluetooth-STM32 1.7.1
2025-10-08 11:58:25,155 [INFO] ThirdParty:1030 - CMSIS Pack Vendor :STMicroelectronics X-CUBE-AZRTOS-G4 2.0.0
2025-10-08 11:58:25,155 [INFO] ThirdParty:1030 - CMSIS Pack Vendor :STMicroelectronics X-CUBE-WB05N 2.0.0
2025-10-08 11:58:25,155 [INFO] ThirdParty:1030 - CMSIS Pack Vendor :STMicroelectronics PDM2PCM 3.1.0
2025-10-08 11:58:25,155 [INFO] ThirdParty:1030 - CMSIS Pack Vendor :STMicroelectronics PDM2PCM 3.3.0
2025-10-08 11:58:25,156 [INFO] ThirdParty:1030 - CMSIS Pack Vendor :wolfSSL I-CUBE-wolfTPM 3.8.0
2025-10-08 11:58:25,156 [INFO] ThirdParty:1030 - CMSIS Pack Vendor :STMicroelectronics X-CUBE-AZRTOS-H7 3.4.0
2025-10-08 11:58:25,156 [INFO] ThirdParty:1030 - CMSIS Pack Vendor :STMicroelectronics X-CUBE-DISPLAY 3.0.0
2025-10-08 11:58:25,156 [INFO] ThirdParty:1030 - CMSIS Pack Vendor :wolfSSL I-CUBE-wolfSSH 1.4.20
2025-10-08 11:58:25,156 [INFO] ThirdParty:1030 - CMSIS Pack Vendor :STMicroelectronics X-CUBE-NFC7 2.0.0
2025-10-08 11:58:25,156 [INFO] ThirdParty:1030 - CMSIS Pack Vendor :STMicroelectronics X-CUBE-TCPP 4.2.0
2025-10-08 11:58:25,156 [INFO] ThirdParty:1030 - CMSIS Pack Vendor :RealThread X-CUBE-RT-Thread_Nano 4.1.1
2025-10-08 11:58:25,156 [INFO] ThirdParty:1030 - CMSIS Pack Vendor :STMicroelectronics FP-ATR-SIGFOX1 3.2.0
2025-10-08 11:58:25,156 [INFO] ThirdParty:1030 - CMSIS Pack Vendor :STMicroelectronics X-CUBE-NFC10 1.0.0
2025-10-08 11:58:25,156 [INFO] ThirdParty:1030 - CMSIS Pack Vendor :STMicroelectronics X-CUBE-FREERTOS 1.3.1
2025-10-08 11:58:25,156 [INFO] ThirdParty:1030 - CMSIS Pack Vendor :STMicroelectronics HAL Drivers 0.0.0
2025-10-08 11:58:25,156 [INFO] ThirdParty:1030 - CMSIS Pack Vendor :STMicroelectronics MBEDTLS 2.16.2
2025-10-08 11:58:25,156 [INFO] ThirdParty:1030 - CMSIS Pack Vendor :STMicroelectronics X-CUBE-IPS 3.1.0
2025-10-08 11:58:25,156 [INFO] ThirdParty:1030 - CMSIS Pack Vendor :STMicroelectronics X-CUBE-ALS 1.0.2
2025-10-08 11:58:25,156 [INFO] ThirdParty:1030 - CMSIS Pack Vendor :emotas I-CUBE-CANOPEN 1.3.0
2025-10-08 11:58:25,156 [INFO] ThirdParty:1030 - CMSIS Pack Vendor :STMicroelectronics MBEDTLS 2.14.1
2025-10-08 11:58:25,156 [INFO] ThirdParty:1030 - CMSIS Pack Vendor :ITTIA_DB I-CUBE-ITTIADB 8.9.0
2025-10-08 11:58:25,156 [INFO] ThirdParty:1030 - CMSIS Pack Vendor :STMicroelectronics X-CUBE-TOUCHGFX 4.26.0
2025-10-08 11:58:25,156 [INFO] ThirdParty:1030 - CMSIS Pack Vendor :STMicroelectronics X-CUBE-STSE01 1.0.0
2025-10-08 11:58:25,156 [INFO] ThirdParty:1030 - CMSIS Pack Vendor :STMicroelectronics X-CUBE-ST67W61 1.0.0
2025-10-08 11:58:25,156 [INFO] ThirdParty:1030 - CMSIS Pack Vendor :STMicroelectronics FP-SNS-STBOX1 2.1.0
2025-10-08 11:58:25,156 [INFO] ThirdParty:1030 - CMSIS Pack Vendor :STMicroelectronics X-CUBE-AI 10.2.0
2025-10-08 11:58:25,156 [INFO] ThirdParty:1030 - CMSIS Pack Vendor :STMicroelectronics FP-SNS-STAIOTCFT 1.0.0
2025-10-08 11:58:25,156 [INFO] ThirdParty:1030 - CMSIS Pack Vendor :STMicroelectronics ThreadX 1.0.0
2025-10-08 11:58:25,156 [INFO] ThirdParty:1030 - CMSIS Pack Vendor :STMicroelectronics FP-SNS-SMARTAG2 1.2.0
2025-10-08 11:58:25,156 [INFO] ThirdParty:1030 - CMSIS Pack Vendor :STMicroelectronics FP-SNS-FLIGHT1 5.1.0
2025-10-08 11:58:25,156 [INFO] ThirdParty:1030 - CMSIS Pack Vendor :STMicroelectronics X-CUBE-AZRTOS-WL 2.0.0
2025-10-08 11:58:25,156 [INFO] ThirdParty:1030 - CMSIS Pack Vendor :SEGGER I-CUBE-embOS 1.3.1
2025-10-08 11:58:25,156 [INFO] ThirdParty:1030 - CMSIS Pack Vendor :STMicroelectronics X-CUBE-ALGOBUILD 1.4.0
2025-10-08 11:58:25,156 [INFO] ThirdParty:1030 - CMSIS Pack Vendor :STMicroelectronics X-CUBE-DPower 1.3.0
2025-10-08 11:58:25,156 [INFO] ThirdParty:1030 - CMSIS Pack Vendor :STMicroelectronics X-CUBE-MEMS1 11.3.0
2025-10-08 11:58:25,156 [INFO] ThirdParty:1030 - CMSIS Pack Vendor :STMicroelectronics FP-SNS-MOTENV1 5.0.0
2025-10-08 11:58:25,157 [INFO] ThirdParty:1030 - CMSIS Pack Vendor :STMicroelectronics USB_DEVICE 1.0.0
2025-10-08 11:58:25,157 [INFO] ThirdParty:1030 - CMSIS Pack Vendor :STMicroelectronics X-CUBE-AZRTOS-L4 2.0.0
2025-10-08 11:58:25,157 [INFO] ThirdParty:1030 - CMSIS Pack Vendor :STMicroelectronics ThreadX 0.0.2
2025-10-08 11:58:25,157 [INFO] ThirdParty:1030 - CMSIS Pack Vendor :STMicroelectronics lwIP 2.1.2
2025-10-08 11:58:25,157 [INFO] ThirdParty:1030 - CMSIS Pack Vendor :STMicroelectronics X-CUBE-SFXS2LP1 4.0.0
2025-10-08 11:58:25,157 [INFO] ThirdParty:1030 - CMSIS Pack Vendor :STMicroelectronics X-CUBE-BLE2 3.3.0
2025-10-08 11:58:25,157 [INFO] ThirdParty:1030 - CMSIS Pack Vendor :STMicroelectronics X-CUBE-TOF1 3.4.3
2025-10-08 11:58:25,157 [INFO] ThirdParty:1030 - CMSIS Pack Vendor :STMicroelectronics PDM2PCM 3.2.0
2025-10-08 11:58:25,157 [INFO] ThirdParty:841 - exiting critical section [change project]
2025-10-08 11:58:25,534 [INFO] PinOutPanel:1589 - setPackage(No Configuration,No Configuration)
2025-10-08 11:58:25,536 [INFO] PinOutPanel:1589 - setPackage(STM32H747XIHx,TFBGA240)
2025-10-08 11:58:26,289 [INFO] UtilMem:75 - Before build in PCC Used Memory: 908567448 Bytes (1073741824)
2025-10-08 11:58:26,754 [INFO] UtilMem:75 - After build in PCC Used Memory: 559917976 Bytes (1073741824)
2025-10-08 11:58:26,783 [INFO] IPUIPlugin:80 - create IPUIPlugin
2025-10-08 11:58:26,783 [INFO] IPUIPlugin:80 - create IPUIPlugin
2025-10-08 11:58:26,783 [INFO] IPUIPlugin:80 - create IPUIPlugin
2025-10-08 11:58:26,783 [INFO] IPUIPlugin:80 - create IPUIPlugin
2025-10-08 11:58:26,783 [INFO] IPUIPlugin:80 - create IPUIPlugin
2025-10-08 11:58:26,783 [INFO] IPUIPlugin:80 - create IPUIPlugin
2025-10-08 11:58:26,783 [INFO] IPUIPlugin:80 - create IPUIPlugin
2025-10-08 11:58:26,784 [INFO] IPUIPlugin:80 - create IPUIPlugin
2025-10-08 11:58:26,784 [INFO] IPUIPlugin:80 - create IPUIPlugin
2025-10-08 11:58:26,784 [INFO] IPUIPlugin:80 - create IPUIPlugin
2025-10-08 11:58:26,784 [INFO] IPUIPlugin:80 - create IPUIPlugin
2025-10-08 11:58:26,784 [INFO] IPUIPlugin:80 - create IPUIPlugin
2025-10-08 11:58:26,784 [INFO] IPUIPlugin:80 - create IPUIPlugin
2025-10-08 11:58:26,784 [INFO] IPUIPlugin:80 - create IPUIPlugin
2025-10-08 11:58:26,784 [INFO] IPUIPlugin:80 - create IPUIPlugin
2025-10-08 11:58:26,784 [INFO] IPUIPlugin:80 - create IPUIPlugin
2025-10-08 11:58:26,785 [INFO] IPUIPlugin:80 - create IPUIPlugin
2025-10-08 11:58:26,785 [INFO] IPUIPlugin:80 - create IPUIPlugin
2025-10-08 11:58:26,785 [INFO] IPUIPlugin:80 - create IPUIPlugin
2025-10-08 11:58:26,785 [INFO] IPUIPlugin:80 - create IPUIPlugin
2025-10-08 11:58:26,785 [INFO] IPUIPlugin:80 - create IPUIPlugin
2025-10-08 11:58:26,785 [INFO] IPUIPlugin:80 - create IPUIPlugin
2025-10-08 11:58:26,785 [INFO] IPUIPlugin:80 - create IPUIPlugin
2025-10-08 11:58:26,785 [INFO] IPUIPlugin:80 - create IPUIPlugin
2025-10-08 11:58:26,786 [INFO] IPUIPlugin:80 - create IPUIPlugin
2025-10-08 11:58:26,786 [INFO] IPUIPlugin:80 - create IPUIPlugin
2025-10-08 11:58:26,786 [INFO] IPUIPlugin:80 - create IPUIPlugin
2025-10-08 11:58:26,786 [INFO] IPUIPlugin:80 - create IPUIPlugin
2025-10-08 11:58:26,786 [INFO] IPUIPlugin:80 - create IPUIPlugin
2025-10-08 11:58:26,787 [INFO] IPUIPlugin:80 - create IPUIPlugin
2025-10-08 11:58:26,787 [INFO] IPUIPlugin:80 - create IPUIPlugin
2025-10-08 11:58:26,787 [INFO] IPUIPlugin:80 - create IPUIPlugin
2025-10-08 11:58:26,787 [INFO] IPUIPlugin:80 - create IPUIPlugin
2025-10-08 11:58:26,787 [INFO] IPUIPlugin:80 - create IPUIPlugin
2025-10-08 11:58:26,787 [INFO] IPUIPlugin:80 - create IPUIPlugin
2025-10-08 11:58:26,788 [INFO] IPUIPlugin:80 - create IPUIPlugin
2025-10-08 11:58:26,788 [INFO] IPUIPlugin:80 - create IPUIPlugin
2025-10-08 11:58:26,788 [INFO] IPUIPlugin:80 - create IPUIPlugin
2025-10-08 11:58:26,789 [INFO] IPUIPlugin:80 - create IPUIPlugin
2025-10-08 11:58:26,789 [INFO] IPUIPlugin:80 - create IPUIPlugin
2025-10-08 11:58:26,789 [INFO] IPUIPlugin:80 - create IPUIPlugin
2025-10-08 11:58:26,790 [INFO] IPUIPlugin:80 - create IPUIPlugin
2025-10-08 11:58:26,790 [INFO] IPUIPlugin:80 - create IPUIPlugin
2025-10-08 11:58:26,790 [INFO] IPUIPlugin:80 - create IPUIPlugin
2025-10-08 11:58:26,791 [INFO] IPUIPlugin:80 - create IPUIPlugin
2025-10-08 11:58:26,791 [INFO] IPUIPlugin:80 - create IPUIPlugin
2025-10-08 11:58:26,791 [INFO] IPUIPlugin:80 - create IPUIPlugin
2025-10-08 11:58:26,791 [INFO] IPUIPlugin:80 - create IPUIPlugin
2025-10-08 11:58:26,792 [INFO] IPUIPlugin:80 - create IPUIPlugin
2025-10-08 11:58:26,792 [INFO] IPUIPlugin:80 - create IPUIPlugin
2025-10-08 11:58:26,792 [INFO] IPUIPlugin:80 - create IPUIPlugin
2025-10-08 11:58:26,793 [INFO] IPUIPlugin:80 - create IPUIPlugin
2025-10-08 11:58:26,793 [INFO] IPUIPlugin:80 - create IPUIPlugin
2025-10-08 11:58:26,793 [INFO] IPUIPlugin:80 - create IPUIPlugin
2025-10-08 11:58:26,794 [INFO] IPUIPlugin:80 - create IPUIPlugin
2025-10-08 11:58:26,794 [INFO] IPUIPlugin:80 - create IPUIPlugin
2025-10-08 11:58:26,795 [INFO] IPUIPlugin:80 - create IPUIPlugin
2025-10-08 11:58:26,795 [INFO] IPUIPlugin:80 - create IPUIPlugin
2025-10-08 11:58:26,795 [INFO] IPUIPlugin:80 - create IPUIPlugin
2025-10-08 11:58:26,796 [INFO] IPUIPlugin:80 - create IPUIPlugin
2025-10-08 11:58:26,796 [INFO] IPUIPlugin:80 - create IPUIPlugin
2025-10-08 11:58:26,796 [INFO] IPUIPlugin:80 - create IPUIPlugin
2025-10-08 11:58:26,797 [INFO] IPUIPlugin:80 - create IPUIPlugin
2025-10-08 11:58:26,798 [INFO] IPUIPlugin:80 - create IPUIPlugin
2025-10-08 11:58:26,798 [INFO] IPUIPlugin:80 - create IPUIPlugin
2025-10-08 11:58:26,798 [INFO] IPUIPlugin:80 - create IPUIPlugin
2025-10-08 11:58:26,798 [INFO] IPUIPlugin:80 - create IPUIPlugin
2025-10-08 11:58:26,798 [INFO] IPUIPlugin:80 - create IPUIPlugin
2025-10-08 11:58:26,798 [INFO] IPUIPlugin:80 - create IPUIPlugin
2025-10-08 11:58:26,799 [INFO] IPUIPlugin:80 - create IPUIPlugin
2025-10-08 11:58:26,799 [INFO] IPUIPlugin:80 - create IPUIPlugin
2025-10-08 11:58:26,800 [INFO] IPUIPlugin:80 - create IPUIPlugin
2025-10-08 11:58:26,800 [INFO] IPUIPlugin:80 - create IPUIPlugin
2025-10-08 11:58:26,800 [INFO] IPUIPlugin:80 - create IPUIPlugin
2025-10-08 11:58:26,800 [INFO] IPUIPlugin:80 - create IPUIPlugin
2025-10-08 11:58:26,800 [INFO] IPUIPlugin:80 - create IPUIPlugin
2025-10-08 11:58:26,801 [INFO] IPUIPlugin:80 - create IPUIPlugin
2025-10-08 11:58:26,801 [INFO] IPUIPlugin:80 - create IPUIPlugin
2025-10-08 11:58:26,801 [INFO] IPUIPlugin:80 - create IPUIPlugin
2025-10-08 11:58:26,802 [INFO] IPUIPlugin:80 - create IPUIPlugin
2025-10-08 11:58:26,802 [INFO] IPUIPlugin:80 - create IPUIPlugin
2025-10-08 11:58:26,802 [INFO] IPUIPlugin:80 - create IPUIPlugin
2025-10-08 11:58:26,803 [INFO] IPUIPlugin:80 - create IPUIPlugin
2025-10-08 11:58:26,803 [INFO] IPUIPlugin:80 - create IPUIPlugin
2025-10-08 11:58:26,803 [INFO] IPUIPlugin:80 - create IPUIPlugin
2025-10-08 11:58:26,803 [INFO] IPUIPlugin:80 - create IPUIPlugin
2025-10-08 11:58:26,804 [INFO] IPUIPlugin:80 - create IPUIPlugin
2025-10-08 11:58:26,804 [INFO] IPUIPlugin:80 - create IPUIPlugin
2025-10-08 11:58:26,804 [INFO] IPUIPlugin:80 - create IPUIPlugin
2025-10-08 11:58:26,805 [INFO] IPUIPlugin:80 - create IPUIPlugin
2025-10-08 11:58:26,805 [INFO] IPUIPlugin:80 - create IPUIPlugin
2025-10-08 11:58:26,805 [INFO] IPUIPlugin:80 - create IPUIPlugin
2025-10-08 11:58:26,806 [INFO] IPUIPlugin:80 - create IPUIPlugin
2025-10-08 11:58:26,806 [INFO] IPUIPlugin:80 - create IPUIPlugin
2025-10-08 11:58:26,807 [INFO] IPUIPlugin:80 - create IPUIPlugin
2025-10-08 11:58:26,807 [INFO] IPUIPlugin:80 - create IPUIPlugin
2025-10-08 11:58:26,807 [INFO] IPUIPlugin:80 - create IPUIPlugin
2025-10-08 11:58:26,808 [INFO] IPUIPlugin:80 - create IPUIPlugin
2025-10-08 11:58:26,808 [INFO] IPUIPlugin:80 - create IPUIPlugin
2025-10-08 11:58:26,808 [INFO] IPUIPlugin:80 - create IPUIPlugin
2025-10-08 11:58:26,809 [INFO] IPUIPlugin:80 - create IPUIPlugin
2025-10-08 11:58:26,809 [INFO] IPUIPlugin:80 - create IPUIPlugin
2025-10-08 11:58:26,809 [INFO] IPUIPlugin:80 - create IPUIPlugin
2025-10-08 11:58:26,810 [INFO] IPUIPlugin:80 - create IPUIPlugin
2025-10-08 11:58:26,811 [INFO] IPUIPlugin:80 - create IPUIPlugin
2025-10-08 11:58:26,812 [INFO] IPUIPlugin:80 - create IPUIPlugin
2025-10-08 11:58:26,813 [INFO] IPUIPlugin:80 - create IPUIPlugin
2025-10-08 11:58:26,813 [INFO] IPUIPlugin:80 - create IPUIPlugin
2025-10-08 11:58:26,813 [INFO] IPUIPlugin:80 - create IPUIPlugin
2025-10-08 11:58:26,814 [INFO] IPUIPlugin:80 - create IPUIPlugin
2025-10-08 11:58:26,814 [INFO] IPUIPlugin:80 - create IPUIPlugin
2025-10-08 11:58:26,815 [INFO] IPUIPlugin:80 - create IPUIPlugin
2025-10-08 11:58:26,815 [INFO] IPUIPlugin:80 - create IPUIPlugin
2025-10-08 11:58:26,823 [INFO] ApiDbMcu:532 - Load IP Config File for PDM2PCM_M7
2025-10-08 11:58:26,824 [INFO] ApiDbMcu:532 - Load IP Config File for PDM2PCM_M4
2025-10-08 11:58:26,830 [WARN] FreeRTOS:1023 - Null or empty value: should not occur! (nothing added to the table)
2025-10-08 11:58:26,865 [INFO] CADModel:165 - CPN selected for project levelSTM32H747XIH6
2025-10-08 11:58:26,866 [INFO] CADModel:114 - Register for checkConnection events
2025-10-08 11:58:26,868 [INFO] RtosManager:728 - Active RTOS found at IOC load: FREERTOS_M7 [CortexM7]
2025-10-08 11:58:26,939 [INFO] OpenFileManager:386 - Restore cursor
2025-10-08 11:58:27,265 [WARN] IP:2250 - DEVICE_SERIAL0_CDC_HS not found: check if there is a RefParameter without a condition.
2025-10-08 11:58:27,265 [WARN] IP:2250 - DEVICE_SERIAL1_CDC_HS not found: check if there is a RefParameter without a condition.
2025-10-08 11:58:27,265 [WARN] IP:2250 - DEVICE_SERIAL2_CDC_HS not found: check if there is a RefParameter without a condition.
2025-10-08 11:58:27,266 [WARN] IP:2250 - DEVICE_SERIAL0_CDC_HS not found: check if there is a RefParameter without a condition.
2025-10-08 11:58:27,266 [WARN] IP:2250 - DEVICE_SERIAL1_CDC_HS not found: check if there is a RefParameter without a condition.
2025-10-08 11:58:27,266 [WARN] IP:2250 - DEVICE_SERIAL2_CDC_HS not found: check if there is a RefParameter without a condition.
2025-10-08 11:58:27,287 [WARN] IP:2250 - LayerIdx_L1 not found: check if there is a RefParameter without a condition.
2025-10-08 11:58:27,299 [WARN] IP:2250 - tgfx_framebuffer_stride_value_custom not found: check if there is a RefParameter without a condition.
2025-10-08 11:58:27,302 [WARN] IP:2250 - tgfx_framebuffer_stride_value_custom not found: check if there is a RefParameter without a condition.
2025-10-08 11:59:19,812 [WARN] IP:2250 - DEVICE_SERIAL0_CDC_HS not found: check if there is a RefParameter without a condition.
2025-10-08 11:59:19,812 [WARN] IP:2250 - DEVICE_SERIAL1_CDC_HS not found: check if there is a RefParameter without a condition.
2025-10-08 11:59:19,812 [WARN] IP:2250 - DEVICE_SERIAL2_CDC_HS not found: check if there is a RefParameter without a condition.
2025-10-08 11:59:37,823 [INFO] WebApp:194 - Connection lost
2025-10-08 11:59:44,159 [INFO] WebApp:191 - Connection restablished
2025-10-08 12:35:20,939 [INFO] WebApp:194 - Connection lost
2025-10-08 12:35:32,557 [INFO] WebApp:191 - Connection restablished
2025-10-08 12:35:34,441 [INFO] WebApp:194 - Connection lost
2025-10-08 12:35:34,581 [INFO] WebApp:191 - Connection restablished
2025-10-08 12:36:40,818 [INFO] WebApp:194 - Connection lost
2025-10-08 12:36:40,949 [INFO] WebApp:191 - Connection restablished
2025-10-08 12:37:19,329 [INFO] WebApp:194 - Connection lost
2025-10-08 12:37:19,603 [INFO] WebApp:191 - Connection restablished
2025-10-08 12:37:40,820 [INFO] WebApp:194 - Connection lost
2025-10-08 12:37:40,993 [INFO] WebApp:191 - Connection restablished
2025-10-08 12:38:17,333 [INFO] WebApp:194 - Connection lost
2025-10-08 12:38:17,503 [INFO] WebApp:191 - Connection restablished
2025-10-08 12:40:53,817 [INFO] WebApp:194 - Connection lost
2025-10-08 12:40:58,342 [INFO] WebApp:191 - Connection restablished
2025-10-08 12:41:02,812 [INFO] WebApp:194 - Connection lost
2025-10-08 12:41:11,682 [INFO] WebApp:191 - Connection restablished
2025-10-08 12:41:16,315 [INFO] WebApp:194 - Connection lost
2025-10-08 12:41:16,560 [INFO] WebApp:191 - Connection restablished
2025-10-08 12:41:46,829 [INFO] WebApp:194 - Connection lost
2025-10-08 12:41:47,204 [INFO] WebApp:191 - Connection restablished
2025-10-08 12:49:55,334 [INFO] WebApp:194 - Connection lost
2025-10-08 12:49:55,684 [INFO] WebApp:191 - Connection restablished
2025-10-08 12:55:38,339 [INFO] WebApp:194 - Connection lost
2025-10-08 12:55:39,951 [INFO] WebApp:191 - Connection restablished
2025-10-08 12:55:44,322 [INFO] WebApp:194 - Connection lost
2025-10-08 12:55:44,680 [INFO] WebApp:191 - Connection restablished
2025-10-08 12:55:55,334 [INFO] WebApp:194 - Connection lost
2025-10-08 12:55:55,482 [INFO] WebApp:191 - Connection restablished
2025-10-08 12:56:47,323 [INFO] WebApp:194 - Connection lost
2025-10-08 12:56:47,494 [INFO] WebApp:191 - Connection restablished
2025-10-08 13:01:40,812 [INFO] WebApp:194 - Connection lost
2025-10-08 13:01:49,127 [INFO] WebApp:191 - Connection restablished
2025-10-08 13:02:09,832 [INFO] WebApp:194 - Connection lost
2025-10-08 13:02:10,280 [INFO] WebApp:191 - Connection restablished
2025-10-08 13:07:12,310 [INFO] WebApp:194 - Connection lost
2025-10-08 13:07:27,487 [INFO] WebApp:191 - Connection restablished
2025-10-08 13:08:03,830 [INFO] WebApp:194 - Connection lost
2025-10-08 13:08:04,079 [INFO] WebApp:191 - Connection restablished
2025-10-08 13:08:21,804 [INFO] WebApp:194 - Connection lost
2025-10-08 13:08:22,004 [INFO] WebApp:191 - Connection restablished
2025-10-08 13:09:44,828 [INFO] WebApp:194 - Connection lost
2025-10-08 13:09:45,030 [INFO] WebApp:191 - Connection restablished
2025-10-08 13:09:59,821 [INFO] WebApp:194 - Connection lost
2025-10-08 13:10:05,466 [INFO] WebApp:191 - Connection restablished
2025-10-08 13:18:20,820 [INFO] WebApp:194 - Connection lost
2025-10-08 13:18:20,988 [INFO] WebApp:191 - Connection restablished
2025-10-08 13:18:29,833 [INFO] WebApp:194 - Connection lost
2025-10-08 13:18:30,173 [INFO] WebApp:191 - Connection restablished
2025-10-08 13:21:38,827 [INFO] WebApp:194 - Connection lost
2025-10-08 13:21:39,237 [INFO] WebApp:191 - Connection restablished
2025-10-08 13:23:07,309 [INFO] WebApp:194 - Connection lost
2025-10-08 13:23:07,560 [INFO] WebApp:191 - Connection restablished
2025-10-08 13:26:43,319 [INFO] WebApp:194 - Connection lost
2025-10-08 13:26:43,499 [INFO] WebApp:191 - Connection restablished
2025-10-08 13:32:35,336 [INFO] WebApp:194 - Connection lost
2025-10-08 13:32:36,702 [INFO] WebApp:191 - Connection restablished
2025-10-08 13:32:40,300 [INFO] WebApp:194 - Connection lost
2025-10-08 13:32:40,502 [INFO] WebApp:191 - Connection restablished
2025-10-08 13:32:50,827 [INFO] WebApp:194 - Connection lost
2025-10-08 13:32:51,079 [INFO] WebApp:191 - Connection restablished
2025-10-08 13:36:21,319 [INFO] WebApp:194 - Connection lost
2025-10-08 13:36:21,668 [INFO] WebApp:191 - Connection restablished
2025-10-08 13:39:57,296 [INFO] WebApp:194 - Connection lost
2025-10-08 13:39:57,500 [INFO] WebApp:191 - Connection restablished
2025-10-08 13:40:25,332 [INFO] WebApp:194 - Connection lost
2025-10-08 13:40:27,579 [INFO] WebApp:191 - Connection restablished
2025-10-08 13:40:31,331 [INFO] WebApp:194 - Connection lost
2025-10-08 13:40:31,532 [INFO] WebApp:191 - Connection restablished
2025-10-08 13:41:08,317 [INFO] WebApp:194 - Connection lost
2025-10-08 13:41:08,522 [INFO] WebApp:191 - Connection restablished
2025-10-08 13:41:13,837 [INFO] WebApp:194 - Connection lost
2025-10-08 13:41:14,177 [INFO] WebApp:191 - Connection restablished
2025-10-08 13:41:54,332 [INFO] WebApp:194 - Connection lost
2025-10-08 13:41:54,531 [INFO] WebApp:191 - Connection restablished
2025-10-08 13:44:16,836 [INFO] WebApp:194 - Connection lost
2025-10-08 13:44:17,169 [INFO] WebApp:191 - Connection restablished
2025-10-08 13:44:46,339 [INFO] WebApp:194 - Connection lost
2025-10-08 13:44:46,563 [INFO] WebApp:191 - Connection restablished
2025-10-08 13:44:56,341 [INFO] WebApp:194 - Connection lost
2025-10-08 13:44:56,677 [INFO] WebApp:191 - Connection restablished
2025-10-08 13:46:43,329 [INFO] WebApp:194 - Connection lost
2025-10-08 13:46:43,665 [INFO] WebApp:191 - Connection restablished
2025-10-08 13:47:24,305 [INFO] WebApp:194 - Connection lost
2025-10-08 13:47:25,551 [INFO] WebApp:191 - Connection restablished
2025-10-08 13:47:29,820 [INFO] WebApp:194 - Connection lost
2025-10-08 13:47:30,100 [INFO] WebApp:191 - Connection restablished
2025-10-08 13:47:40,810 [INFO] WebApp:194 - Connection lost
2025-10-08 13:47:41,021 [INFO] WebApp:191 - Connection restablished
2025-10-08 13:48:04,828 [INFO] WebApp:194 - Connection lost
2025-10-08 13:48:05,585 [INFO] WebApp:191 - Connection restablished
2025-10-08 13:55:08,810 [INFO] WebApp:194 - Connection lost
2025-10-08 13:55:09,008 [INFO] WebApp:191 - Connection restablished
2025-10-08 14:01:26,819 [INFO] WebApp:194 - Connection lost
2025-10-08 14:01:28,681 [INFO] WebApp:191 - Connection restablished
2025-10-08 14:04:25,993 [INFO] WebApp:194 - Connection lost
2025-10-08 14:20:07,311 [INFO] WebApp:191 - Connection restablished
2025-10-08 14:20:11,329 [INFO] WebApp:194 - Connection lost
2025-10-08 14:20:11,588 [INFO] WebApp:191 - Connection restablished
2025-10-08 15:00:18,842 [INFO] WebApp:194 - Connection lost
2025-10-08 15:00:19,257 [INFO] WebApp:191 - Connection restablished
2025-10-08 15:34:00,334 [INFO] WebApp:194 - Connection lost
2025-10-08 15:34:00,489 [INFO] WebApp:191 - Connection restablished
2025-10-08 15:35:04,338 [INFO] WebApp:194 - Connection lost
2025-10-08 15:35:04,495 [INFO] WebApp:191 - Connection restablished
2025-10-08 15:35:30,325 [INFO] WebApp:194 - Connection lost
2025-10-08 15:35:30,833 [INFO] WebApp:191 - Connection restablished
2025-10-08 15:38:31,845 [INFO] WebApp:194 - Connection lost
2025-10-08 15:38:32,691 [INFO] WebApp:191 - Connection restablished
2025-10-08 16:16:04,946 [INFO] WebApp:194 - Connection lost
2025-10-08 16:16:21,569 [INFO] WebApp:191 - Connection restablished
2025-10-08 16:17:32,818 [INFO] WebApp:194 - Connection lost
2025-10-08 16:17:34,051 [INFO] WebApp:191 - Connection restablished
2025-10-08 16:26:25,619 [INFO] WebApp:194 - Connection lost
2025-10-08 16:26:28,603 [INFO] WebApp:191 - Connection restablished
2025-10-08 16:31:23,829 [INFO] WebApp:194 - Connection lost
2025-10-08 16:31:24,130 [INFO] WebApp:191 - Connection restablished
2025-10-08 16:35:28,836 [INFO] WebApp:194 - Connection lost
2025-10-08 16:35:36,131 [INFO] WebApp:191 - Connection restablished
2025-10-08 16:35:53,340 [INFO] WebApp:194 - Connection lost
2025-10-08 16:35:53,792 [INFO] WebApp:191 - Connection restablished
2025-10-08 16:41:13,812 [INFO] WebApp:194 - Connection lost
2025-10-08 16:41:14,071 [INFO] WebApp:191 - Connection restablished
2025-10-08 16:50:44,829 [INFO] WebApp:194 - Connection lost
2025-10-08 16:50:45,191 [INFO] WebApp:191 - Connection restablished
2025-10-08 17:01:26,343 [INFO] WebApp:194 - Connection lost
2025-10-08 17:01:26,576 [INFO] WebApp:191 - Connection restablished
2025-10-08 17:01:42,319 [INFO] WebApp:194 - Connection lost
2025-10-08 17:01:42,571 [INFO] WebApp:191 - Connection restablished
2025-10-08 17:03:00,334 [INFO] WebApp:194 - Connection lost
2025-10-08 17:03:01,672 [INFO] WebApp:191 - Connection restablished
2025-10-08 17:12:00,808 [INFO] WebApp:194 - Connection lost
2025-10-08 17:12:01,341 [INFO] WebApp:191 - Connection restablished
2025-10-08 17:23:16,829 [INFO] WebApp:194 - Connection lost
2025-10-08 17:23:17,112 [INFO] WebApp:191 - Connection restablished
2025-10-08 17:23:45,318 [INFO] WebApp:194 - Connection lost
2025-10-08 17:23:45,514 [INFO] WebApp:191 - Connection restablished
2025-10-08 17:38:36,311 [INFO] WebApp:194 - Connection lost
2025-10-08 17:38:51,249 [INFO] WebApp:191 - Connection restablished
2025-10-08 17:44:25,592 [INFO] WebApp:194 - Connection lost
2025-10-08 17:44:31,969 [INFO] WebApp:191 - Connection restablished
2025-10-08 17:44:33,826 [INFO] WebApp:194 - Connection lost
2025-10-08 17:44:34,821 [INFO] WebApp:191 - Connection restablished
2025-10-08 17:46:16,431 [INFO] WebApp:194 - Connection lost
2025-10-08 17:46:23,225 [INFO] WebApp:191 - Connection restablished
2025-10-08 17:51:02,816 [INFO] WebApp:194 - Connection lost
