2025-10-27 13:56:48,646 [INFO] Activator:176 - 


2025-10-27 13:56:48,656 [INFO] Activator:177 - !SESSION log4j initialized
2025-10-27 13:56:52,577 [INFO] LogOutputStream:77 - [STDOUT_REDIRECT] 
2025-10-27 13:56:54,247 [INFO] ApplicationProperties:184 - Using Application install path: C:\ST\STM32CubeIDE_1.19.0\STM32CubeIDE\plugins\com.st.stm32cube.common.mx_6.15.0.202507011659
2025-10-27 13:56:54,262 [INFO] DbMcusXml:78 - Set database path to: C:\ST\STM32CubeIDE_1.19.0\STM32CubeIDE\plugins\com.st.stm32cube.common.mx_6.15.0.202507011659\\db\/mcu/
2025-10-27 13:56:54,262 [INFO] ApiDb:274 - Set plugin database path to: C:\ST\STM32CubeIDE_1.19.0\STM32CubeIDE\plugins\com.st.stm32cube.common.mx_6.15.0.202507011659\\db\/plugins/boardmanager/
2025-10-27 13:56:54,262 [WARN] ApiDb:259 - Overriding images path with different value:  => C:\ST\STM32CubeIDE_1.19.0\STM32CubeIDE\plugins\com.st.stm32cube.common.mx_6.15.0.202507011659\\db\/plugins/mcufinder/images/
2025-10-27 13:56:54,270 [INFO] ApiDb:250 - Set database path to: C:\Users\oopav\.stmcufinder\plugins\mcufinder//mcu/
2025-10-27 13:56:54,271 [INFO] DbMcusAds:125 - Set database path to: C:\Users\oopav\.stmcufinder\plugins\mcufinder//mcu/
2025-10-27 13:56:54,272 [INFO] CrossReferenceDbSqlite:203 - Set database path to: C:\Users\oopav\.stmcufinder\plugins\mcufinder//mcu/cs/
2025-10-27 13:56:54,357 [INFO] RulesReader:64 - Compatibility file has been processed (317 Rules)
2025-10-27 13:56:54,420 [INFO] DbMcusXml:78 - Set database path to: C:\ST\STM32CubeIDE_1.19.0\STM32CubeIDE\plugins\com.st.stm32cube.common.mx_6.15.0.202507011659\\db\/mcu/
2025-10-27 13:56:54,420 [INFO] ApiDb:274 - Set plugin database path to: C:\ST\STM32CubeIDE_1.19.0\STM32CubeIDE\plugins\com.st.stm32cube.common.mx_6.15.0.202507011659\\db\/plugins/boardmanager/
2025-10-27 13:56:54,420 [INFO] ApiDb:261 - Set plugin images path to: C:\ST\STM32CubeIDE_1.19.0\STM32CubeIDE\plugins\com.st.stm32cube.common.mx_6.15.0.202507011659\\db\/plugins/mcufinder/images/
2025-10-27 13:56:54,421 [WARN] DbFile:41 - Overriding database path with different value: C:\Users\oopav\.stmcufinder\plugins\mcufinder/ => C:\Users\oopav\.stmcufinder\plugins\mcufinder
2025-10-27 13:56:54,421 [INFO] ApiDb:250 - Set database path to: C:\Users\oopav\.stmcufinder\plugins\mcufinder//mcu/
2025-10-27 13:56:54,421 [WARN] DbFile:41 - Overriding database path with different value: C:\Users\oopav\.stmcufinder\plugins\mcufinder/ => C:\Users\oopav\.stmcufinder\plugins\mcufinder
2025-10-27 13:56:54,421 [INFO] DbMcusAds:125 - Set database path to: C:\Users\oopav\.stmcufinder\plugins\mcufinder//mcu/
2025-10-27 13:56:54,421 [WARN] DbFile:41 - Overriding database path with different value: C:\Users\oopav\.stmcufinder\plugins\mcufinder/ => C:\Users\oopav\.stmcufinder\plugins\mcufinder
2025-10-27 13:56:54,421 [WARN] DbFile:41 - Overriding database path with different value: C:\Users\oopav\.stmcufinder\plugins\mcufinder/ => C:\Users\oopav\.stmcufinder\plugins\mcufinder
2025-10-27 13:56:54,421 [INFO] CrossReferenceDbSqlite:203 - Set database path to: C:\Users\oopav\.stmcufinder\plugins\mcufinder//mcu/cs/
2025-10-27 13:56:54,476 [INFO] MainPanel:274 - HeapMemory: 268435456
2025-10-27 13:56:54,559 [INFO] DbMcusXml:78 - Set database path to: C:\ST\STM32CubeIDE_1.19.0\STM32CubeIDE\plugins\com.st.stm32cube.common.mx_6.15.0.202507011659\\db\/mcu/
2025-10-27 13:56:54,559 [INFO] ApiDb:274 - Set plugin database path to: C:\ST\STM32CubeIDE_1.19.0\STM32CubeIDE\plugins\com.st.stm32cube.common.mx_6.15.0.202507011659\\db\/plugins/boardmanager/
2025-10-27 13:56:54,559 [INFO] ApiDb:261 - Set plugin images path to: C:\ST\STM32CubeIDE_1.19.0\STM32CubeIDE\plugins\com.st.stm32cube.common.mx_6.15.0.202507011659\\db\/plugins/mcufinder/images/
2025-10-27 13:56:54,560 [WARN] DbFile:41 - Overriding database path with different value: C:\Users\oopav\.stmcufinder\plugins\mcufinder/ => C:\Users\oopav\.stmcufinder\plugins\mcufinder
2025-10-27 13:56:54,560 [INFO] ApiDb:250 - Set database path to: C:\Users\oopav\.stmcufinder\plugins\mcufinder//mcu/
2025-10-27 13:56:54,560 [WARN] DbFile:41 - Overriding database path with different value: C:\Users\oopav\.stmcufinder\plugins\mcufinder/ => C:\Users\oopav\.stmcufinder\plugins\mcufinder
2025-10-27 13:56:54,560 [INFO] DbMcusAds:125 - Set database path to: C:\Users\oopav\.stmcufinder\plugins\mcufinder//mcu/
2025-10-27 13:56:54,560 [WARN] DbFile:41 - Overriding database path with different value: C:\Users\oopav\.stmcufinder\plugins\mcufinder/ => C:\Users\oopav\.stmcufinder\plugins\mcufinder
2025-10-27 13:56:54,560 [WARN] DbFile:41 - Overriding database path with different value: C:\Users\oopav\.stmcufinder\plugins\mcufinder/ => C:\Users\oopav\.stmcufinder\plugins\mcufinder
2025-10-27 13:56:54,560 [INFO] CrossReferenceDbSqlite:203 - Set database path to: C:\Users\oopav\.stmcufinder\plugins\mcufinder//mcu/cs/
2025-10-27 13:56:54,578 [INFO] ApplicationProperties:184 - Using Application install path: C:\ST\STM32CubeIDE_1.19.0\STM32CubeIDE\plugins\com.st.stm32cube.common.mx_6.15.0.202507011659
2025-10-27 13:56:54,579 [INFO] PluginManage:196 - Search for loadable plugins [exclusion list=, ]
2025-10-27 13:56:54,580 [INFO] PluginManage:310 - Check plugin analytics
2025-10-27 13:56:54,725 [INFO] AnalyticsPlugin:253 - Accepted Software Licenses: STM32CubeMX.6.14.0,STM32CubeMX.6.15.0
2025-10-27 13:56:54,725 [INFO] AnalyticsPlugin:255 - Accepted CMSIS Pack Licenses: STMicroelectronics.X-CUBE-AZRTOS-H7.3.3.0,STMicroelectronics.X-CUBE-TOUCHGFX.4.26.0,STMicroelectronics.X-CUBE-AZRTOS-H7.3.4.0
2025-10-27 13:56:54,725 [INFO] AnalyticsPlugin:257 - Accepted Firmware Licenses: FW.F4.1.28.0,FW.H7.1.12.0
2025-10-27 13:56:54,725 [INFO] PluginManage:359 - Loaded plugin analytics (category:tool,tabindex:-1)
2025-10-27 13:56:54,726 [INFO] PluginManage:310 - Check plugin cadmodel
2025-10-27 13:56:54,732 [INFO] CADModel:105 - Init CAD model plugin
2025-10-27 13:56:54,732 [INFO] PluginManage:359 - Loaded plugin cadmodel (category:power,tabindex:5)
2025-10-27 13:56:54,732 [INFO] PluginManage:310 - Check plugin clock
2025-10-27 13:56:54,740 [INFO] PluginManage:359 - Loaded plugin clock (category:base,tabindex:2)
2025-10-27 13:56:54,740 [INFO] PluginManage:310 - Check plugin ddr
2025-10-27 13:56:54,742 [INFO] PluginManage:359 - Loaded plugin ddr (category:tool,tabindex:6)
2025-10-27 13:56:54,742 [INFO] PluginManage:310 - Check plugin filemanager
2025-10-27 13:56:54,983 [INFO] PluginManage:359 - Loaded plugin filemanager (category:base,tabindex:10)
2025-10-27 13:56:54,983 [INFO] PluginManage:310 - Check plugin ipmanager
2025-10-27 13:56:54,987 [INFO] PluginManage:359 - Loaded plugin ipmanager (category:base,tabindex:5)
2025-10-27 13:56:54,988 [INFO] PluginManage:310 - Check plugin lpbam
2025-10-27 13:56:54,994 [INFO] PluginManage:359 - Loaded plugin lpbam (category:base,tabindex:0)
2025-10-27 13:56:54,994 [INFO] PluginManage:310 - Check plugin memorymap
2025-10-27 13:56:55,005 [INFO] PluginManage:359 - Loaded plugin memorymap (category:base,tabindex:4)
2025-10-27 13:56:55,006 [INFO] PluginManage:310 - Check plugin pinoutandconfiguration
2025-10-27 13:56:55,012 [INFO] PluginManage:359 - Loaded plugin pinoutandconfiguration (category:base,tabindex:1)
2025-10-27 13:56:55,012 [INFO] PluginManage:310 - Check plugin pinoutconfig
2025-10-27 13:56:55,087 [WARN] SupportedApi:132 - Cannot load RTOS API schema: s4s-elt-must-match.1: The content of 'definitions' must match (annotation?, (simpleType | complexType)?, (unique | key | keyref)*)). A problem was found starting at: attribute.
2025-10-27 13:56:55,172 [INFO] PluginManage:359 - Loaded plugin pinoutconfig (category:base,tabindex:0)
2025-10-27 13:56:55,172 [INFO] PluginManage:310 - Check plugin power
2025-10-27 13:56:55,180 [INFO] PluginManage:359 - Loaded plugin power (category:power,tabindex:4)
2025-10-27 13:56:55,180 [INFO] PluginManage:310 - Check plugin projectmanager
2025-10-27 13:56:55,190 [INFO] PluginManage:359 - Loaded plugin projectmanager (category:projectmanager,tabindex:4)
2025-10-27 13:56:55,190 [INFO] PluginManage:310 - Check plugin rif
2025-10-27 13:56:55,197 [INFO] PluginManage:359 - Loaded plugin rif (category:base,tabindex:3)
2025-10-27 13:56:55,197 [INFO] PluginManage:310 - Check plugin thirdparty
2025-10-27 13:56:55,290 [INFO] PluginManage:359 - Loaded plugin thirdparty (category:base,tabindex:-1)
2025-10-27 13:56:55,290 [WARN] IntegrityCheckThread:84 - waiting for thirdparty lock release [integrity check]
2025-10-27 13:56:55,290 [INFO] PluginManage:310 - Check plugin tools
2025-10-27 13:56:55,290 [INFO] IntegrityCheckThread:86 - entering critical section [integrity check]
2025-10-27 13:56:55,291 [INFO] ThirdPartyUpdaterWithRetryManager:70 - Updater plugin not ready yet. [1/15]
2025-10-27 13:56:55,292 [INFO] PluginManage:359 - Loaded plugin tools (category:base,tabindex:7)
2025-10-27 13:56:55,292 [INFO] PluginManage:310 - Check plugin tutovideos
2025-10-27 13:56:55,430 [INFO] PluginManage:359 - Loaded plugin tutovideos (category:base,tabindex:-1)
2025-10-27 13:56:55,430 [INFO] PluginManage:310 - Check plugin updater
2025-10-27 13:56:55,446 [INFO] PluginManage:359 - Loaded plugin updater (category:base,tabindex:12)
2025-10-27 13:56:55,446 [INFO] PluginManage:310 - Check plugin userauth
2025-10-27 13:56:55,449 [INFO] UserAuth:118 - Init User Auth plugin
2025-10-27 13:56:55,449 [INFO] PluginManage:359 - Loaded plugin userauth (category:base,tabindex:14)
2025-10-27 13:56:55,450 [INFO] PluginManage:283 - PluginManage : Loaded plugins [18]
2025-10-27 13:56:55,606 [INFO] PinOutPanel:1589 - setPackage(No Configuration,No Configuration)
2025-10-27 13:56:55,663 [INFO] CADModel:165 - CPN selected for project level
2025-10-27 13:56:55,663 [INFO] CADModel:114 - Register for checkConnection events
2025-10-27 13:56:55,675 [INFO] IPUIPlugin:80 - create IPUIPlugin
2025-10-27 13:56:55,675 [INFO] PluginManager:220 - loadIPPluginJar : add adc
2025-10-27 13:56:55,679 [INFO] IPUIPlugin:80 - create IPUIPlugin
2025-10-27 13:56:55,679 [INFO] PluginManager:220 - loadIPPluginJar : add aes
2025-10-27 13:56:55,681 [INFO] IPUIPlugin:80 - create IPUIPlugin
2025-10-27 13:56:55,681 [INFO] PluginManager:220 - loadIPPluginJar : add can
2025-10-27 13:56:55,682 [INFO] IPUIPlugin:80 - create IPUIPlugin
2025-10-27 13:56:55,682 [INFO] PluginManager:220 - loadIPPluginJar : add comp
2025-10-27 13:56:55,684 [INFO] IPUIPlugin:80 - create IPUIPlugin
2025-10-27 13:56:55,684 [INFO] PluginManager:220 - loadIPPluginJar : add cryp
2025-10-27 13:56:55,686 [INFO] IPUIPlugin:80 - create IPUIPlugin
2025-10-27 13:56:55,686 [INFO] PluginManager:220 - loadIPPluginJar : add ddr_ctrl_phy
2025-10-27 13:56:55,688 [INFO] IPUIPlugin:80 - create IPUIPlugin
2025-10-27 13:56:55,688 [INFO] PluginManager:220 - loadIPPluginJar : add dfsdm
2025-10-27 13:56:55,692 [INFO] IPUIPlugin:80 - create IPUIPlugin
2025-10-27 13:56:55,693 [INFO] PluginManager:220 - loadIPPluginJar : add dma
2025-10-27 13:56:55,694 [INFO] IPUIPlugin:80 - create IPUIPlugin
2025-10-27 13:56:55,694 [INFO] PluginManager:220 - loadIPPluginJar : add dma3
2025-10-27 13:56:55,696 [INFO] IPUIPlugin:80 - create IPUIPlugin
2025-10-27 13:56:55,696 [INFO] PluginManager:220 - loadIPPluginJar : add extmemmanager
2025-10-27 13:56:55,697 [INFO] IPUIPlugin:80 - create IPUIPlugin
2025-10-27 13:56:55,697 [INFO] PluginManager:220 - loadIPPluginJar : add fatfs
2025-10-27 13:56:55,700 [INFO] IPUIPlugin:80 - create IPUIPlugin
2025-10-27 13:56:55,700 [INFO] PluginManager:220 - loadIPPluginJar : add fmc
2025-10-27 13:56:55,704 [INFO] IPUIPlugin:80 - create IPUIPlugin
2025-10-27 13:56:55,704 [INFO] PluginManager:220 - loadIPPluginJar : add freertos
2025-10-27 13:56:55,705 [INFO] IPUIPlugin:80 - create IPUIPlugin
2025-10-27 13:56:55,706 [INFO] PluginManager:220 - loadIPPluginJar : add genericplugin
2025-10-27 13:56:55,707 [INFO] IPUIPlugin:80 - create IPUIPlugin
2025-10-27 13:56:55,707 [INFO] PluginManager:220 - loadIPPluginJar : add gfxmmu
2025-10-27 13:56:55,710 [INFO] IPUIPlugin:80 - create IPUIPlugin
2025-10-27 13:56:55,710 [INFO] PluginManager:220 - loadIPPluginJar : add gic
2025-10-27 13:56:55,713 [INFO] IPUIPlugin:80 - create IPUIPlugin
2025-10-27 13:56:55,713 [INFO] PluginManager:220 - loadIPPluginJar : add gpio
2025-10-27 13:56:55,714 [INFO] IPUIPlugin:80 - create IPUIPlugin
2025-10-27 13:56:55,715 [INFO] PluginManager:220 - loadIPPluginJar : add gtzc
2025-10-27 13:56:55,717 [INFO] IPUIPlugin:80 - create IPUIPlugin
2025-10-27 13:56:55,718 [INFO] PluginManager:220 - loadIPPluginJar : add hash
2025-10-27 13:56:55,720 [INFO] IPUIPlugin:80 - create IPUIPlugin
2025-10-27 13:56:55,720 [INFO] PluginManager:220 - loadIPPluginJar : add i2c
2025-10-27 13:56:55,721 [INFO] IPUIPlugin:80 - create IPUIPlugin
2025-10-27 13:56:55,721 [INFO] PluginManager:220 - loadIPPluginJar : add i2s
2025-10-27 13:56:55,724 [INFO] IPUIPlugin:80 - create IPUIPlugin
2025-10-27 13:56:55,724 [INFO] PluginManager:220 - loadIPPluginJar : add i3c
2025-10-27 13:56:55,726 [INFO] IPUIPlugin:80 - create IPUIPlugin
2025-10-27 13:56:55,726 [INFO] PluginManager:220 - loadIPPluginJar : add ipddr
2025-10-27 13:56:55,732 [INFO] IPUIPlugin:80 - create IPUIPlugin
2025-10-27 13:56:55,732 [INFO] PluginManager:220 - loadIPPluginJar : add linkedlist
2025-10-27 13:56:55,734 [INFO] IPUIPlugin:80 - create IPUIPlugin
2025-10-27 13:56:55,735 [INFO] PluginManager:220 - loadIPPluginJar : add lorawan
2025-10-27 13:56:55,736 [INFO] IPUIPlugin:80 - create IPUIPlugin
2025-10-27 13:56:55,736 [INFO] PluginManager:220 - loadIPPluginJar : add ltdc
2025-10-27 13:56:55,740 [INFO] IPUIPlugin:80 - create IPUIPlugin
2025-10-27 13:56:55,740 [INFO] PluginManager:220 - loadIPPluginJar : add mdma
2025-10-27 13:56:55,743 [INFO] IPUIPlugin:80 - create IPUIPlugin
2025-10-27 13:56:55,743 [INFO] PluginManager:220 - loadIPPluginJar : add nvic
2025-10-27 13:56:55,746 [INFO] IPUIPlugin:80 - create IPUIPlugin
2025-10-27 13:56:55,746 [INFO] PluginManager:220 - loadIPPluginJar : add opamp
2025-10-27 13:56:55,749 [INFO] IPUIPlugin:80 - create IPUIPlugin
2025-10-27 13:56:55,749 [INFO] PluginManager:220 - loadIPPluginJar : add openamp
2025-10-27 13:56:55,752 [INFO] IPUIPlugin:80 - create IPUIPlugin
2025-10-27 13:56:55,752 [INFO] PluginManager:220 - loadIPPluginJar : add pdm2pcm
2025-10-27 13:56:55,757 [INFO] IPUIPlugin:80 - create IPUIPlugin
2025-10-27 13:56:55,761 [INFO] PluginManager:220 - loadIPPluginJar : add plateformsettings
2025-10-27 13:56:55,763 [INFO] IPUIPlugin:80 - create IPUIPlugin
2025-10-27 13:56:55,763 [INFO] PluginManager:220 - loadIPPluginJar : add quadspi
2025-10-27 13:56:55,765 [INFO] IPUIPlugin:80 - create IPUIPlugin
2025-10-27 13:56:55,766 [INFO] PluginManager:220 - loadIPPluginJar : add radio
2025-10-27 13:56:55,769 [INFO] IPUIPlugin:80 - create IPUIPlugin
2025-10-27 13:56:55,769 [INFO] PluginManager:220 - loadIPPluginJar : add resmgrutility
2025-10-27 13:56:55,772 [INFO] IPUIPlugin:80 - create IPUIPlugin
2025-10-27 13:56:55,772 [INFO] PluginManager:220 - loadIPPluginJar : add sai
2025-10-27 13:56:55,774 [INFO] IPUIPlugin:80 - create IPUIPlugin
2025-10-27 13:56:55,774 [INFO] PluginManager:220 - loadIPPluginJar : add spi
2025-10-27 13:56:55,779 [INFO] IPUIPlugin:80 - create IPUIPlugin
2025-10-27 13:56:55,780 [INFO] PluginManager:220 - loadIPPluginJar : add stm32_wpan
2025-10-27 13:56:55,782 [INFO] IPUIPlugin:80 - create IPUIPlugin
2025-10-27 13:56:55,782 [INFO] PluginManager:220 - loadIPPluginJar : add tim
2025-10-27 13:56:55,785 [INFO] IPUIPlugin:80 - create IPUIPlugin
2025-10-27 13:56:55,785 [INFO] PluginManager:220 - loadIPPluginJar : add touchsensing
2025-10-27 13:56:55,786 [INFO] IPUIPlugin:80 - create IPUIPlugin
2025-10-27 13:56:55,786 [INFO] PluginManager:220 - loadIPPluginJar : add tracer_emb
2025-10-27 13:56:55,788 [INFO] IPUIPlugin:80 - create IPUIPlugin
2025-10-27 13:56:55,788 [INFO] PluginManager:220 - loadIPPluginJar : add ts
2025-10-27 13:56:55,790 [INFO] IPUIPlugin:80 - create IPUIPlugin
2025-10-27 13:56:55,790 [INFO] PluginManager:220 - loadIPPluginJar : add tsc
2025-10-27 13:56:55,792 [INFO] IPUIPlugin:80 - create IPUIPlugin
2025-10-27 13:56:55,792 [INFO] PluginManager:220 - loadIPPluginJar : add ucpd
2025-10-27 13:56:55,794 [INFO] IPUIPlugin:80 - create IPUIPlugin
2025-10-27 13:56:55,794 [INFO] PluginManager:220 - loadIPPluginJar : add usart
2025-10-27 13:56:55,797 [INFO] IPUIPlugin:80 - create IPUIPlugin
2025-10-27 13:56:55,797 [INFO] PluginManager:220 - loadIPPluginJar : add usbx
2025-10-27 13:56:55,910 [FATAL] Updater:351 - Updater called before beeing initialized
2025-10-27 13:56:55,934 [INFO] RulesReader:64 - Compatibility file has been processed (317 Rules)
2025-10-27 13:56:55,943 [INFO] RulesReader:64 - Compatibility file has been processed (317 Rules)
2025-10-27 13:56:55,949 [INFO] CADModel:165 - CPN selected for project level
2025-10-27 13:56:55,949 [INFO] CADModel:114 - Register for checkConnection events
2025-10-27 13:56:55,949 [FATAL] Updater:351 - Updater called before beeing initialized
2025-10-27 13:56:55,949 [ERROR] CADModel:125 - Updater not yet initialized, retry later 
2025-10-27 13:56:56,051 [FATAL] Updater:351 - Updater called before beeing initialized
2025-10-27 13:56:56,053 [INFO] CADModel:165 - CPN selected for project level
2025-10-27 13:56:56,053 [INFO] CADModel:114 - Register for checkConnection events
2025-10-27 13:56:56,053 [FATAL] Updater:351 - Updater called before beeing initialized
2025-10-27 13:56:56,053 [ERROR] CADModel:125 - Updater not yet initialized, retry later 
2025-10-27 13:56:56,055 [FATAL] Updater:351 - Updater called before beeing initialized
2025-10-27 13:56:56,125 [FATAL] Updater:351 - Updater called before beeing initialized
2025-10-27 13:56:56,128 [INFO] DbMcusAds:53 - JSON generation date=Thu Oct 02 11:36:05 CEST 2025 (1759397765645)
2025-10-27 13:56:56,128 [FATAL] Updater:351 - Updater called before beeing initialized
2025-10-27 13:56:56,158 [WARN] DetailPanel:346 - Failed to get advertising image, set to default
2025-10-27 13:56:56,236 [FATAL] Updater:351 - Updater called before beeing initialized
2025-10-27 13:56:56,237 [FATAL] Updater:351 - Updater called before beeing initialized
2025-10-27 13:56:56,237 [FATAL] Updater:351 - Updater called before beeing initialized
2025-10-27 13:56:56,237 [WARN] DetailPanel:346 - Failed to get advertising image, set to default
2025-10-27 13:56:56,238 [FATAL] Updater:351 - Updater called before beeing initialized
2025-10-27 13:56:56,298 [ERROR] Updater:1198 - MainUpdater not yet initialized. External WinMGr cannot be set.
2025-10-27 13:56:56,300 [INFO] Updater:1134 - Updater Version found : 6.15.0
2025-10-27 13:56:56,315 [INFO] ApplicationProperties:184 - Using Application install path: C:\ST\STM32CubeIDE_1.19.0\STM32CubeIDE\plugins\com.st.stm32cube.common.mx_6.15.0.202507011659
2025-10-27 13:56:56,554 [INFO] MainUpdater:2872 - connection check result : 10
2025-10-27 13:56:56,554 [INFO] MainUpdater:3604 - Updater definition file requires update
2025-10-27 13:56:56,555 [INFO] MainUpdater:289 - Updater Check For Update Now.
2025-10-27 13:56:56,555 [INFO] MicroXplorer:498 - Change Database Version : DB.6.0.150
2025-10-27 13:56:56,559 [INFO] McuFinderGlobals:63 - Set McuFinder mode to 2 (CubeIDE integrated)
2025-10-27 13:56:56,560 [INFO] UserAuth:487 - Internet connection configuration mode: 1
2025-10-27 13:56:56,569 [INFO] ServerAccessManage:452 - Complete download http(s) 200
2025-10-27 13:56:56,570 [INFO] ServerAccessManage:509 - Download File updaters.zip
2025-10-27 13:56:56,575 [INFO] JxBrowserEngine:152 - Initiate JxBrowser Engine with user profile folder
2025-10-27 13:56:56,624 [INFO] FileExtend:248 - Unzip File : updaters.zip
2025-10-27 13:56:56,624 [INFO] FileExtend:263 - Standard Zip Deflate
2025-10-27 13:56:56,859 [INFO] ServerAccessManage:452 - Complete download http(s) 200
2025-10-27 13:56:56,859 [INFO] ServerAccessManage:509 - Download File PacksControlFlags.xml
2025-10-27 13:56:56,914 [INFO] ServerAccessManage:452 - Complete download http(s) 200
2025-10-27 13:56:56,915 [INFO] ServerAccessManage:509 - Download File cubemx.pidx
2025-10-27 13:56:56,996 [INFO] LoadServerUpdatesThread:375 - End of LoadServerUpdate Thread
2025-10-27 13:56:57,161 [INFO] CheckServerUpdateThread:120 - End of CheckServer Thread
2025-10-27 13:56:57,718 [INFO] WebApp:169 - Instantiating new browser for Auth
2025-10-27 13:56:58,397 [INFO] WebApp:463 - Apply proxy settings
2025-10-27 13:56:58,398 [INFO] WebApp:548 - Chromium requires no authentication
2025-10-27 13:56:58,412 [INFO] WebApp:491 - Direct internet connection detected
2025-10-27 13:56:58,449 [INFO] WebApp:900 - Register for checkConnection events
2025-10-27 13:56:58,449 [INFO] WebApp:463 - Apply proxy settings
2025-10-27 13:56:58,449 [INFO] WebApp:548 - Chromium requires no authentication
2025-10-27 13:56:58,450 [INFO] WebApp:491 - Direct internet connection detected
2025-10-27 13:56:58,559 [WARN] PackLoader:240 - Cannot read IP mode file for STMicroelectronics.FP-SNS-MOTENVWB1.1.4.0
2025-10-27 13:56:58,567 [WARN] PackLoader:240 - Cannot read IP mode file for STMicroelectronics.FP-ATR-ASTRA1.2.0.2
2025-10-27 13:56:58,580 [WARN] PackLoader:240 - Cannot read IP mode file for STMicroelectronics.X-CUBE-SMBUS.2.1.0
2025-10-27 13:56:58,585 [WARN] PackLoader:240 - Cannot read IP mode file for STMicroelectronics.X-CUBE-ST60.1.0.0
2025-10-27 13:56:58,616 [WARN] PackLoader:240 - Cannot read IP mode file for STMicroelectronics.X-CUBE-AZRTOS-F7.1.1.0
2025-10-27 13:56:58,628 [WARN] PackLoader:240 - Cannot read IP mode file for Cesanta.I-CUBE-Mongoose.7.19.0
2025-10-27 13:56:58,640 [WARN] PackLoader:240 - Cannot read IP mode file for WES.I-CUBE-Cesium.1.4.0
2025-10-27 13:56:58,660 [INFO] WebApp:191 - Connection restablished
2025-10-27 13:56:58,671 [INFO] WebApp:225 - Starting web application
2025-10-27 13:56:58,671 [INFO] WebApp:593 - Web application path used C:\ST\STM32CubeIDE_1.19.0\STM32CubeIDE\plugins\com.st.stm32cube.common.mx_6.15.0.202507011659\db\plugins\mcufinder\reactClient1\index.html
2025-10-27 13:56:58,681 [WARN] PackLoader:240 - Cannot read IP mode file for Infineon.AIROC-Wi-Fi-Bluetooth-STM32.1.7.1
2025-10-27 13:56:58,725 [WARN] PackLoader:240 - Cannot read IP mode file for STMicroelectronics.X-CUBE-AZRTOS-H7.3.4.0
2025-10-27 13:56:59,001 [WARN] PackLoader:240 - Cannot read IP mode file for STMicroelectronics.X-CUBE-DISPLAY.3.0.0
2025-10-27 13:56:59,007 [INFO] UserAuth:487 - Internet connection configuration mode: 1
2025-10-27 13:56:59,015 [WARN] PackLoader:240 - Cannot read IP mode file for STMicroelectronics.X-CUBE-NFC10.1.0.0
2025-10-27 13:56:59,035 [WARN] PackLoader:240 - Cannot read IP mode file for STMicroelectronics.X-CUBE-ST60.1.1.0
2025-10-27 13:56:59,043 [WARN] PackLoader:240 - Cannot read IP mode file for emotas.I-CUBE-CANOPEN.1.3.0
2025-10-27 13:56:59,051 [WARN] PackLoader:240 - Cannot read IP mode file for STMicroelectronics.FP-SNS-STBOX1.2.1.0
2025-10-27 13:56:59,058 [WARN] PackLoader:240 - Cannot read IP mode file for STMicroelectronics.FP-SNS-SMARTAG2.1.2.0
2025-10-27 13:56:59,063 [WARN] PackLoader:240 - Cannot read IP mode file for STMicroelectronics.FP-SNS-FLIGHT1.5.1.0
2025-10-27 13:56:59,076 [INFO] LogOutputStream:77 - [STDOUT_REDIRECT] 1 : Invalid condition id : UX_CORESTACK_Condition cause : null
2025-10-27 13:56:59,077 [INFO] LogOutputStream:77 - [STDOUT_REDIRECT] 1 : Invalid condition id : UX_CORESTACK_Condition cause : null
2025-10-27 13:56:59,077 [INFO] LogOutputStream:77 - [STDOUT_REDIRECT] 1 : Invalid condition id : UX_CORESTACK_Condition cause : null
2025-10-27 13:56:59,078 [INFO] LogOutputStream:77 - [STDOUT_REDIRECT] 1 : Invalid condition id : UX_CORESTACK_Condition cause : null
2025-10-27 13:56:59,079 [INFO] LogOutputStream:77 - [STDOUT_REDIRECT] 1 : Invalid condition id : UX_CORESTACK_Condition cause : null
2025-10-27 13:56:59,082 [WARN] PackLoader:240 - Cannot read IP mode file for STMicroelectronics.X-CUBE-AZRTOS-WL.2.0.0
2025-10-27 13:56:59,089 [WARN] PackLoader:240 - Cannot read IP mode file for STMicroelectronics.FP-SNS-MOTENV1.5.0.0
2025-10-27 13:56:59,096 [WARN] PackLoader:240 - Cannot read IP mode file for STMicroelectronics.X-CUBE-BLE2.3.3.0
2025-10-27 13:56:59,103 [WARN] PackLoader:240 - Cannot read IP mode file for STMicroelectronics.X-CUBE-NFC9.1.0.0
2025-10-27 13:56:59,111 [WARN] PackLoader:240 - Cannot read IP mode file for wolfSSL.I-CUBE-wolfSSL.5.8.2
2025-10-27 13:56:59,116 [WARN] PackLoader:240 - Cannot read IP mode file for STMicroelectronics.X-CUBE-BLE1.7.1.0
2025-10-27 13:56:59,121 [WARN] PackLoader:240 - Cannot read IP mode file for wolfSSL.I-CUBE-wolfMQTT.1.19.2
2025-10-27 13:56:59,128 [WARN] PackLoader:240 - Cannot read IP mode file for STMicroelectronics.X-CUBE-EEPRMA1.5.2.0
2025-10-27 13:56:59,137 [WARN] PackLoader:240 - Cannot read IP mode file for STMicroelectronics.X-CUBE-ST67W61.1.1.0
2025-10-27 13:56:59,181 [WARN] PackLoader:240 - Cannot read IP mode file for STMicroelectronics.X-CUBE-AZRTOS-G0.1.1.0
2025-10-27 13:56:59,190 [WARN] PackLoader:240 - Cannot read IP mode file for STMicroelectronics.X-CUBE-SAFEA1.1.2.2
2025-10-27 13:56:59,200 [WARN] PackLoader:240 - Cannot read IP mode file for STMicroelectronics.X-CUBE-NFC4.3.0.0
2025-10-27 13:56:59,210 [WARN] PackLoader:240 - Cannot read IP mode file for EmbeddedOffice.I-CUBE-FS-RTOS.1.0.1
2025-10-27 13:56:59,219 [WARN] PackLoader:240 - Cannot read IP mode file for STMicroelectronics.X-CUBE-WB05N.2.0.0
2025-10-27 13:56:59,232 [WARN] PackLoader:240 - Cannot read IP mode file for wolfSSL.I-CUBE-wolfTPM.3.8.0
2025-10-27 13:56:59,240 [WARN] PackLoader:240 - Cannot read IP mode file for STMicroelectronics.X-CUBE-TCPP.4.2.0
2025-10-27 13:56:59,248 [WARN] PackLoader:240 - Cannot read IP mode file for RealThread.X-CUBE-RT-Thread_Nano.4.1.1
2025-10-27 13:56:59,255 [WARN] PackLoader:240 - Cannot read IP mode file for STMicroelectronics.FP-ATR-SIGFOX1.3.2.0
2025-10-27 13:56:59,262 [WARN] PackLoader:240 - Cannot read IP mode file for ITTIA_DB.I-CUBE-ITTIADB.8.9.0
2025-10-27 13:56:59,267 [WARN] PackLoader:240 - Cannot read IP mode file for STMicroelectronics.X-CUBE-ST67W61.1.0.0
2025-10-27 13:56:59,274 [WARN] PackLoader:240 - Cannot read IP mode file for STMicroelectronics.X-CUBE-AI.10.2.0
2025-10-27 13:56:59,328 [WARN] PackLoader:240 - Cannot read IP mode file for SEGGER.I-CUBE-embOS.1.3.1
2025-10-27 13:56:59,378 [WARN] PackLoader:240 - Cannot read IP mode file for STMicroelectronics.X-CUBE-ALGOBUILD.1.4.0
2025-10-27 13:56:59,436 [WARN] PackLoader:240 - Cannot read IP mode file for STMicroelectronics.X-CUBE-MEMS1.11.3.0
2025-10-27 13:56:59,581 [WARN] PackLoader:240 - Cannot read IP mode file for STMicroelectronics.X-CUBE-PM33A1.1.0.0
2025-10-27 13:56:59,599 [WARN] PackLoader:240 - Cannot read IP mode file for STMicroelectronics.X-CUBE-AZRTOS-F4.1.1.0
2025-10-27 13:56:59,608 [WARN] PackLoader:240 - Cannot read IP mode file for Avnet-IotConnect.X-CUBE-IoTC-DA16k-PMOD.1.0.0
2025-10-27 13:56:59,612 [WARN] PackLoader:240 - Cannot read IP mode file for STMicroelectronics.X-CUBE-ISPU.2.1.0
2025-10-27 13:56:59,629 [WARN] PackLoader:240 - Cannot read IP mode file for STMicroelectronics.X-CUBE-IPS.3.2.0
2025-10-27 13:56:59,649 [WARN] PackLoader:240 - Cannot read IP mode file for STMicroelectronics.X-CUBE-NFC12.1.0.0
2025-10-27 13:56:59,667 [WARN] PackLoader:240 - Cannot read IP mode file for STMicroelectronics.X-CUBE-AZRTOS-L5.2.0.0
2025-10-27 13:56:59,677 [WARN] PackLoader:240 - Cannot read IP mode file for STMicroelectronics.X-CUBE-NFC6.3.1.0
2025-10-27 13:56:59,683 [WARN] PackLoader:240 - Cannot read IP mode file for STMicroelectronics.X-CUBE-FREERTOS.1.3.1
2025-10-27 13:56:59,693 [WARN] PackLoader:240 - Cannot read IP mode file for STMicroelectronics.X-CUBE-TOUCHGFX.4.26.0
2025-10-27 13:56:59,730 [WARN] PackLoader:240 - Cannot read IP mode file for STMicroelectronics.FP-SNS-STAIOTCFT.1.0.0
2025-10-27 13:56:59,736 [WARN] PackLoader:240 - Cannot read IP mode file for STMicroelectronics.X-CUBE-DPower.1.3.0
2025-10-27 13:56:59,754 [WARN] ConditionMgr:438 - getConditionDescription Invalid condition id : LAN8742 Phy interface Condition cause : null
2025-10-27 13:56:59,756 [WARN] PackLoader:240 - Cannot read IP mode file for STMicroelectronics.X-CUBE-AZRTOS-L4.2.0.0
2025-10-27 13:56:59,758 [WARN] ConditionMgr:1044 - genDependencies : Invalid condition id : LAN8742 Phy interface Condition cause : null
2025-10-27 13:56:59,758 [WARN] ConditionMgr:1044 - genDependencies : Invalid condition id : LAN8742 Phy interface Condition cause : null
2025-10-27 13:56:59,759 [WARN] ConditionMgr:1044 - genDependencies : Invalid condition id : LAN8742 Phy interface Condition cause : null
2025-10-27 13:56:59,766 [WARN] PackLoader:240 - Cannot read IP mode file for STMicroelectronics.X-CUBE-SFXS2LP1.4.0.0
2025-10-27 13:56:59,787 [WARN] PackLoader:240 - Cannot read IP mode file for STMicroelectronics.X-CUBE-AZRTOS-H7.3.3.0
2025-10-27 13:56:59,875 [WARN] PackLoader:240 - Cannot read IP mode file for STMicroelectronics.X-CUBE-BLEMGR.4.1.0
2025-10-27 13:56:59,887 [WARN] ConditionMgr:438 - getConditionDescription Invalid condition id : UX DEVICE CLASS RTOS Condition cause : null
2025-10-27 13:56:59,887 [WARN] ConditionMgr:438 - getConditionDescription Invalid condition id : UX DEVICE CLASS RTOS Condition cause : null
2025-10-27 13:56:59,890 [WARN] PackLoader:240 - Cannot read IP mode file for STMicroelectronics.X-CUBE-AZRTOS-WB.2.0.0
2025-10-27 13:56:59,891 [WARN] ConditionMgr:1044 - genDependencies : Invalid condition id : UX DEVICE CLASS RTOS Condition cause : null
2025-10-27 13:56:59,891 [WARN] ConditionMgr:1044 - genDependencies : Invalid condition id : UX DEVICE CLASS RTOS Condition cause : null
2025-10-27 13:56:59,891 [WARN] ConditionMgr:1044 - genDependencies : Invalid condition id : UX DEVICE CLASS RTOS Condition cause : null
2025-10-27 13:56:59,891 [WARN] ConditionMgr:1044 - genDependencies : Invalid condition id : UX DEVICE CLASS RTOS Condition cause : null
2025-10-27 13:56:59,891 [WARN] ConditionMgr:1044 - genDependencies : Invalid condition id : UX DEVICE CLASS RTOS Condition cause : null
2025-10-27 13:56:59,896 [WARN] PackLoader:240 - Cannot read IP mode file for STMicroelectronics.X-CUBE-GNSS1.7.0.1
2025-10-27 13:56:59,899 [WARN] PackLoader:240 - Cannot read IP mode file for STMicroelectronics.X-CUBE-TOUCHGFX.4.25.0
2025-10-27 13:56:59,903 [WARN] ConditionMgr:438 - getConditionDescription Invalid condition id : Cortex-A Device cause : null
2025-10-27 13:56:59,911 [WARN] ConditionMgr:1044 - genDependencies : Invalid condition id : Cortex-A Device cause : null
2025-10-27 13:56:59,911 [WARN] ConditionMgr:1044 - genDependencies : Invalid condition id : Cortex-A Device cause : null
2025-10-27 13:56:59,911 [WARN] ConditionMgr:1044 - genDependencies : Invalid condition id : Cortex-A Device cause : null
2025-10-27 13:56:59,919 [WARN] PackLoader:240 - Cannot read IP mode file for STMicroelectronics.X-CUBE-SUBG2.5.0.0
2025-10-27 13:56:59,938 [WARN] PackLoader:240 - Cannot read IP mode file for STMicroelectronics.X-CUBE-AZRTOS-H7RS.1.1.0
2025-10-27 13:56:59,952 [WARN] PackLoader:240 - Cannot read IP mode file for STMicroelectronics.X-CUBE-AZRTOS-G4.2.0.0
2025-10-27 13:56:59,958 [WARN] PackLoader:240 - Cannot read IP mode file for wolfSSL.I-CUBE-wolfSSH.1.4.20
2025-10-27 13:56:59,962 [WARN] PackLoader:240 - Cannot read IP mode file for STMicroelectronics.X-CUBE-NFC7.2.0.0
2025-10-27 13:56:59,974 [WARN] PackLoader:240 - Cannot read IP mode file for STMicroelectronics.X-CUBE-IPS.3.1.0
2025-10-27 13:56:59,980 [WARN] PackLoader:240 - Cannot read IP mode file for STMicroelectronics.X-CUBE-ALS.1.0.2
2025-10-27 13:56:59,985 [WARN] PackLoader:240 - Cannot read IP mode file for STMicroelectronics.X-CUBE-STSE01.1.0.0
2025-10-27 13:56:59,997 [WARN] PackLoader:240 - Cannot read IP mode file for STMicroelectronics.X-CUBE-TOF1.3.4.3
2025-10-27 13:57:00,010 [INFO] ThirdParty:978 - Integrity check success = true
2025-10-27 13:57:00,011 [INFO] IntegrityCheckThread:100 - exiting critical section [integrity check]
2025-10-27 13:57:00,011 [INFO] IntegrityCheckThread:103 - End integrity checks thread
2025-10-27 18:25:41,677 [INFO] WebApp:194 - Connection lost
2025-10-27 18:25:42,056 [INFO] WebApp:191 - Connection restablished
2025-10-27 18:25:44,318 [INFO] WebApp:194 - Connection lost
2025-10-27 18:25:44,420 [INFO] WebApp:191 - Connection restablished
2025-10-27 18:25:47,316 [INFO] WebApp:194 - Connection lost
2025-10-27 18:25:47,427 [INFO] WebApp:191 - Connection restablished
2025-10-27 18:25:50,811 [INFO] WebApp:194 - Connection lost
2025-10-27 18:25:50,921 [INFO] WebApp:191 - Connection restablished
2025-10-27 18:27:42,324 [INFO] WebApp:194 - Connection lost
2025-10-27 18:27:42,450 [INFO] WebApp:191 - Connection restablished
2025-10-27 19:29:49,867 [INFO] WebApp:194 - Connection lost
2025-10-27 19:29:50,045 [INFO] WebApp:191 - Connection restablished
2025-10-27 19:29:53,341 [INFO] WebApp:194 - Connection lost
2025-10-27 19:29:53,469 [INFO] WebApp:191 - Connection restablished
2025-10-27 21:17:07,470 [ERROR] LogOutputStream:75 - [STDERR_REDIRECT] 
