22:16:30 **** Incremental Build of configuration Debug for project STM32H747I-DISCO_CM7 ****
make all 
arm-none-eabi-gcc "C:/Users/oopav/KRP/KRP_HMI_02/Middlewares/ST/STM32_USB_Device_Library/Class/CDC/Src/usbd_cdc.c" -mcpu=cortex-m7 -std=gnu11 -g3 -DDEBUG -DCORE_CM7 -DUSE_HAL_DRIVER -DUSE_BPP=24 -DSTM32H747xx -DUSE_PWR_DIRECT_SMPS_SUPPLY -c -I../../../CM7/Core/Inc -I../../../CM7/TouchGFX/App -I../../../CM7/TouchGFX/target/generated -I../../../CM7/TouchGFX/target -I../../../Drivers/BSP/Components/Common -I../../../Drivers/BSP/STM32H747I-Discovery -I../../../Drivers/STM32H7xx_HAL_Driver/Inc -I../../../Drivers/STM32H7xx_HAL_Driver/Inc/Legacy -I../../../Middlewares/Third_Party/FreeRTOS/Source/include -I../../../Middlewares/Third_Party/FreeRTOS/Source/CMSIS_RTOS_V2 -I../../../Middlewares/Third_Party/FreeRTOS/Source/portable/GCC/ARM_CM4F -I../../../Drivers/CMSIS/Device/ST/STM32H7xx/Include -I../../../Drivers/CMSIS/Include -I../../../Drivers/BSP/Components -I../../../CM7/LIBJPEG/App -I../../../CM7/LIBJPEG/Target -I../../../Utilities/JPEG -I../../../Middlewares/Third_Party/LibJPEG/include -I../../CM7/../../CM7/Middlewares/ST/touchgfx/framework/include -I../../CM7/../../CM7/TouchGFX/generated/fonts/include -I../../CM7/../../CM7/TouchGFX/generated/gui_generated/include -I../../CM7/../../CM7/TouchGFX/generated/images/include -I../../CM7/../../CM7/TouchGFX/generated/texts/include -I../../CM7/../../CM7/TouchGFX/generated/videos/include -I../../CM7/../../CM7/TouchGFX/gui/include -I../../../CM7/USB_DEVICE/App -I../../../CM7/USB_DEVICE/Target -I../../../Middlewares/ST/STM32_USB_Device_Library/Core/Inc -I../../../Middlewares/ST/STM32_USB_Device_Library/Class/CDC/Inc -Os -ffunction-sections -fdata-sections -Wall -fstack-usage -fcyclomatic-complexity -MMD -MP -MF"Middlewares/STM32_USB_Device_Library/usbd_cdc.d" -MT"Middlewares/STM32_USB_Device_Library/usbd_cdc.o" --specs=nano.specs -mfpu=fpv5-d16 -mfloat-abi=hard -mthumb -o "Middlewares/STM32_USB_Device_Library/usbd_cdc.o"
arm-none-eabi-gcc "C:/Users/oopav/KRP/KRP_HMI_02/Middlewares/ST/STM32_USB_Device_Library/Core/Src/usbd_core.c" -mcpu=cortex-m7 -std=gnu11 -g3 -DDEBUG -DCORE_CM7 -DUSE_HAL_DRIVER -DUSE_BPP=24 -DSTM32H747xx -DUSE_PWR_DIRECT_SMPS_SUPPLY -c -I../../../CM7/Core/Inc -I../../../CM7/TouchGFX/App -I../../../CM7/TouchGFX/target/generated -I../../../CM7/TouchGFX/target -I../../../Drivers/BSP/Components/Common -I../../../Drivers/BSP/STM32H747I-Discovery -I../../../Drivers/STM32H7xx_HAL_Driver/Inc -I../../../Drivers/STM32H7xx_HAL_Driver/Inc/Legacy -I../../../Middlewares/Third_Party/FreeRTOS/Source/include -I../../../Middlewares/Third_Party/FreeRTOS/Source/CMSIS_RTOS_V2 -I../../../Middlewares/Third_Party/FreeRTOS/Source/portable/GCC/ARM_CM4F -I../../../Drivers/CMSIS/Device/ST/STM32H7xx/Include -I../../../Drivers/CMSIS/Include -I../../../Drivers/BSP/Components -I../../../CM7/LIBJPEG/App -I../../../CM7/LIBJPEG/Target -I../../../Utilities/JPEG -I../../../Middlewares/Third_Party/LibJPEG/include -I../../CM7/../../CM7/Middlewares/ST/touchgfx/framework/include -I../../CM7/../../CM7/TouchGFX/generated/fonts/include -I../../CM7/../../CM7/TouchGFX/generated/gui_generated/include -I../../CM7/../../CM7/TouchGFX/generated/images/include -I../../CM7/../../CM7/TouchGFX/generated/texts/include -I../../CM7/../../CM7/TouchGFX/generated/videos/include -I../../CM7/../../CM7/TouchGFX/gui/include -I../../../CM7/USB_DEVICE/App -I../../../CM7/USB_DEVICE/Target -I../../../Middlewares/ST/STM32_USB_Device_Library/Core/Inc -I../../../Middlewares/ST/STM32_USB_Device_Library/Class/CDC/Inc -Os -ffunction-sections -fdata-sections -Wall -fstack-usage -fcyclomatic-complexity -MMD -MP -MF"Middlewares/STM32_USB_Device_Library/usbd_core.d" -MT"Middlewares/STM32_USB_Device_Library/usbd_core.o" --specs=nano.specs -mfpu=fpv5-d16 -mfloat-abi=hard -mthumb -o "Middlewares/STM32_USB_Device_Library/usbd_core.o"
arm-none-eabi-gcc "C:/Users/oopav/KRP/KRP_HMI_02/Middlewares/ST/STM32_USB_Device_Library/Core/Src/usbd_ctlreq.c" -mcpu=cortex-m7 -std=gnu11 -g3 -DDEBUG -DCORE_CM7 -DUSE_HAL_DRIVER -DUSE_BPP=24 -DSTM32H747xx -DUSE_PWR_DIRECT_SMPS_SUPPLY -c -I../../../CM7/Core/Inc -I../../../CM7/TouchGFX/App -I../../../CM7/TouchGFX/target/generated -I../../../CM7/TouchGFX/target -I../../../Drivers/BSP/Components/Common -I../../../Drivers/BSP/STM32H747I-Discovery -I../../../Drivers/STM32H7xx_HAL_Driver/Inc -I../../../Drivers/STM32H7xx_HAL_Driver/Inc/Legacy -I../../../Middlewares/Third_Party/FreeRTOS/Source/include -I../../../Middlewares/Third_Party/FreeRTOS/Source/CMSIS_RTOS_V2 -I../../../Middlewares/Third_Party/FreeRTOS/Source/portable/GCC/ARM_CM4F -I../../../Drivers/CMSIS/Device/ST/STM32H7xx/Include -I../../../Drivers/CMSIS/Include -I../../../Drivers/BSP/Components -I../../../CM7/LIBJPEG/App -I../../../CM7/LIBJPEG/Target -I../../../Utilities/JPEG -I../../../Middlewares/Third_Party/LibJPEG/include -I../../CM7/../../CM7/Middlewares/ST/touchgfx/framework/include -I../../CM7/../../CM7/TouchGFX/generated/fonts/include -I../../CM7/../../CM7/TouchGFX/generated/gui_generated/include -I../../CM7/../../CM7/TouchGFX/generated/images/include -I../../CM7/../../CM7/TouchGFX/generated/texts/include -I../../CM7/../../CM7/TouchGFX/generated/videos/include -I../../CM7/../../CM7/TouchGFX/gui/include -I../../../CM7/USB_DEVICE/App -I../../../CM7/USB_DEVICE/Target -I../../../Middlewares/ST/STM32_USB_Device_Library/Core/Inc -I../../../Middlewares/ST/STM32_USB_Device_Library/Class/CDC/Inc -Os -ffunction-sections -fdata-sections -Wall -fstack-usage -fcyclomatic-complexity -MMD -MP -MF"Middlewares/STM32_USB_Device_Library/usbd_ctlreq.d" -MT"Middlewares/STM32_USB_Device_Library/usbd_ctlreq.o" --specs=nano.specs -mfpu=fpv5-d16 -mfloat-abi=hard -mthumb -o "Middlewares/STM32_USB_Device_Library/usbd_ctlreq.o"
arm-none-eabi-gcc "C:/Users/oopav/KRP/KRP_HMI_02/Middlewares/ST/STM32_USB_Device_Library/Core/Src/usbd_ioreq.c" -mcpu=cortex-m7 -std=gnu11 -g3 -DDEBUG -DCORE_CM7 -DUSE_HAL_DRIVER -DUSE_BPP=24 -DSTM32H747xx -DUSE_PWR_DIRECT_SMPS_SUPPLY -c -I../../../CM7/Core/Inc -I../../../CM7/TouchGFX/App -I../../../CM7/TouchGFX/target/generated -I../../../CM7/TouchGFX/target -I../../../Drivers/BSP/Components/Common -I../../../Drivers/BSP/STM32H747I-Discovery -I../../../Drivers/STM32H7xx_HAL_Driver/Inc -I../../../Drivers/STM32H7xx_HAL_Driver/Inc/Legacy -I../../../Middlewares/Third_Party/FreeRTOS/Source/include -I../../../Middlewares/Third_Party/FreeRTOS/Source/CMSIS_RTOS_V2 -I../../../Middlewares/Third_Party/FreeRTOS/Source/portable/GCC/ARM_CM4F -I../../../Drivers/CMSIS/Device/ST/STM32H7xx/Include -I../../../Drivers/CMSIS/Include -I../../../Drivers/BSP/Components -I../../../CM7/LIBJPEG/App -I../../../CM7/LIBJPEG/Target -I../../../Utilities/JPEG -I../../../Middlewares/Third_Party/LibJPEG/include -I../../CM7/../../CM7/Middlewares/ST/touchgfx/framework/include -I../../CM7/../../CM7/TouchGFX/generated/fonts/include -I../../CM7/../../CM7/TouchGFX/generated/gui_generated/include -I../../CM7/../../CM7/TouchGFX/generated/images/include -I../../CM7/../../CM7/TouchGFX/generated/texts/include -I../../CM7/../../CM7/TouchGFX/generated/videos/include -I../../CM7/../../CM7/TouchGFX/gui/include -I../../../CM7/USB_DEVICE/App -I../../../CM7/USB_DEVICE/Target -I../../../Middlewares/ST/STM32_USB_Device_Library/Core/Inc -I../../../Middlewares/ST/STM32_USB_Device_Library/Class/CDC/Inc -Os -ffunction-sections -fdata-sections -Wall -fstack-usage -fcyclomatic-complexity -MMD -MP -MF"Middlewares/STM32_USB_Device_Library/usbd_ioreq.d" -MT"Middlewares/STM32_USB_Device_Library/usbd_ioreq.o" --specs=nano.specs -mfpu=fpv5-d16 -mfloat-abi=hard -mthumb -o "Middlewares/STM32_USB_Device_Library/usbd_ioreq.o"
arm-none-eabi-gcc "C:/Users/oopav/KRP/KRP_HMI_02/CM7/USB_DEVICE/Target/usbd_conf.c" -mcpu=cortex-m7 -std=gnu11 -g3 -DDEBUG -DCORE_CM7 -DUSE_HAL_DRIVER -DUSE_BPP=24 -DSTM32H747xx -DUSE_PWR_DIRECT_SMPS_SUPPLY -c -I../../../CM7/Core/Inc -I../../../CM7/TouchGFX/App -I../../../CM7/TouchGFX/target/generated -I../../../CM7/TouchGFX/target -I../../../Drivers/BSP/Components/Common -I../../../Drivers/BSP/STM32H747I-Discovery -I../../../Drivers/STM32H7xx_HAL_Driver/Inc -I../../../Drivers/STM32H7xx_HAL_Driver/Inc/Legacy -I../../../Middlewares/Third_Party/FreeRTOS/Source/include -I../../../Middlewares/Third_Party/FreeRTOS/Source/CMSIS_RTOS_V2 -I../../../Middlewares/Third_Party/FreeRTOS/Source/portable/GCC/ARM_CM4F -I../../../Drivers/CMSIS/Device/ST/STM32H7xx/Include -I../../../Drivers/CMSIS/Include -I../../../Drivers/BSP/Components -I../../../CM7/LIBJPEG/App -I../../../CM7/LIBJPEG/Target -I../../../Utilities/JPEG -I../../../Middlewares/Third_Party/LibJPEG/include -I../../CM7/../../CM7/Middlewares/ST/touchgfx/framework/include -I../../CM7/../../CM7/TouchGFX/generated/fonts/include -I../../CM7/../../CM7/TouchGFX/generated/gui_generated/include -I../../CM7/../../CM7/TouchGFX/generated/images/include -I../../CM7/../../CM7/TouchGFX/generated/texts/include -I../../CM7/../../CM7/TouchGFX/generated/videos/include -I../../CM7/../../CM7/TouchGFX/gui/include -I../../../CM7/USB_DEVICE/App -I../../../CM7/USB_DEVICE/Target -I../../../Middlewares/ST/STM32_USB_Device_Library/Core/Inc -I../../../Middlewares/ST/STM32_USB_Device_Library/Class/CDC/Inc -Os -ffunction-sections -fdata-sections -Wall -fstack-usage -fcyclomatic-complexity -MMD -MP -MF"Application/User/USB_DEVICE/Target/usbd_conf.d" -MT"Application/User/USB_DEVICE/Target/usbd_conf.o" --specs=nano.specs -mfpu=fpv5-d16 -mfloat-abi=hard -mthumb -o "Application/User/USB_DEVICE/Target/usbd_conf.o"
arm-none-eabi-gcc "C:/Users/oopav/KRP/KRP_HMI_02/CM7/USB_DEVICE/App/usb_device.c" -mcpu=cortex-m7 -std=gnu11 -g3 -DDEBUG -DCORE_CM7 -DUSE_HAL_DRIVER -DUSE_BPP=24 -DSTM32H747xx -DUSE_PWR_DIRECT_SMPS_SUPPLY -c -I../../../CM7/Core/Inc -I../../../CM7/TouchGFX/App -I../../../CM7/TouchGFX/target/generated -I../../../CM7/TouchGFX/target -I../../../Drivers/BSP/Components/Common -I../../../Drivers/BSP/STM32H747I-Discovery -I../../../Drivers/STM32H7xx_HAL_Driver/Inc -I../../../Drivers/STM32H7xx_HAL_Driver/Inc/Legacy -I../../../Middlewares/Third_Party/FreeRTOS/Source/include -I../../../Middlewares/Third_Party/FreeRTOS/Source/CMSIS_RTOS_V2 -I../../../Middlewares/Third_Party/FreeRTOS/Source/portable/GCC/ARM_CM4F -I../../../Drivers/CMSIS/Device/ST/STM32H7xx/Include -I../../../Drivers/CMSIS/Include -I../../../Drivers/BSP/Components -I../../../CM7/LIBJPEG/App -I../../../CM7/LIBJPEG/Target -I../../../Utilities/JPEG -I../../../Middlewares/Third_Party/LibJPEG/include -I../../CM7/../../CM7/Middlewares/ST/touchgfx/framework/include -I../../CM7/../../CM7/TouchGFX/generated/fonts/include -I../../CM7/../../CM7/TouchGFX/generated/gui_generated/include -I../../CM7/../../CM7/TouchGFX/generated/images/include -I../../CM7/../../CM7/TouchGFX/generated/texts/include -I../../CM7/../../CM7/TouchGFX/generated/videos/include -I../../CM7/../../CM7/TouchGFX/gui/include -I../../../CM7/USB_DEVICE/App -I../../../CM7/USB_DEVICE/Target -I../../../Middlewares/ST/STM32_USB_Device_Library/Core/Inc -I../../../Middlewares/ST/STM32_USB_Device_Library/Class/CDC/Inc -Os -ffunction-sections -fdata-sections -Wall -fstack-usage -fcyclomatic-complexity -MMD -MP -MF"Application/User/USB_DEVICE/App/usb_device.d" -MT"Application/User/USB_DEVICE/App/usb_device.o" --specs=nano.specs -mfpu=fpv5-d16 -mfloat-abi=hard -mthumb -o "Application/User/USB_DEVICE/App/usb_device.o"
arm-none-eabi-gcc "C:/Users/oopav/KRP/KRP_HMI_02/CM7/USB_DEVICE/App/usbd_cdc_if.c" -mcpu=cortex-m7 -std=gnu11 -g3 -DDEBUG -DCORE_CM7 -DUSE_HAL_DRIVER -DUSE_BPP=24 -DSTM32H747xx -DUSE_PWR_DIRECT_SMPS_SUPPLY -c -I../../../CM7/Core/Inc -I../../../CM7/TouchGFX/App -I../../../CM7/TouchGFX/target/generated -I../../../CM7/TouchGFX/target -I../../../Drivers/BSP/Components/Common -I../../../Drivers/BSP/STM32H747I-Discovery -I../../../Drivers/STM32H7xx_HAL_Driver/Inc -I../../../Drivers/STM32H7xx_HAL_Driver/Inc/Legacy -I../../../Middlewares/Third_Party/FreeRTOS/Source/include -I../../../Middlewares/Third_Party/FreeRTOS/Source/CMSIS_RTOS_V2 -I../../../Middlewares/Third_Party/FreeRTOS/Source/portable/GCC/ARM_CM4F -I../../../Drivers/CMSIS/Device/ST/STM32H7xx/Include -I../../../Drivers/CMSIS/Include -I../../../Drivers/BSP/Components -I../../../CM7/LIBJPEG/App -I../../../CM7/LIBJPEG/Target -I../../../Utilities/JPEG -I../../../Middlewares/Third_Party/LibJPEG/include -I../../CM7/../../CM7/Middlewares/ST/touchgfx/framework/include -I../../CM7/../../CM7/TouchGFX/generated/fonts/include -I../../CM7/../../CM7/TouchGFX/generated/gui_generated/include -I../../CM7/../../CM7/TouchGFX/generated/images/include -I../../CM7/../../CM7/TouchGFX/generated/texts/include -I../../CM7/../../CM7/TouchGFX/generated/videos/include -I../../CM7/../../CM7/TouchGFX/gui/include -I../../../CM7/USB_DEVICE/App -I../../../CM7/USB_DEVICE/Target -I../../../Middlewares/ST/STM32_USB_Device_Library/Core/Inc -I../../../Middlewares/ST/STM32_USB_Device_Library/Class/CDC/Inc -Os -ffunction-sections -fdata-sections -Wall -fstack-usage -fcyclomatic-complexity -MMD -MP -MF"Application/User/USB_DEVICE/App/usbd_cdc_if.d" -MT"Application/User/USB_DEVICE/App/usbd_cdc_if.o" --specs=nano.specs -mfpu=fpv5-d16 -mfloat-abi=hard -mthumb -o "Application/User/USB_DEVICE/App/usbd_cdc_if.o"
arm-none-eabi-gcc "C:/Users/oopav/KRP/KRP_HMI_02/CM7/USB_DEVICE/App/usbd_desc.c" -mcpu=cortex-m7 -std=gnu11 -g3 -DDEBUG -DCORE_CM7 -DUSE_HAL_DRIVER -DUSE_BPP=24 -DSTM32H747xx -DUSE_PWR_DIRECT_SMPS_SUPPLY -c -I../../../CM7/Core/Inc -I../../../CM7/TouchGFX/App -I../../../CM7/TouchGFX/target/generated -I../../../CM7/TouchGFX/target -I../../../Drivers/BSP/Components/Common -I../../../Drivers/BSP/STM32H747I-Discovery -I../../../Drivers/STM32H7xx_HAL_Driver/Inc -I../../../Drivers/STM32H7xx_HAL_Driver/Inc/Legacy -I../../../Middlewares/Third_Party/FreeRTOS/Source/include -I../../../Middlewares/Third_Party/FreeRTOS/Source/CMSIS_RTOS_V2 -I../../../Middlewares/Third_Party/FreeRTOS/Source/portable/GCC/ARM_CM4F -I../../../Drivers/CMSIS/Device/ST/STM32H7xx/Include -I../../../Drivers/CMSIS/Include -I../../../Drivers/BSP/Components -I../../../CM7/LIBJPEG/App -I../../../CM7/LIBJPEG/Target -I../../../Utilities/JPEG -I../../../Middlewares/Third_Party/LibJPEG/include -I../../CM7/../../CM7/Middlewares/ST/touchgfx/framework/include -I../../CM7/../../CM7/TouchGFX/generated/fonts/include -I../../CM7/../../CM7/TouchGFX/generated/gui_generated/include -I../../CM7/../../CM7/TouchGFX/generated/images/include -I../../CM7/../../CM7/TouchGFX/generated/texts/include -I../../CM7/../../CM7/TouchGFX/generated/videos/include -I../../CM7/../../CM7/TouchGFX/gui/include -I../../../CM7/USB_DEVICE/App -I../../../CM7/USB_DEVICE/Target -I../../../Middlewares/ST/STM32_USB_Device_Library/Core/Inc -I../../../Middlewares/ST/STM32_USB_Device_Library/Class/CDC/Inc -Os -ffunction-sections -fdata-sections -Wall -fstack-usage -fcyclomatic-complexity -MMD -MP -MF"Application/User/USB_DEVICE/App/usbd_desc.d" -MT"Application/User/USB_DEVICE/App/usbd_desc.o" --specs=nano.specs -mfpu=fpv5-d16 -mfloat-abi=hard -mthumb -o "Application/User/USB_DEVICE/App/usbd_desc.o"
arm-none-eabi-g++ "C:/Users/oopav/KRP/KRP_HMI_02/CM7/TouchGFX/target/TouchGFXGPIO.cpp" -mcpu=cortex-m7 -std=gnu++14 -g3 -DDEBUG -DCORE_CM7 -DUSE_HAL_DRIVER -DUSE_BPP=24 -DSTM32H747xx -DUSE_PWR_DIRECT_SMPS_SUPPLY -c -I../../../CM7/Core/Inc -I../../../CM7/TouchGFX/App -I../../../CM7/TouchGFX/target/generated -I../../../CM7/TouchGFX/target -I../../../Drivers/BSP/Components/Common -I../../../Drivers/BSP/STM32H747I-Discovery -I../../../Drivers/STM32H7xx_HAL_Driver/Inc -I../../../Drivers/STM32H7xx_HAL_Driver/Inc/Legacy -I../../../Middlewares/Third_Party/FreeRTOS/Source/include -I../../../Middlewares/Third_Party/FreeRTOS/Source/CMSIS_RTOS_V2 -I../../../Middlewares/Third_Party/FreeRTOS/Source/portable/GCC/ARM_CM4F -I../../../Drivers/CMSIS/Device/ST/STM32H7xx/Include -I../../../Drivers/CMSIS/Include -I../../../Drivers/BSP/Components -I../../../CM7/LIBJPEG/App -I../../../CM7/LIBJPEG/Target -I../../../Utilities/JPEG -I../../../Middlewares/Third_Party/LibJPEG/include -I../../CM7/../../CM7/Middlewares/ST/touchgfx/framework/include -I../../CM7/../../CM7/TouchGFX/generated/fonts/include -I../../CM7/../../CM7/TouchGFX/generated/gui_generated/include -I../../CM7/../../CM7/TouchGFX/generated/images/include -I../../CM7/../../CM7/TouchGFX/generated/texts/include -I../../CM7/../../CM7/TouchGFX/generated/videos/include -I../../CM7/../../CM7/TouchGFX/gui/include -I../../../CM7/USB_DEVICE/App -I../../../CM7/USB_DEVICE/Target -I../../../Middlewares/ST/STM32_USB_Device_Library/Core/Inc -I../../../Middlewares/ST/STM32_USB_Device_Library/Class/CDC/Inc -Os -ffunction-sections -fdata-sections -fno-exceptions -fno-rtti -fno-use-cxa-atexit -Wall -femit-class-debug-always -fstack-usage -fcyclomatic-complexity -MMD -MP -MF"Application/User/TouchGFX/target/TouchGFXGPIO.d" -MT"Application/User/TouchGFX/target/TouchGFXGPIO.o" --specs=nano.specs -mfpu=fpv5-d16 -mfloat-abi=hard -mthumb -o "Application/User/TouchGFX/target/TouchGFXGPIO.o"
arm-none-eabi-g++ "C:/Users/oopav/KRP/KRP_HMI_02/CM7/TouchGFX/target/TouchGFXHAL.cpp" -mcpu=cortex-m7 -std=gnu++14 -g3 -DDEBUG -DCORE_CM7 -DUSE_HAL_DRIVER -DUSE_BPP=24 -DSTM32H747xx -DUSE_PWR_DIRECT_SMPS_SUPPLY -c -I../../../CM7/Core/Inc -I../../../CM7/TouchGFX/App -I../../../CM7/TouchGFX/target/generated -I../../../CM7/TouchGFX/target -I../../../Drivers/BSP/Components/Common -I../../../Drivers/BSP/STM32H747I-Discovery -I../../../Drivers/STM32H7xx_HAL_Driver/Inc -I../../../Drivers/STM32H7xx_HAL_Driver/Inc/Legacy -I../../../Middlewares/Third_Party/FreeRTOS/Source/include -I../../../Middlewares/Third_Party/FreeRTOS/Source/CMSIS_RTOS_V2 -I../../../Middlewares/Third_Party/FreeRTOS/Source/portable/GCC/ARM_CM4F -I../../../Drivers/CMSIS/Device/ST/STM32H7xx/Include -I../../../Drivers/CMSIS/Include -I../../../Drivers/BSP/Components -I../../../CM7/LIBJPEG/App -I../../../CM7/LIBJPEG/Target -I../../../Utilities/JPEG -I../../../Middlewares/Third_Party/LibJPEG/include -I../../CM7/../../CM7/Middlewares/ST/touchgfx/framework/include -I../../CM7/../../CM7/TouchGFX/generated/fonts/include -I../../CM7/../../CM7/TouchGFX/generated/gui_generated/include -I../../CM7/../../CM7/TouchGFX/generated/images/include -I../../CM7/../../CM7/TouchGFX/generated/texts/include -I../../CM7/../../CM7/TouchGFX/generated/videos/include -I../../CM7/../../CM7/TouchGFX/gui/include -I../../../CM7/USB_DEVICE/App -I../../../CM7/USB_DEVICE/Target -I../../../Middlewares/ST/STM32_USB_Device_Library/Core/Inc -I../../../Middlewares/ST/STM32_USB_Device_Library/Class/CDC/Inc -Os -ffunction-sections -fdata-sections -fno-exceptions -fno-rtti -fno-use-cxa-atexit -Wall -femit-class-debug-always -fstack-usage -fcyclomatic-complexity -MMD -MP -MF"Application/User/TouchGFX/target/TouchGFXHAL.d" -MT"Application/User/TouchGFX/target/TouchGFXHAL.o" --specs=nano.specs -mfpu=fpv5-d16 -mfloat-abi=hard -mthumb -o "Application/User/TouchGFX/target/TouchGFXHAL.o"
arm-none-eabi-gcc "C:/Users/oopav/KRP/KRP_HMI_02/CM7/Core/Src/freertos.c" -mcpu=cortex-m7 -std=gnu11 -g3 -DDEBUG -DCORE_CM7 -DUSE_HAL_DRIVER -DUSE_BPP=24 -DSTM32H747xx -DUSE_PWR_DIRECT_SMPS_SUPPLY -c -I../../../CM7/Core/Inc -I../../../CM7/TouchGFX/App -I../../../CM7/TouchGFX/target/generated -I../../../CM7/TouchGFX/target -I../../../Drivers/BSP/Components/Common -I../../../Drivers/BSP/STM32H747I-Discovery -I../../../Drivers/STM32H7xx_HAL_Driver/Inc -I../../../Drivers/STM32H7xx_HAL_Driver/Inc/Legacy -I../../../Middlewares/Third_Party/FreeRTOS/Source/include -I../../../Middlewares/Third_Party/FreeRTOS/Source/CMSIS_RTOS_V2 -I../../../Middlewares/Third_Party/FreeRTOS/Source/portable/GCC/ARM_CM4F -I../../../Drivers/CMSIS/Device/ST/STM32H7xx/Include -I../../../Drivers/CMSIS/Include -I../../../Drivers/BSP/Components -I../../../CM7/LIBJPEG/App -I../../../CM7/LIBJPEG/Target -I../../../Utilities/JPEG -I../../../Middlewares/Third_Party/LibJPEG/include -I../../CM7/../../CM7/Middlewares/ST/touchgfx/framework/include -I../../CM7/../../CM7/TouchGFX/generated/fonts/include -I../../CM7/../../CM7/TouchGFX/generated/gui_generated/include -I../../CM7/../../CM7/TouchGFX/generated/images/include -I../../CM7/../../CM7/TouchGFX/generated/texts/include -I../../CM7/../../CM7/TouchGFX/generated/videos/include -I../../CM7/../../CM7/TouchGFX/gui/include -I../../../CM7/USB_DEVICE/App -I../../../CM7/USB_DEVICE/Target -I../../../Middlewares/ST/STM32_USB_Device_Library/Core/Inc -I../../../Middlewares/ST/STM32_USB_Device_Library/Class/CDC/Inc -Os -ffunction-sections -fdata-sections -Wall -fstack-usage -fcyclomatic-complexity -MMD -MP -MF"Application/User/Core/freertos.d" -MT"Application/User/Core/freertos.o" --specs=nano.specs -mfpu=fpv5-d16 -mfloat-abi=hard -mthumb -o "Application/User/Core/freertos.o"
arm-none-eabi-gcc "C:/Users/oopav/KRP/KRP_HMI_02/CM7/Core/Src/main.c" -mcpu=cortex-m7 -std=gnu11 -g3 -DDEBUG -DCORE_CM7 -DUSE_HAL_DRIVER -DUSE_BPP=24 -DSTM32H747xx -DUSE_PWR_DIRECT_SMPS_SUPPLY -c -I../../../CM7/Core/Inc -I../../../CM7/TouchGFX/App -I../../../CM7/TouchGFX/target/generated -I../../../CM7/TouchGFX/target -I../../../Drivers/BSP/Components/Common -I../../../Drivers/BSP/STM32H747I-Discovery -I../../../Drivers/STM32H7xx_HAL_Driver/Inc -I../../../Drivers/STM32H7xx_HAL_Driver/Inc/Legacy -I../../../Middlewares/Third_Party/FreeRTOS/Source/include -I../../../Middlewares/Third_Party/FreeRTOS/Source/CMSIS_RTOS_V2 -I../../../Middlewares/Third_Party/FreeRTOS/Source/portable/GCC/ARM_CM4F -I../../../Drivers/CMSIS/Device/ST/STM32H7xx/Include -I../../../Drivers/CMSIS/Include -I../../../Drivers/BSP/Components -I../../../CM7/LIBJPEG/App -I../../../CM7/LIBJPEG/Target -I../../../Utilities/JPEG -I../../../Middlewares/Third_Party/LibJPEG/include -I../../CM7/../../CM7/Middlewares/ST/touchgfx/framework/include -I../../CM7/../../CM7/TouchGFX/generated/fonts/include -I../../CM7/../../CM7/TouchGFX/generated/gui_generated/include -I../../CM7/../../CM7/TouchGFX/generated/images/include -I../../CM7/../../CM7/TouchGFX/generated/texts/include -I../../CM7/../../CM7/TouchGFX/generated/videos/include -I../../CM7/../../CM7/TouchGFX/gui/include -I../../../CM7/USB_DEVICE/App -I../../../CM7/USB_DEVICE/Target -I../../../Middlewares/ST/STM32_USB_Device_Library/Core/Inc -I../../../Middlewares/ST/STM32_USB_Device_Library/Class/CDC/Inc -Os -ffunction-sections -fdata-sections -Wall -fstack-usage -fcyclomatic-complexity -MMD -MP -MF"Application/User/Core/main.d" -MT"Application/User/Core/main.o" --specs=nano.specs -mfpu=fpv5-d16 -mfloat-abi=hard -mthumb -o "Application/User/Core/main.o"
C:/Users/oopav/KRP/KRP_HMI_02/CM7/Core/Src/main.c: In function 'main':
C:/Users/oopav/KRP/KRP_HMI_02/CM7/Core/Src/main.c:226:16: warning: variable 'ledTaskHandle' set but not used [-Wunused-but-set-variable]
  226 |   osThreadId_t ledTaskHandle;
      |                ^~~~~~~~~~~~~
arm-none-eabi-gcc "C:/Users/oopav/KRP/KRP_HMI_02/CM7/Core/Src/stm32h7xx_hal_msp.c" -mcpu=cortex-m7 -std=gnu11 -g3 -DDEBUG -DCORE_CM7 -DUSE_HAL_DRIVER -DUSE_BPP=24 -DSTM32H747xx -DUSE_PWR_DIRECT_SMPS_SUPPLY -c -I../../../CM7/Core/Inc -I../../../CM7/TouchGFX/App -I../../../CM7/TouchGFX/target/generated -I../../../CM7/TouchGFX/target -I../../../Drivers/BSP/Components/Common -I../../../Drivers/BSP/STM32H747I-Discovery -I../../../Drivers/STM32H7xx_HAL_Driver/Inc -I../../../Drivers/STM32H7xx_HAL_Driver/Inc/Legacy -I../../../Middlewares/Third_Party/FreeRTOS/Source/include -I../../../Middlewares/Third_Party/FreeRTOS/Source/CMSIS_RTOS_V2 -I../../../Middlewares/Third_Party/FreeRTOS/Source/portable/GCC/ARM_CM4F -I../../../Drivers/CMSIS/Device/ST/STM32H7xx/Include -I../../../Drivers/CMSIS/Include -I../../../Drivers/BSP/Components -I../../../CM7/LIBJPEG/App -I../../../CM7/LIBJPEG/Target -I../../../Utilities/JPEG -I../../../Middlewares/Third_Party/LibJPEG/include -I../../CM7/../../CM7/Middlewares/ST/touchgfx/framework/include -I../../CM7/../../CM7/TouchGFX/generated/fonts/include -I../../CM7/../../CM7/TouchGFX/generated/gui_generated/include -I../../CM7/../../CM7/TouchGFX/generated/images/include -I../../CM7/../../CM7/TouchGFX/generated/texts/include -I../../CM7/../../CM7/TouchGFX/generated/videos/include -I../../CM7/../../CM7/TouchGFX/gui/include -I../../../CM7/USB_DEVICE/App -I../../../CM7/USB_DEVICE/Target -I../../../Middlewares/ST/STM32_USB_Device_Library/Core/Inc -I../../../Middlewares/ST/STM32_USB_Device_Library/Class/CDC/Inc -Os -ffunction-sections -fdata-sections -Wall -fstack-usage -fcyclomatic-complexity -MMD -MP -MF"Application/User/Core/stm32h7xx_hal_msp.d" -MT"Application/User/Core/stm32h7xx_hal_msp.o" --specs=nano.specs -mfpu=fpv5-d16 -mfloat-abi=hard -mthumb -o "Application/User/Core/stm32h7xx_hal_msp.o"
arm-none-eabi-gcc "C:/Users/oopav/KRP/KRP_HMI_02/CM7/Core/Src/stm32h7xx_hal_timebase_tim.c" -mcpu=cortex-m7 -std=gnu11 -g3 -DDEBUG -DCORE_CM7 -DUSE_HAL_DRIVER -DUSE_BPP=24 -DSTM32H747xx -DUSE_PWR_DIRECT_SMPS_SUPPLY -c -I../../../CM7/Core/Inc -I../../../CM7/TouchGFX/App -I../../../CM7/TouchGFX/target/generated -I../../../CM7/TouchGFX/target -I../../../Drivers/BSP/Components/Common -I../../../Drivers/BSP/STM32H747I-Discovery -I../../../Drivers/STM32H7xx_HAL_Driver/Inc -I../../../Drivers/STM32H7xx_HAL_Driver/Inc/Legacy -I../../../Middlewares/Third_Party/FreeRTOS/Source/include -I../../../Middlewares/Third_Party/FreeRTOS/Source/CMSIS_RTOS_V2 -I../../../Middlewares/Third_Party/FreeRTOS/Source/portable/GCC/ARM_CM4F -I../../../Drivers/CMSIS/Device/ST/STM32H7xx/Include -I../../../Drivers/CMSIS/Include -I../../../Drivers/BSP/Components -I../../../CM7/LIBJPEG/App -I../../../CM7/LIBJPEG/Target -I../../../Utilities/JPEG -I../../../Middlewares/Third_Party/LibJPEG/include -I../../CM7/../../CM7/Middlewares/ST/touchgfx/framework/include -I../../CM7/../../CM7/TouchGFX/generated/fonts/include -I../../CM7/../../CM7/TouchGFX/generated/gui_generated/include -I../../CM7/../../CM7/TouchGFX/generated/images/include -I../../CM7/../../CM7/TouchGFX/generated/texts/include -I../../CM7/../../CM7/TouchGFX/generated/videos/include -I../../CM7/../../CM7/TouchGFX/gui/include -I../../../CM7/USB_DEVICE/App -I../../../CM7/USB_DEVICE/Target -I../../../Middlewares/ST/STM32_USB_Device_Library/Core/Inc -I../../../Middlewares/ST/STM32_USB_Device_Library/Class/CDC/Inc -Os -ffunction-sections -fdata-sections -Wall -fstack-usage -fcyclomatic-complexity -MMD -MP -MF"Application/User/Core/stm32h7xx_hal_timebase_tim.d" -MT"Application/User/Core/stm32h7xx_hal_timebase_tim.o" --specs=nano.specs -mfpu=fpv5-d16 -mfloat-abi=hard -mthumb -o "Application/User/Core/stm32h7xx_hal_timebase_tim.o"
arm-none-eabi-gcc "C:/Users/oopav/KRP/KRP_HMI_02/CM7/Core/Src/stm32h7xx_it.c" -mcpu=cortex-m7 -std=gnu11 -g3 -DDEBUG -DCORE_CM7 -DUSE_HAL_DRIVER -DUSE_BPP=24 -DSTM32H747xx -DUSE_PWR_DIRECT_SMPS_SUPPLY -c -I../../../CM7/Core/Inc -I../../../CM7/TouchGFX/App -I../../../CM7/TouchGFX/target/generated -I../../../CM7/TouchGFX/target -I../../../Drivers/BSP/Components/Common -I../../../Drivers/BSP/STM32H747I-Discovery -I../../../Drivers/STM32H7xx_HAL_Driver/Inc -I../../../Drivers/STM32H7xx_HAL_Driver/Inc/Legacy -I../../../Middlewares/Third_Party/FreeRTOS/Source/include -I../../../Middlewares/Third_Party/FreeRTOS/Source/CMSIS_RTOS_V2 -I../../../Middlewares/Third_Party/FreeRTOS/Source/portable/GCC/ARM_CM4F -I../../../Drivers/CMSIS/Device/ST/STM32H7xx/Include -I../../../Drivers/CMSIS/Include -I../../../Drivers/BSP/Components -I../../../CM7/LIBJPEG/App -I../../../CM7/LIBJPEG/Target -I../../../Utilities/JPEG -I../../../Middlewares/Third_Party/LibJPEG/include -I../../CM7/../../CM7/Middlewares/ST/touchgfx/framework/include -I../../CM7/../../CM7/TouchGFX/generated/fonts/include -I../../CM7/../../CM7/TouchGFX/generated/gui_generated/include -I../../CM7/../../CM7/TouchGFX/generated/images/include -I../../CM7/../../CM7/TouchGFX/generated/texts/include -I../../CM7/../../CM7/TouchGFX/generated/videos/include -I../../CM7/../../CM7/TouchGFX/gui/include -I../../../CM7/USB_DEVICE/App -I../../../CM7/USB_DEVICE/Target -I../../../Middlewares/ST/STM32_USB_Device_Library/Core/Inc -I../../../Middlewares/ST/STM32_USB_Device_Library/Class/CDC/Inc -Os -ffunction-sections -fdata-sections -Wall -fstack-usage -fcyclomatic-complexity -MMD -MP -MF"Application/User/Core/stm32h7xx_it.d" -MT"Application/User/Core/stm32h7xx_it.o" --specs=nano.specs -mfpu=fpv5-d16 -mfloat-abi=hard -mthumb -o "Application/User/Core/stm32h7xx_it.o"
arm-none-eabi-gcc "../Application/User/Core/syscalls.c" -mcpu=cortex-m7 -std=gnu11 -g3 -DDEBUG -DCORE_CM7 -DUSE_HAL_DRIVER -DUSE_BPP=24 -DSTM32H747xx -DUSE_PWR_DIRECT_SMPS_SUPPLY -c -I../../../CM7/Core/Inc -I../../../CM7/TouchGFX/App -I../../../CM7/TouchGFX/target/generated -I../../../CM7/TouchGFX/target -I../../../Drivers/BSP/Components/Common -I../../../Drivers/BSP/STM32H747I-Discovery -I../../../Drivers/STM32H7xx_HAL_Driver/Inc -I../../../Drivers/STM32H7xx_HAL_Driver/Inc/Legacy -I../../../Middlewares/Third_Party/FreeRTOS/Source/include -I../../../Middlewares/Third_Party/FreeRTOS/Source/CMSIS_RTOS_V2 -I../../../Middlewares/Third_Party/FreeRTOS/Source/portable/GCC/ARM_CM4F -I../../../Drivers/CMSIS/Device/ST/STM32H7xx/Include -I../../../Drivers/CMSIS/Include -I../../../Drivers/BSP/Components -I../../../CM7/LIBJPEG/App -I../../../CM7/LIBJPEG/Target -I../../../Utilities/JPEG -I../../../Middlewares/Third_Party/LibJPEG/include -I../../CM7/../../CM7/Middlewares/ST/touchgfx/framework/include -I../../CM7/../../CM7/TouchGFX/generated/fonts/include -I../../CM7/../../CM7/TouchGFX/generated/gui_generated/include -I../../CM7/../../CM7/TouchGFX/generated/images/include -I../../CM7/../../CM7/TouchGFX/generated/texts/include -I../../CM7/../../CM7/TouchGFX/generated/videos/include -I../../CM7/../../CM7/TouchGFX/gui/include -I../../../CM7/USB_DEVICE/App -I../../../CM7/USB_DEVICE/Target -I../../../Middlewares/ST/STM32_USB_Device_Library/Core/Inc -I../../../Middlewares/ST/STM32_USB_Device_Library/Class/CDC/Inc -Os -ffunction-sections -fdata-sections -Wall -fstack-usage -fcyclomatic-complexity -MMD -MP -MF"Application/User/Core/syscalls.d" -MT"Application/User/Core/syscalls.o" --specs=nano.specs -mfpu=fpv5-d16 -mfloat-abi=hard -mthumb -o "Application/User/Core/syscalls.o"
arm-none-eabi-gcc "../Application/User/Core/sysmem.c" -mcpu=cortex-m7 -std=gnu11 -g3 -DDEBUG -DCORE_CM7 -DUSE_HAL_DRIVER -DUSE_BPP=24 -DSTM32H747xx -DUSE_PWR_DIRECT_SMPS_SUPPLY -c -I../../../CM7/Core/Inc -I../../../CM7/TouchGFX/App -I../../../CM7/TouchGFX/target/generated -I../../../CM7/TouchGFX/target -I../../../Drivers/BSP/Components/Common -I../../../Drivers/BSP/STM32H747I-Discovery -I../../../Drivers/STM32H7xx_HAL_Driver/Inc -I../../../Drivers/STM32H7xx_HAL_Driver/Inc/Legacy -I../../../Middlewares/Third_Party/FreeRTOS/Source/include -I../../../Middlewares/Third_Party/FreeRTOS/Source/CMSIS_RTOS_V2 -I../../../Middlewares/Third_Party/FreeRTOS/Source/portable/GCC/ARM_CM4F -I../../../Drivers/CMSIS/Device/ST/STM32H7xx/Include -I../../../Drivers/CMSIS/Include -I../../../Drivers/BSP/Components -I../../../CM7/LIBJPEG/App -I../../../CM7/LIBJPEG/Target -I../../../Utilities/JPEG -I../../../Middlewares/Third_Party/LibJPEG/include -I../../CM7/../../CM7/Middlewares/ST/touchgfx/framework/include -I../../CM7/../../CM7/TouchGFX/generated/fonts/include -I../../CM7/../../CM7/TouchGFX/generated/gui_generated/include -I../../CM7/../../CM7/TouchGFX/generated/images/include -I../../CM7/../../CM7/TouchGFX/generated/texts/include -I../../CM7/../../CM7/TouchGFX/generated/videos/include -I../../CM7/../../CM7/TouchGFX/gui/include -I../../../CM7/USB_DEVICE/App -I../../../CM7/USB_DEVICE/Target -I../../../Middlewares/ST/STM32_USB_Device_Library/Core/Inc -I../../../Middlewares/ST/STM32_USB_Device_Library/Class/CDC/Inc -Os -ffunction-sections -fdata-sections -Wall -fstack-usage -fcyclomatic-complexity -MMD -MP -MF"Application/User/Core/sysmem.d" -MT"Application/User/Core/sysmem.o" --specs=nano.specs -mfpu=fpv5-d16 -mfloat-abi=hard -mthumb -o "Application/User/Core/sysmem.o"
arm-none-eabi-g++ -o "STM32H747I-DISCO_CM7.elf" @"objects.list"  -l:libtouchgfx-float-abi-hard.a -mcpu=cortex-m7 -T"C:\Users\oopav\KRP\KRP_HMI_02\STM32CubeIDE\CM7\STM32H747XIHX_FLASH.ld" --specs=nosys.specs -Wl,-Map="STM32H747I-DISCO_CM7.map" -Wl,--gc-sections -static -L../../../CM7/Middlewares/ST/touchgfx/lib/core/cortex_m7/gcc --specs=nano.specs -mfpu=fpv5-d16 -mfloat-abi=hard -mthumb -Wl,--start-group -lc -lm -lstdc++ -lsupc++ -Wl,--end-group
Finished building target: STM32H747I-DISCO_CM7.elf
 
arm-none-eabi-size  STM32H747I-DISCO_CM7.elf 
   text	   data	    bss	    dec	    hex	filename
2051974	  39224	2429800	4520998	 44fc26	STM32H747I-DISCO_CM7.elf
Finished building: default.size.stdout
 
arm-none-eabi-objdump -h -S STM32H747I-DISCO_CM7.elf  > "STM32H747I-DISCO_CM7.list"
Finished building: STM32H747I-DISCO_CM7.list
 
arm-none-eabi-objcopy  -O ihex STM32H747I-DISCO_CM7.elf  "STM32H747I-DISCO_CM7.hex"
Finished building: STM32H747I-DISCO_CM7.hex
 
22:16:59 **** Incremental Build of configuration Debug for project STM32H747I-DISCO_CM7 ****
make all 
arm-none-eabi-size  STM32H747I-DISCO_CM7.elf 
   text	   data	    bss	    dec	    hex	filename
2051974	  39224	2429800	4520998	 44fc26	STM32H747I-DISCO_CM7.elf
Finished building: default.size.stdout
 
