16:17:24 **** Incremental Build of configuration Debug for project PKR_Ex_1 ****
make -j8 all 
arm-none-eabi-gcc "../Core/Src/app_threadx.c" -mcpu=cortex-m7 -std=gnu11 -g3 -DDEBUG -DUSE_PWR_LDO_SUPPLY -DUSE_NUCLEO_64 -DUSE_HAL_DRIVER -DSTM32H753xx -DTX_INCLUDE_USER_DEFINE_FILE -c -I../Core/Inc -I../Drivers/STM32H7xx_HAL_Driver/Inc -I../Drivers/STM32H7xx_HAL_Driver/Inc/Legacy -I../Drivers/BSP/STM32H7xx_Nucleo -I../Drivers/CMSIS/Device/ST/STM32H7xx/Include -I../Drivers/CMSIS/Include -I../AZURE_RTOS/App -I../Middlewares/ST/threadx/common/inc/ -I../Middlewares/ST/threadx/ports/cortex_m7/gnu/inc/ -I../Middlewares/ST/threadx/utility/low_power/ -O0 -ffunction-sections -fdata-sections -Wall -fstack-usage -fcyclomatic-complexity -MMD -MP -MF"Core/Src/app_threadx.d" -MT"Core/Src/app_threadx.o" --specs=nano.specs -mfpu=fpv5-d16 -mfloat-abi=hard -mthumb -o "Core/Src/app_threadx.o"
arm-none-eabi-g++ -o "PKR_Ex_1.elf" @"objects.list"   -mcpu=cortex-m7 -T"C:\Users\oopav\PSR\Cvika\PKR_Ex_1\STM32H753ZITX_FLASH.ld" --specs=nosys.specs -Wl,-Map="PKR_Ex_1.map" -Wl,--gc-sections -static --specs=nano.specs -mfpu=fpv5-d16 -mfloat-abi=hard -mthumb -Wl,--start-group -lc -lm -lstdc++ -lsupc++ -Wl,--end-group
Finished building target: PKR_Ex_1.elf
 
arm-none-eabi-size  PKR_Ex_1.elf 
arm-none-eabi-objdump -h -S PKR_Ex_1.elf  > "PKR_Ex_1.list"
   text	   data	    bss	    dec	    hex	filename
  40312	    140	  73556	 114008	  1bd58	PKR_Ex_1.elf
Finished building: default.size.stdout
 
Finished building: PKR_Ex_1.list
 

16:17:26 Build Finished. 0 errors, 0 warnings. (took 2s.40ms)

